******************************************************************************
                  TI ARM Linker PC v16.9.4                     
******************************************************************************
>> Linked Fri Aug 17 16:45:56 2018

OUTPUT FILE NAME:   <simple_peripheral_cc2650lp_app.out>
ENTRY POINT SYMBOL: "ResetISR"  address: 00006685


MEMORY CONFIGURATION

         name            origin    length      used     unused   attr    fill
----------------------  --------  ---------  --------  --------  ----  --------
  FLASH                 00000000   0000f000  00008e3a  000061c6  R  X
  FLASH_LAST_PAGE       0001f000   00001000  00000058  00000fa8  R  X
  SRAM                  20000000   00004320  00002363  00001fbd  RW X


SEGMENT ALLOCATION MAP

run origin  load origin   length   init length attrs members
----------  ----------- ---------- ----------- ----- -------
00000000    00000000    00008e40   00008e40    r-x
  00000000    00000000    0000003c   0000003c    r-- .resetVecs
  0000003c    0000003c    000000c4   000000c4    r-x .text.1
  00000100    00000100    0000003c   0000003c    r-- .const:ti_sysbios_knl_Task_Object__PARAMS__C
  0000013c    0000013c    00000034   00000034    r-- .const:ti_sysbios_knl_Mailbox_Object__PARAMS__C
  00000170    00000170    00000030   00000030    r-- .const:ti_sysbios_family_arm_m3_Hwi_Object__PARAMS__C
  000001a0    000001a0    0000002c   0000002c    r-- .const:ti_sysbios_hal_Hwi_Object__PARAMS__C
  000001cc    000001cc    00000028   00000028    r-- .const:ti_sysbios_heaps_HeapMem_Module__FXNS__C
  000001f4    000001f4    00000028   00000028    r-- .const:ti_sysbios_knl_Swi_Object__PARAMS__C
  0000021c    0000021c    00000024   00000024    r-- .const:ti_sysbios_gates_GateHwi_Module__FXNS__C
  00000240    00000240    00000024   00000024    r-- .const:ti_sysbios_gates_GateMutex_Module__FXNS__C
  00000264    00000264    00000024   00000024    r-- .const:ti_sysbios_heaps_HeapMem_Object__PARAMS__C
  00000288    00000288    00000024   00000024    r-- .const:ti_sysbios_knl_Clock_Object__PARAMS__C
  000002ac    000002ac    00000024   00000024    r-- .const:ti_sysbios_knl_Semaphore_Object__PARAMS__C
  000002d0    000002d0    00000020   00000020    r-- .const:ti_sysbios_family_arm_m3_Hwi_Object__DESC__C
  000002f0    000002f0    00000020   00000020    r-- .const:ti_sysbios_gates_GateHwi_Object__DESC__C
  00000310    00000310    00000020   00000020    r-- .const:ti_sysbios_gates_GateMutex_Object__DESC__C
  00000330    00000330    00000020   00000020    r-- .const:ti_sysbios_hal_Hwi_Object__DESC__C
  00000350    00000350    00000020   00000020    r-- .const:ti_sysbios_heaps_HeapMem_Object__DESC__C
  00000370    00000370    00000020   00000020    r-- .const:ti_sysbios_knl_Clock_Object__DESC__C
  00000390    00000390    00000020   00000020    r-- .const:ti_sysbios_knl_Mailbox_Object__DESC__C
  000003b0    000003b0    00000020   00000020    r-- .const:ti_sysbios_knl_Queue_Object__DESC__C
  000003d0    000003d0    00000020   00000020    r-- .const:ti_sysbios_knl_Semaphore_Object__DESC__C
  000003f0    000003f0    00000020   00000020    r-- .const:ti_sysbios_knl_Swi_Object__DESC__C
  00000410    00000410    00000020   00000020    r-- .const:ti_sysbios_knl_Task_Object__DESC__C
  00000430    00000430    00000018   00000018    r-- .const:ti_sysbios_gates_GateHwi_Object__PARAMS__C
  00000448    00000448    00000018   00000018    r-- .const:ti_sysbios_gates_GateMutex_Object__PARAMS__C
  00000460    00000460    00000018   00000018    r-- .const:ti_sysbios_knl_Queue_Object__PARAMS__C
  00000478    00000478    00000008   00000008    r-- .const:ti_sysbios_knl_Idle_funcList__C
  00000480    00000480    00000004   00000004    r-x .text.2
  00000484    00000484    00000004   00000004    r-- .const:ti_sysbios_family_arm_cc26xx_Timer_startupNeeded__C
  00000488    00000488    00000004   00000004    r-- .const:ti_sysbios_family_arm_m3_Hwi_E_alreadyDefined__C
  0000048c    0000048c    00000004   00000004    r-- .const:ti_sysbios_family_arm_m3_Hwi_E_hwiLimitExceeded__C
  00000490    00000490    00000004   00000004    r-- .const:ti_sysbios_family_arm_m3_Hwi_NUM_INTERRUPTS__C
  00000494    00000494    00000004   00000004    r-- .const:ti_sysbios_family_arm_m3_Hwi_Object__count__C
  00000498    00000498    00000004   00000004    r-- .const:ti_sysbios_family_arm_m3_Hwi_Object__table__C
  0000049c    0000049c    00000004   00000004    r-- .const:ti_sysbios_family_arm_m3_Hwi_ccr__C
  000004a0    000004a0    00000004   00000004    r-- .const:ti_sysbios_family_arm_m3_Hwi_excHandlerFunc__C
  000004a4    000004a4    00000004   00000004    r-- .const:ti_sysbios_family_arm_m3_Hwi_nullIsrFunc__C
  000004a8    000004a8    00000004   00000004    r-- .const:ti_sysbios_family_arm_m3_Hwi_numSparseInterrupts__C
  000004ac    000004ac    00000004   00000004    r-- .const:ti_sysbios_family_arm_m3_Hwi_priGroup__C
  000004b0    000004b0    00000004   00000004    r-- .const:ti_sysbios_family_arm_m3_TaskSupport_stackAlignment__C
  000004b4    000004b4    00000004   00000004    r-- .const:ti_sysbios_heaps_HeapMem_E_memory__C
  000004b8    000004b8    00000004   00000004    r-- .const:ti_sysbios_heaps_HeapMem_Module__gateObj__C
  000004bc    000004bc    00000004   00000004    r-- .const:ti_sysbios_heaps_HeapMem_Object__count__C
  000004c0    000004c0    00000004   00000004    r-- .const:ti_sysbios_heaps_HeapMem_Object__table__C
  000004c4    000004c4    00000004   00000004    r-- .const:ti_sysbios_heaps_HeapMem_reqAlign__C
  000004c8    000004c8    00000004   00000004    r-- .const:ti_sysbios_knl_Clock_serviceMargin__C
  000004cc    000004cc    00000004   00000004    r-- .const:ti_sysbios_knl_Mailbox_Object__count__C
  000004d0    000004d0    00000004   00000004    r-- .const:ti_sysbios_knl_Mailbox_Object__table__C
  000004d4    000004d4    00000004   00000004    r-- .const:ti_sysbios_knl_Queue_Object__count__C
  000004d8    000004d8    00000004   00000004    r-- .const:ti_sysbios_knl_Queue_Object__table__C
  000004dc    000004dc    00000004   00000004    r-- .const:ti_sysbios_knl_Swi_Object__count__C
  000004e0    000004e0    00000004   00000004    r-- .const:ti_sysbios_knl_Swi_Object__table__C
  000004e4    000004e4    00000004   00000004    r-- .const:ti_sysbios_knl_Swi_numPriorities__C
  000004e8    000004e8    00000004   00000004    r-- .const:ti_sysbios_knl_Task_Object__count__C
  000004ec    000004ec    00000004   00000004    r-- .const:ti_sysbios_knl_Task_Object__table__C
  000004f0    000004f0    00000004   00000004    r-- .const:ti_sysbios_knl_Task_allBlockedFunc__C
  000004f4    000004f4    00000004   00000004    r-- .const:ti_sysbios_knl_Task_defaultStackHeap__C
  000004f8    000004f8    00000004   00000004    r-- .const:ti_sysbios_knl_Task_defaultStackSize__C
  000004fc    000004fc    00000004   00000004    r-- .const:ti_sysbios_knl_Task_numConstructedTasks__C
  00000500    00000500    00000002   00000002    r-x .text.3
  00000502    00000502    00000002   00000002    r-- .const:ti_sysbios_family_arm_cc26xx_Timer_Module__id__C
  00000504    00000504    00000002   00000002    r-- .const:ti_sysbios_family_arm_cc26xx_TimestampProvider_useClockTimer__C
  00000506    00000506    00000002   00000002    r-- .const:ti_sysbios_family_arm_m3_Hwi_Module__id__C
  00000508    00000508    00000002   00000002    r-- .const:ti_sysbios_gates_GateHwi_Module__id__C
  0000050a    0000050a    00000002   00000002    r-- .const:ti_sysbios_gates_GateMutex_Module__id__C
  0000050c    0000050c    00000002   00000002    r-- .const:ti_sysbios_heaps_HeapMem_Module__id__C
  0000050e    0000050e    00000002   00000002    r-- .const:ti_sysbios_knl_Task_initStackFlag__C
  00000510    00000510    00000001   00000001    r-- .const:ti_sysbios_knl_Clock_tickMode__C
  00000514    00000514    00000008   00000008    r-- .const:xdc_runtime_Startup_firstFxns__C
  0000051c    0000051c    00000008   00000008    r-- .const:xdc_runtime_Startup_lastFxns__C
  00000524    00000524    00000004   00000004    r-- .const:xdc_runtime_Assert_E_assertFailed__C
  00000528    00000528    00000004   00000004    r-- .const:xdc_runtime_Error_E_memory__C
  0000052c    0000052c    00000004   00000004    r-- .const:xdc_runtime_Error_policyFxn__C
  00000530    00000530    00000004   00000004    r-- .const:xdc_runtime_IGateProvider_Interface__BASE__C
  00000534    00000534    00000004   00000004    r-- .const:xdc_runtime_IHeap_Interface__BASE__C
  00000538    00000538    00000004   00000004    r-- .const:xdc_runtime_IModule_Interface__BASE__C
  0000053c    0000053c    00000004   00000004    r-- .const:xdc_runtime_Main_Module__diagsEnabled__C
  00000540    00000540    00000004   00000004    r-- .const:xdc_runtime_Main_Module__diagsIncluded__C
  00000544    00000544    00000004   00000004    r-- .const:xdc_runtime_Main_Module__diagsMask__C
  00000548    00000548    00000004   00000004    r-- .const:xdc_runtime_Memory_defaultHeapInstance__C
  0000054c    0000054c    00000004   00000004    r-- .const:xdc_runtime_Startup_execImpl__C
  00000550    00000550    00000004   00000004    r-- .const:xdc_runtime_Startup_maxPasses__C
  00000554    00000554    00000004   00000004    r-- .const:xdc_runtime_Startup_sfxnRts__C
  00000558    00000558    00000004   00000004    r-- .const:xdc_runtime_Startup_sfxnTab__C
  0000055c    0000055c    00000004   00000004    r-- .const:xdc_runtime_Startup_startModsFxn__C
  00000560    00000560    00000004   00000004    r-- .const:xdc_runtime_SysCallback_abortFxn__C
  00000564    00000564    00000004   00000004    r-- .const:xdc_runtime_SysCallback_exitFxn__C
  00000568    00000568    00000004   00000004    r-- .const:xdc_runtime_System_abortFxn__C
  0000056c    0000056c    00000004   00000004    r-- .const:xdc_runtime_System_exitFxn__C
  00000570    00000570    00000004   00000004    r-- .const:xdc_runtime_System_maxAtexitHandlers__C
  00000574    00000574    00000004   00000004    r-- .const:xdc_runtime_Text_charTab__C
  00000578    00000578    00000004   00000004    r-- .const:xdc_runtime_Text_nameEmpty__C
  0000057c    0000057c    00000004   00000004    r-- .const:xdc_runtime_Text_nameStatic__C
  00000580    00000580    00000004   00000004    r-- .const:xdc_runtime_Text_nameUnknown__C
  00000584    00000584    00000002   00000002    r-- .const:xdc_runtime_Main_Module__id__C
  00000586    00000586    00000002   00000002    r-- .const:xdc_runtime_Memory_Module__id__C
  00000588    00000588    00000002   00000002    r-- .const:xdc_runtime_Text_charCnt__C
  0000058a    0000058a    00000002   00000002    r-- .const:xdc_runtime_Text_isLoaded__C
  0000058c    0000058c    00000001   00000001    r-- .const:xdc_runtime_Error_policy__C
  00000590    00000590    00000004   00000004    r-- .const:ti_sysbios_rom_ROM_AONRTCChannelEnable
  00000594    00000594    00000004   00000004    r-- .const:ti_sysbios_rom_ROM_AONRTCCompareValueSet
  00000598    00000598    00000004   00000004    r-- .const:ti_sysbios_rom_ROM_AONRTCCurrentCompareValueGet
  0000059c    0000059c    00000004   00000004    r-- .const:ti_sysbios_rom_ROM_AONRTCEventClear
  000005a0    000005a0    00000004   00000004    r-- .const:ti_sysbios_rom_ROM_ti_sysbios_family_arm_cc26xx_Timer_getCount64__E
  000005a4    000005a4    00000004   00000004    r-- .const:ti_sysbios_rom_ROM_ti_sysbios_family_arm_cc26xx_Timer_getCurrentTick__E
  000005a8    000005a8    00000004   00000004    r-- .const:ti_sysbios_rom_ROM_ti_sysbios_family_arm_cc26xx_Timer_getMaxTicks__E
  000005ac    000005ac    00000004   00000004    r-- .const:ti_sysbios_rom_ROM_ti_sysbios_family_arm_cc26xx_Timer_initDevice__I
  000005b0    000005b0    00000004   00000004    r-- .const:ti_sysbios_rom_ROM_ti_sysbios_family_arm_cc26xx_Timer_setNextTick__E
  000005b4    000005b4    00000004   00000004    r-- .const:ti_sysbios_rom_ROM_ti_sysbios_family_arm_cc26xx_Timer_setThreshold__I
  000005b8    000005b8    00000004   00000004    r-- .const:ti_sysbios_rom_ROM_ti_sysbios_family_arm_cc26xx_Timer_start__E
  000005bc    000005bc    00000004   00000004    r-- .const:ti_sysbios_rom_ROM_ti_sysbios_family_arm_cc26xx_TimestampProvider_get32__E
  000005c0    000005c0    00000004   00000004    r-- .const:ti_sysbios_rom_ROM_xdc_runtime_Startup_getState__I
  000005c4    000005c4    00000004   00000004    r-- .const:ti_sysbios_rom_ROM_xdc_runtime_System_SupportProxy_abort__E
  000005c8    000005c8    00000004   00000004    r-- .const:ti_sysbios_rom_ROM_xdc_runtime_System_SupportProxy_exit__E
  000005cc    000005cc    00000004   00000004    r-- .const:ti_sysbios_gates_GateMutex_Instance_State_sem__O
  000005d0    000005d0    00000004   00000004    r-- .const:ti_sysbios_knl_Clock_Module_State_clockQ__O
  000005d4    000005d4    00000004   00000004    r-- .const:ti_sysbios_knl_Mailbox_Instance_State_dataQue__O
  000005d8    000005d8    00000004   00000004    r-- .const:ti_sysbios_knl_Mailbox_Instance_State_dataSem__O
  000005dc    000005dc    00000004   00000004    r-- .const:ti_sysbios_knl_Mailbox_Instance_State_freeQue__O
  000005e0    000005e0    00000004   00000004    r-- .const:ti_sysbios_knl_Mailbox_Instance_State_freeSem__O
  000005e4    000005e4    00000004   00000004    r-- .const:ti_sysbios_knl_Semaphore_Instance_State_pendQ__O
  000005e8    000005e8    00000004   00000004    r-- .const:ti_sysbios_knl_Task_Module_State_inactiveQ__O
  000005ec    000005ec    00007f64   00007f64    r-x .text.4
  00008550    00008550    00000440   00000440    r-- .const
  00008990    00008990    000004b0   000004b0    r-- .cinit
0001ffa8    0001ffa8    00000058   00000058    r--
  0001ffa8    0001ffa8    00000058   00000058    r-- .ccfg
20000100    20000100    00001e9f   00000000    rw-
  20000100    20000100    00000044   00000000    rw- .data:ti_sysbios_knl_Task_Module__state__V
  20000144    20000144    00000034   00000000    rw- .data:ti_sysbios_family_arm_m3_Hwi_Module__state__V
  20000178    20000178    0000002c   00000000    rw- .data:ti_sysbios_knl_Clock_Module__state__V
  200001a4    200001a4    00000024   00000000    rw- .data:ti_sysbios_BIOS_Module__state__V
  200001c8    200001c8    0000001c   00000000    rw- .data:ti_sysbios_knl_Swi_Module__state__V
  200001e4    200001e4    00000008   00000000    rw- .data:ti_sysbios_family_arm_cc26xx_Timer_Module__state__V
  200001ec    200001ec    00000004   00000000    rw- .data:ti_sysbios_family_arm_cc26xx_TimestampProvider_Module__state__V
  200001f0    200001f0    00000008   00000000    rw- .data:xdc_runtime_Startup_Module__state__V
  200001f8    200001f8    00000008   00000000    rw- .data:xdc_runtime_System_Module__state__V
  20000200    20000200    00000004   00000000    rw- .data:xdc_runtime_Memory_Module__state__V
  20000208    20000208    00001138   00000000    rw- .data
  20001340    20001340    00000c5f   00000000    rw- .bss
20003f20    20003f20    00000400   00000000    rw-
  20003f20    20003f20    00000400   00000000    rw- .stack


SECTION ALLOCATION MAP

 output                                  attributes/
section   page    origin      length       input sections
--------  ----  ----------  ----------   ----------------
.resetVecs 
*          0    00000000    0000003c     
                  00000000    0000003c     app_ble_pem3.oem3 (.resetVecs)

.text.1    0    0000003c    000000c4     
                  0000003c    000000bc     UARTCC26XX.obj (.text:UARTCC26XX_initHw$13)
                  000000f8    00000008     (.tramp.ti_sysbios_BIOS_getCpuFreq__E.1)

.const:ti_sysbios_knl_Task_Object__PARAMS__C 
*          0    00000100    0000003c     
                  00000100    0000003c     app_ble_pem3.oem3 (.const:ti_sysbios_knl_Task_Object__PARAMS__C)

.const:ti_sysbios_knl_Mailbox_Object__PARAMS__C 
*          0    0000013c    00000034     
                  0000013c    00000034     app_ble_pem3.oem3 (.const:ti_sysbios_knl_Mailbox_Object__PARAMS__C)

.const:ti_sysbios_family_arm_m3_Hwi_Object__PARAMS__C 
*          0    00000170    00000030     
                  00000170    00000030     app_ble_pem3.oem3 (.const:ti_sysbios_family_arm_m3_Hwi_Object__PARAMS__C)

.const:ti_sysbios_hal_Hwi_Object__PARAMS__C 
*          0    000001a0    0000002c     
                  000001a0    0000002c     app_ble_pem3.oem3 (.const:ti_sysbios_hal_Hwi_Object__PARAMS__C)

.const:ti_sysbios_heaps_HeapMem_Module__FXNS__C 
*          0    000001cc    00000028     
                  000001cc    00000028     app_ble_pem3.oem3 (.const:ti_sysbios_heaps_HeapMem_Module__FXNS__C)

.const:ti_sysbios_knl_Swi_Object__PARAMS__C 
*          0    000001f4    00000028     
                  000001f4    00000028     app_ble_pem3.oem3 (.const:ti_sysbios_knl_Swi_Object__PARAMS__C)

.const:ti_sysbios_gates_GateHwi_Module__FXNS__C 
*          0    0000021c    00000024     
                  0000021c    00000024     app_ble_pem3.oem3 (.const:ti_sysbios_gates_GateHwi_Module__FXNS__C)

.const:ti_sysbios_gates_GateMutex_Module__FXNS__C 
*          0    00000240    00000024     
                  00000240    00000024     app_ble_pem3.oem3 (.const:ti_sysbios_gates_GateMutex_Module__FXNS__C)

.const:ti_sysbios_heaps_HeapMem_Object__PARAMS__C 
*          0    00000264    00000024     
                  00000264    00000024     app_ble_pem3.oem3 (.const:ti_sysbios_heaps_HeapMem_Object__PARAMS__C)

.const:ti_sysbios_knl_Clock_Object__PARAMS__C 
*          0    00000288    00000024     
                  00000288    00000024     app_ble_pem3.oem3 (.const:ti_sysbios_knl_Clock_Object__PARAMS__C)

.const:ti_sysbios_knl_Semaphore_Object__PARAMS__C 
*          0    000002ac    00000024     
                  000002ac    00000024     app_ble_pem3.oem3 (.const:ti_sysbios_knl_Semaphore_Object__PARAMS__C)

.const:ti_sysbios_family_arm_m3_Hwi_Object__DESC__C 
*          0    000002d0    00000020     
                  000002d0    00000020     app_ble_pem3.oem3 (.const:ti_sysbios_family_arm_m3_Hwi_Object__DESC__C)

.const:ti_sysbios_gates_GateHwi_Object__DESC__C 
*          0    000002f0    00000020     
                  000002f0    00000020     app_ble_pem3.oem3 (.const:ti_sysbios_gates_GateHwi_Object__DESC__C)

.const:ti_sysbios_gates_GateMutex_Object__DESC__C 
*          0    00000310    00000020     
                  00000310    00000020     app_ble_pem3.oem3 (.const:ti_sysbios_gates_GateMutex_Object__DESC__C)

.const:ti_sysbios_hal_Hwi_Object__DESC__C 
*          0    00000330    00000020     
                  00000330    00000020     app_ble_pem3.oem3 (.const:ti_sysbios_hal_Hwi_Object__DESC__C)

.const:ti_sysbios_heaps_HeapMem_Object__DESC__C 
*          0    00000350    00000020     
                  00000350    00000020     app_ble_pem3.oem3 (.const:ti_sysbios_heaps_HeapMem_Object__DESC__C)

.const:ti_sysbios_knl_Clock_Object__DESC__C 
*          0    00000370    00000020     
                  00000370    00000020     app_ble_pem3.oem3 (.const:ti_sysbios_knl_Clock_Object__DESC__C)

.const:ti_sysbios_knl_Mailbox_Object__DESC__C 
*          0    00000390    00000020     
                  00000390    00000020     app_ble_pem3.oem3 (.const:ti_sysbios_knl_Mailbox_Object__DESC__C)

.const:ti_sysbios_knl_Queue_Object__DESC__C 
*          0    000003b0    00000020     
                  000003b0    00000020     app_ble_pem3.oem3 (.const:ti_sysbios_knl_Queue_Object__DESC__C)

.const:ti_sysbios_knl_Semaphore_Object__DESC__C 
*          0    000003d0    00000020     
                  000003d0    00000020     app_ble_pem3.oem3 (.const:ti_sysbios_knl_Semaphore_Object__DESC__C)

.const:ti_sysbios_knl_Swi_Object__DESC__C 
*          0    000003f0    00000020     
                  000003f0    00000020     app_ble_pem3.oem3 (.const:ti_sysbios_knl_Swi_Object__DESC__C)

.const:ti_sysbios_knl_Task_Object__DESC__C 
*          0    00000410    00000020     
                  00000410    00000020     app_ble_pem3.oem3 (.const:ti_sysbios_knl_Task_Object__DESC__C)

.const:ti_sysbios_gates_GateHwi_Object__PARAMS__C 
*          0    00000430    00000018     
                  00000430    00000018     app_ble_pem3.oem3 (.const:ti_sysbios_gates_GateHwi_Object__PARAMS__C)

.const:ti_sysbios_gates_GateMutex_Object__PARAMS__C 
*          0    00000448    00000018     
                  00000448    00000018     app_ble_pem3.oem3 (.const:ti_sysbios_gates_GateMutex_Object__PARAMS__C)

.const:ti_sysbios_knl_Queue_Object__PARAMS__C 
*          0    00000460    00000018     
                  00000460    00000018     app_ble_pem3.oem3 (.const:ti_sysbios_knl_Queue_Object__PARAMS__C)

.const:ti_sysbios_knl_Idle_funcList__C 
*          0    00000478    00000008     
                  00000478    00000008     app_ble_pem3.oem3 (.const:ti_sysbios_knl_Idle_funcList__C)

.text.2    0    00000480    00000004     
                  00000480    00000004     icall.obj (.text:ICall_primAbort$15)

.const:ti_sysbios_family_arm_cc26xx_Timer_startupNeeded__C 
*          0    00000484    00000004     
                  00000484    00000004     app_ble_pem3.oem3 (.const:ti_sysbios_family_arm_cc26xx_Timer_startupNeeded__C)

.const:ti_sysbios_family_arm_m3_Hwi_E_alreadyDefined__C 
*          0    00000488    00000004     
                  00000488    00000004     app_ble_pem3.oem3 (.const:ti_sysbios_family_arm_m3_Hwi_E_alreadyDefined__C)

.const:ti_sysbios_family_arm_m3_Hwi_E_hwiLimitExceeded__C 
*          0    0000048c    00000004     
                  0000048c    00000004     app_ble_pem3.oem3 (.const:ti_sysbios_family_arm_m3_Hwi_E_hwiLimitExceeded__C)

.const:ti_sysbios_family_arm_m3_Hwi_NUM_INTERRUPTS__C 
*          0    00000490    00000004     
                  00000490    00000004     app_ble_pem3.oem3 (.const:ti_sysbios_family_arm_m3_Hwi_NUM_INTERRUPTS__C)

.const:ti_sysbios_family_arm_m3_Hwi_Object__count__C 
*          0    00000494    00000004     
                  00000494    00000004     app_ble_pem3.oem3 (.const:ti_sysbios_family_arm_m3_Hwi_Object__count__C)

.const:ti_sysbios_family_arm_m3_Hwi_Object__table__C 
*          0    00000498    00000004     
                  00000498    00000004     app_ble_pem3.oem3 (.const:ti_sysbios_family_arm_m3_Hwi_Object__table__C)

.const:ti_sysbios_family_arm_m3_Hwi_ccr__C 
*          0    0000049c    00000004     
                  0000049c    00000004     app_ble_pem3.oem3 (.const:ti_sysbios_family_arm_m3_Hwi_ccr__C)

.const:ti_sysbios_family_arm_m3_Hwi_excHandlerFunc__C 
*          0    000004a0    00000004     
                  000004a0    00000004     app_ble_pem3.oem3 (.const:ti_sysbios_family_arm_m3_Hwi_excHandlerFunc__C)

.const:ti_sysbios_family_arm_m3_Hwi_nullIsrFunc__C 
*          0    000004a4    00000004     
                  000004a4    00000004     app_ble_pem3.oem3 (.const:ti_sysbios_family_arm_m3_Hwi_nullIsrFunc__C)

.const:ti_sysbios_family_arm_m3_Hwi_numSparseInterrupts__C 
*          0    000004a8    00000004     
                  000004a8    00000004     app_ble_pem3.oem3 (.const:ti_sysbios_family_arm_m3_Hwi_numSparseInterrupts__C)

.const:ti_sysbios_family_arm_m3_Hwi_priGroup__C 
*          0    000004ac    00000004     
                  000004ac    00000004     app_ble_pem3.oem3 (.const:ti_sysbios_family_arm_m3_Hwi_priGroup__C)

.const:ti_sysbios_family_arm_m3_TaskSupport_stackAlignment__C 
*          0    000004b0    00000004     
                  000004b0    00000004     app_ble_pem3.oem3 (.const:ti_sysbios_family_arm_m3_TaskSupport_stackAlignment__C)

.const:ti_sysbios_heaps_HeapMem_E_memory__C 
*          0    000004b4    00000004     
                  000004b4    00000004     app_ble_pem3.oem3 (.const:ti_sysbios_heaps_HeapMem_E_memory__C)

.const:ti_sysbios_heaps_HeapMem_Module__gateObj__C 
*          0    000004b8    00000004     
                  000004b8    00000004     app_ble_pem3.oem3 (.const:ti_sysbios_heaps_HeapMem_Module__gateObj__C)

.const:ti_sysbios_heaps_HeapMem_Object__count__C 
*          0    000004bc    00000004     
                  000004bc    00000004     app_ble_pem3.oem3 (.const:ti_sysbios_heaps_HeapMem_Object__count__C)

.const:ti_sysbios_heaps_HeapMem_Object__table__C 
*          0    000004c0    00000004     
                  000004c0    00000004     app_ble_pem3.oem3 (.const:ti_sysbios_heaps_HeapMem_Object__table__C)

.const:ti_sysbios_heaps_HeapMem_reqAlign__C 
*          0    000004c4    00000004     
                  000004c4    00000004     app_ble_pem3.oem3 (.const:ti_sysbios_heaps_HeapMem_reqAlign__C)

.const:ti_sysbios_knl_Clock_serviceMargin__C 
*          0    000004c8    00000004     
                  000004c8    00000004     app_ble_pem3.oem3 (.const:ti_sysbios_knl_Clock_serviceMargin__C)

.const:ti_sysbios_knl_Mailbox_Object__count__C 
*          0    000004cc    00000004     
                  000004cc    00000004     app_ble_pem3.oem3 (.const:ti_sysbios_knl_Mailbox_Object__count__C)

.const:ti_sysbios_knl_Mailbox_Object__table__C 
*          0    000004d0    00000004     
                  000004d0    00000004     app_ble_pem3.oem3 (.const:ti_sysbios_knl_Mailbox_Object__table__C)

.const:ti_sysbios_knl_Queue_Object__count__C 
*          0    000004d4    00000004     
                  000004d4    00000004     app_ble_pem3.oem3 (.const:ti_sysbios_knl_Queue_Object__count__C)

.const:ti_sysbios_knl_Queue_Object__table__C 
*          0    000004d8    00000004     
                  000004d8    00000004     app_ble_pem3.oem3 (.const:ti_sysbios_knl_Queue_Object__table__C)

.const:ti_sysbios_knl_Swi_Object__count__C 
*          0    000004dc    00000004     
                  000004dc    00000004     app_ble_pem3.oem3 (.const:ti_sysbios_knl_Swi_Object__count__C)

.const:ti_sysbios_knl_Swi_Object__table__C 
*          0    000004e0    00000004     
                  000004e0    00000004     app_ble_pem3.oem3 (.const:ti_sysbios_knl_Swi_Object__table__C)

.const:ti_sysbios_knl_Swi_numPriorities__C 
*          0    000004e4    00000004     
                  000004e4    00000004     app_ble_pem3.oem3 (.const:ti_sysbios_knl_Swi_numPriorities__C)

.const:ti_sysbios_knl_Task_Object__count__C 
*          0    000004e8    00000004     
                  000004e8    00000004     app_ble_pem3.oem3 (.const:ti_sysbios_knl_Task_Object__count__C)

.const:ti_sysbios_knl_Task_Object__table__C 
*          0    000004ec    00000004     
                  000004ec    00000004     app_ble_pem3.oem3 (.const:ti_sysbios_knl_Task_Object__table__C)

.const:ti_sysbios_knl_Task_allBlockedFunc__C 
*          0    000004f0    00000004     
                  000004f0    00000004     app_ble_pem3.oem3 (.const:ti_sysbios_knl_Task_allBlockedFunc__C)

.const:ti_sysbios_knl_Task_defaultStackHeap__C 
*          0    000004f4    00000004     
                  000004f4    00000004     app_ble_pem3.oem3 (.const:ti_sysbios_knl_Task_defaultStackHeap__C)

.const:ti_sysbios_knl_Task_defaultStackSize__C 
*          0    000004f8    00000004     
                  000004f8    00000004     app_ble_pem3.oem3 (.const:ti_sysbios_knl_Task_defaultStackSize__C)

.const:ti_sysbios_knl_Task_numConstructedTasks__C 
*          0    000004fc    00000004     
                  000004fc    00000004     app_ble_pem3.oem3 (.const:ti_sysbios_knl_Task_numConstructedTasks__C)

.text.3    0    00000500    00000002     
                  00000500    00000002     ble_user_config.obj (.text:DefaultAssertCback)

.const:ti_sysbios_family_arm_cc26xx_Timer_Module__id__C 
*          0    00000502    00000002     
                  00000502    00000002     app_ble_pem3.oem3 (.const:ti_sysbios_family_arm_cc26xx_Timer_Module__id__C)

.const:ti_sysbios_family_arm_cc26xx_TimestampProvider_useClockTimer__C 
*          0    00000504    00000002     
                  00000504    00000002     app_ble_pem3.oem3 (.const:ti_sysbios_family_arm_cc26xx_TimestampProvider_useClockTimer__C)

.const:ti_sysbios_family_arm_m3_Hwi_Module__id__C 
*          0    00000506    00000002     
                  00000506    00000002     app_ble_pem3.oem3 (.const:ti_sysbios_family_arm_m3_Hwi_Module__id__C)

.const:ti_sysbios_gates_GateHwi_Module__id__C 
*          0    00000508    00000002     
                  00000508    00000002     app_ble_pem3.oem3 (.const:ti_sysbios_gates_GateHwi_Module__id__C)

.const:ti_sysbios_gates_GateMutex_Module__id__C 
*          0    0000050a    00000002     
                  0000050a    00000002     app_ble_pem3.oem3 (.const:ti_sysbios_gates_GateMutex_Module__id__C)

.const:ti_sysbios_heaps_HeapMem_Module__id__C 
*          0    0000050c    00000002     
                  0000050c    00000002     app_ble_pem3.oem3 (.const:ti_sysbios_heaps_HeapMem_Module__id__C)

.const:ti_sysbios_knl_Task_initStackFlag__C 
*          0    0000050e    00000002     
                  0000050e    00000002     app_ble_pem3.oem3 (.const:ti_sysbios_knl_Task_initStackFlag__C)

.const:ti_sysbios_knl_Clock_tickMode__C 
*          0    00000510    00000001     
                  00000510    00000001     app_ble_pem3.oem3 (.const:ti_sysbios_knl_Clock_tickMode__C)

.const:xdc_runtime_Startup_firstFxns__C 
*          0    00000514    00000008     
                  00000514    00000008     app_ble_pem3.oem3 (.const:xdc_runtime_Startup_firstFxns__C)

.const:xdc_runtime_Startup_lastFxns__C 
*          0    0000051c    00000008     
                  0000051c    00000008     app_ble_pem3.oem3 (.const:xdc_runtime_Startup_lastFxns__C)

.const:xdc_runtime_Assert_E_assertFailed__C 
*          0    00000524    00000004     
                  00000524    00000004     app_ble_pem3.oem3 (.const:xdc_runtime_Assert_E_assertFailed__C)

.const:xdc_runtime_Error_E_memory__C 
*          0    00000528    00000004     
                  00000528    00000004     app_ble_pem3.oem3 (.const:xdc_runtime_Error_E_memory__C)

.const:xdc_runtime_Error_policyFxn__C 
*          0    0000052c    00000004     
                  0000052c    00000004     app_ble_pem3.oem3 (.const:xdc_runtime_Error_policyFxn__C)

.const:xdc_runtime_IGateProvider_Interface__BASE__C 
*          0    00000530    00000004     
                  00000530    00000004     app_ble_pem3.oem3 (.const:xdc_runtime_IGateProvider_Interface__BASE__C)

.const:xdc_runtime_IHeap_Interface__BASE__C 
*          0    00000534    00000004     
                  00000534    00000004     app_ble_pem3.oem3 (.const:xdc_runtime_IHeap_Interface__BASE__C)

.const:xdc_runtime_IModule_Interface__BASE__C 
*          0    00000538    00000004     
                  00000538    00000004     app_ble_pem3.oem3 (.const:xdc_runtime_IModule_Interface__BASE__C)

.const:xdc_runtime_Main_Module__diagsEnabled__C 
*          0    0000053c    00000004     
                  0000053c    00000004     app_ble_pem3.oem3 (.const:xdc_runtime_Main_Module__diagsEnabled__C)

.const:xdc_runtime_Main_Module__diagsIncluded__C 
*          0    00000540    00000004     
                  00000540    00000004     app_ble_pem3.oem3 (.const:xdc_runtime_Main_Module__diagsIncluded__C)

.const:xdc_runtime_Main_Module__diagsMask__C 
*          0    00000544    00000004     
                  00000544    00000004     app_ble_pem3.oem3 (.const:xdc_runtime_Main_Module__diagsMask__C)

.const:xdc_runtime_Memory_defaultHeapInstance__C 
*          0    00000548    00000004     
                  00000548    00000004     app_ble_pem3.oem3 (.const:xdc_runtime_Memory_defaultHeapInstance__C)

.const:xdc_runtime_Startup_execImpl__C 
*          0    0000054c    00000004     
                  0000054c    00000004     app_ble_pem3.oem3 (.const:xdc_runtime_Startup_execImpl__C)

.const:xdc_runtime_Startup_maxPasses__C 
*          0    00000550    00000004     
                  00000550    00000004     app_ble_pem3.oem3 (.const:xdc_runtime_Startup_maxPasses__C)

.const:xdc_runtime_Startup_sfxnRts__C 
*          0    00000554    00000004     
                  00000554    00000004     app_ble_pem3.oem3 (.const:xdc_runtime_Startup_sfxnRts__C)

.const:xdc_runtime_Startup_sfxnTab__C 
*          0    00000558    00000004     
                  00000558    00000004     app_ble_pem3.oem3 (.const:xdc_runtime_Startup_sfxnTab__C)

.const:xdc_runtime_Startup_startModsFxn__C 
*          0    0000055c    00000004     
                  0000055c    00000004     app_ble_pem3.oem3 (.const:xdc_runtime_Startup_startModsFxn__C)

.const:xdc_runtime_SysCallback_abortFxn__C 
*          0    00000560    00000004     
                  00000560    00000004     app_ble_pem3.oem3 (.const:xdc_runtime_SysCallback_abortFxn__C)

.const:xdc_runtime_SysCallback_exitFxn__C 
*          0    00000564    00000004     
                  00000564    00000004     app_ble_pem3.oem3 (.const:xdc_runtime_SysCallback_exitFxn__C)

.const:xdc_runtime_System_abortFxn__C 
*          0    00000568    00000004     
                  00000568    00000004     app_ble_pem3.oem3 (.const:xdc_runtime_System_abortFxn__C)

.const:xdc_runtime_System_exitFxn__C 
*          0    0000056c    00000004     
                  0000056c    00000004     app_ble_pem3.oem3 (.const:xdc_runtime_System_exitFxn__C)

.const:xdc_runtime_System_maxAtexitHandlers__C 
*          0    00000570    00000004     
                  00000570    00000004     app_ble_pem3.oem3 (.const:xdc_runtime_System_maxAtexitHandlers__C)

.const:xdc_runtime_Text_charTab__C 
*          0    00000574    00000004     
                  00000574    00000004     app_ble_pem3.oem3 (.const:xdc_runtime_Text_charTab__C)

.const:xdc_runtime_Text_nameEmpty__C 
*          0    00000578    00000004     
                  00000578    00000004     app_ble_pem3.oem3 (.const:xdc_runtime_Text_nameEmpty__C)

.const:xdc_runtime_Text_nameStatic__C 
*          0    0000057c    00000004     
                  0000057c    00000004     app_ble_pem3.oem3 (.const:xdc_runtime_Text_nameStatic__C)

.const:xdc_runtime_Text_nameUnknown__C 
*          0    00000580    00000004     
                  00000580    00000004     app_ble_pem3.oem3 (.const:xdc_runtime_Text_nameUnknown__C)

.const:xdc_runtime_Main_Module__id__C 
*          0    00000584    00000002     
                  00000584    00000002     app_ble_pem3.oem3 (.const:xdc_runtime_Main_Module__id__C)

.const:xdc_runtime_Memory_Module__id__C 
*          0    00000586    00000002     
                  00000586    00000002     app_ble_pem3.oem3 (.const:xdc_runtime_Memory_Module__id__C)

.const:xdc_runtime_Text_charCnt__C 
*          0    00000588    00000002     
                  00000588    00000002     app_ble_pem3.oem3 (.const:xdc_runtime_Text_charCnt__C)

.const:xdc_runtime_Text_isLoaded__C 
*          0    0000058a    00000002     
                  0000058a    00000002     app_ble_pem3.oem3 (.const:xdc_runtime_Text_isLoaded__C)

.const:xdc_runtime_Error_policy__C 
*          0    0000058c    00000001     
                  0000058c    00000001     app_ble_pem3.oem3 (.const:xdc_runtime_Error_policy__C)

.const:ti_sysbios_rom_ROM_AONRTCChannelEnable 
*          0    00000590    00000004     
                  00000590    00000004     app_ble_pem3.oem3 (.const:ti_sysbios_rom_ROM_AONRTCChannelEnable)

.const:ti_sysbios_rom_ROM_AONRTCCompareValueSet 
*          0    00000594    00000004     
                  00000594    00000004     app_ble_pem3.oem3 (.const:ti_sysbios_rom_ROM_AONRTCCompareValueSet)

.const:ti_sysbios_rom_ROM_AONRTCCurrentCompareValueGet 
*          0    00000598    00000004     
                  00000598    00000004     app_ble_pem3.oem3 (.const:ti_sysbios_rom_ROM_AONRTCCurrentCompareValueGet)

.const:ti_sysbios_rom_ROM_AONRTCEventClear 
*          0    0000059c    00000004     
                  0000059c    00000004     app_ble_pem3.oem3 (.const:ti_sysbios_rom_ROM_AONRTCEventClear)

.const:ti_sysbios_rom_ROM_ti_sysbios_family_arm_cc26xx_Timer_getCount64__E 
*          0    000005a0    00000004     
                  000005a0    00000004     app_ble_pem3.oem3 (.const:ti_sysbios_rom_ROM_ti_sysbios_family_arm_cc26xx_Timer_getCount64__E)

.const:ti_sysbios_rom_ROM_ti_sysbios_family_arm_cc26xx_Timer_getCurrentTick__E 
*          0    000005a4    00000004     
                  000005a4    00000004     app_ble_pem3.oem3 (.const:ti_sysbios_rom_ROM_ti_sysbios_family_arm_cc26xx_Timer_getCurrentTick__E)

.const:ti_sysbios_rom_ROM_ti_sysbios_family_arm_cc26xx_Timer_getMaxTicks__E 
*          0    000005a8    00000004     
                  000005a8    00000004     app_ble_pem3.oem3 (.const:ti_sysbios_rom_ROM_ti_sysbios_family_arm_cc26xx_Timer_getMaxTicks__E)

.const:ti_sysbios_rom_ROM_ti_sysbios_family_arm_cc26xx_Timer_initDevice__I 
*          0    000005ac    00000004     
                  000005ac    00000004     app_ble_pem3.oem3 (.const:ti_sysbios_rom_ROM_ti_sysbios_family_arm_cc26xx_Timer_initDevice__I)

.const:ti_sysbios_rom_ROM_ti_sysbios_family_arm_cc26xx_Timer_setNextTick__E 
*          0    000005b0    00000004     
                  000005b0    00000004     app_ble_pem3.oem3 (.const:ti_sysbios_rom_ROM_ti_sysbios_family_arm_cc26xx_Timer_setNextTick__E)

.const:ti_sysbios_rom_ROM_ti_sysbios_family_arm_cc26xx_Timer_setThreshold__I 
*          0    000005b4    00000004     
                  000005b4    00000004     app_ble_pem3.oem3 (.const:ti_sysbios_rom_ROM_ti_sysbios_family_arm_cc26xx_Timer_setThreshold__I)

.const:ti_sysbios_rom_ROM_ti_sysbios_family_arm_cc26xx_Timer_start__E 
*          0    000005b8    00000004     
                  000005b8    00000004     app_ble_pem3.oem3 (.const:ti_sysbios_rom_ROM_ti_sysbios_family_arm_cc26xx_Timer_start__E)

.const:ti_sysbios_rom_ROM_ti_sysbios_family_arm_cc26xx_TimestampProvider_get32__E 
*          0    000005bc    00000004     
                  000005bc    00000004     app_ble_pem3.oem3 (.const:ti_sysbios_rom_ROM_ti_sysbios_family_arm_cc26xx_TimestampProvider_get32__E)

.const:ti_sysbios_rom_ROM_xdc_runtime_Startup_getState__I 
*          0    000005c0    00000004     
                  000005c0    00000004     app_ble_pem3.oem3 (.const:ti_sysbios_rom_ROM_xdc_runtime_Startup_getState__I)

.const:ti_sysbios_rom_ROM_xdc_runtime_System_SupportProxy_abort__E 
*          0    000005c4    00000004     
                  000005c4    00000004     app_ble_pem3.oem3 (.const:ti_sysbios_rom_ROM_xdc_runtime_System_SupportProxy_abort__E)

.const:ti_sysbios_rom_ROM_xdc_runtime_System_SupportProxy_exit__E 
*          0    000005c8    00000004     
                  000005c8    00000004     app_ble_pem3.oem3 (.const:ti_sysbios_rom_ROM_xdc_runtime_System_SupportProxy_exit__E)

.const:ti_sysbios_gates_GateMutex_Instance_State_sem__O 
*          0    000005cc    00000004     
                  000005cc    00000004     app_ble_pem3.oem3 (.const:ti_sysbios_gates_GateMutex_Instance_State_sem__O)

.const:ti_sysbios_knl_Clock_Module_State_clockQ__O 
*          0    000005d0    00000004     
                  000005d0    00000004     app_ble_pem3.oem3 (.const:ti_sysbios_knl_Clock_Module_State_clockQ__O)

.const:ti_sysbios_knl_Mailbox_Instance_State_dataQue__O 
*          0    000005d4    00000004     
                  000005d4    00000004     app_ble_pem3.oem3 (.const:ti_sysbios_knl_Mailbox_Instance_State_dataQue__O)

.const:ti_sysbios_knl_Mailbox_Instance_State_dataSem__O 
*          0    000005d8    00000004     
                  000005d8    00000004     app_ble_pem3.oem3 (.const:ti_sysbios_knl_Mailbox_Instance_State_dataSem__O)

.const:ti_sysbios_knl_Mailbox_Instance_State_freeQue__O 
*          0    000005dc    00000004     
                  000005dc    00000004     app_ble_pem3.oem3 (.const:ti_sysbios_knl_Mailbox_Instance_State_freeQue__O)

.const:ti_sysbios_knl_Mailbox_Instance_State_freeSem__O 
*          0    000005e0    00000004     
                  000005e0    00000004     app_ble_pem3.oem3 (.const:ti_sysbios_knl_Mailbox_Instance_State_freeSem__O)

.const:ti_sysbios_knl_Semaphore_Instance_State_pendQ__O 
*          0    000005e4    00000004     
                  000005e4    00000004     app_ble_pem3.oem3 (.const:ti_sysbios_knl_Semaphore_Instance_State_pendQ__O)

.const:ti_sysbios_knl_Task_Module_State_inactiveQ__O 
*          0    000005e8    00000004     
                  000005e8    00000004     app_ble_pem3.oem3 (.const:ti_sysbios_knl_Task_Module_State_inactiveQ__O)

.text.4    0    000005ec    00007f64     
                  000005ec    0000065c     simple_peripheral.obj (.text:SimpleBLEPeripheral_taskFxn$28)
                  00000c48    000005cc     peripheral.obj (.text:gapRole_taskFxn$23)
                  00001214    00000450     driverlib.lib : setup.obj (.text:TrimAfterColdResetWakeupFromShutDown$49)
                  00001664    0000033c     rom_sysbios.aem3 : rom_sysbios.obj (.text:xdc_runtime_System_doPrint__I)
                  000019a0    00000280     RFCC26XX_singleMode.obj (.text:fsmActiveState$8)
                  00001c20    00000248     peripheral.obj (.text:GAPRole_SetParameter)
                  00001e68    00000228     drivers_cc26xxware.aem3 : PowerCC26XX.oem3 (.text:Power_sleep)
                  00002090    0000021c     simple_peripheral.obj (.text:SimpleBLEPeripheral_processStateChangeEvt$28)
                  000022ac    00000208     driverlib.lib : sys_ctrl.obj (.text:NOROM_SysCtrlSetRechargeBeforePowerDown)
                  000024b4    000001f4     rtsv7M3_T_le_eabi.lib : ull_div_t2.obj (.text)
                  000026a8    000001d0     drivers_cc26xxware.aem3 : PowerCC26XX_calibrateRCOSC.oem3 (.text:calibrateRcoscHf1)
                  00002878    000001c8     PINCC26XX.obj (.text:PIN_init)
                  00002a40    000001c0     RFCC26XX_singleMode.obj (.text:fsmSetupState$8)
                  00002c00    000001a8     RFCC26XX_singleMode.obj (.text:RF_postCmd)
                  00002da8    00000198     UARTCC26XX.obj (.text:UARTCC26XX_open)
                  00002f40    00000184     drivers_cc26xxware.aem3 : PowerCC26XX_calibrateRCOSC.oem3 (.text:PowerCC26XX_doCalibrate)
                  000030c4    0000017c     RFCC26XX_singleMode.obj (.text:abortCmd$8)
                  00003240    00000148     driverlib.lib : setup.obj (.text:NOROM_SetupTrimDevice)
                  00003388    0000012c     main.obj (.text:AssertHandler)
                  000034b4    00000120     peripheral.obj (.text:GAPRole_GetParameter)
                  000035d4    0000011c     drivers_cc26xxware.aem3 : PowerCC26XX.oem3 (.text:Power_init)
                  000036f0    00000118     UARTCC26XX.obj (.text:UARTCC26XX_read)
                  00003808    0000010c     RFCC26XX_singleMode.obj (.text:hwiFxnCpe0Active$8)
                  00003914    0000010a     UARTCC26XX.obj (.text:UARTCC26XX_hwiIntFxn)
                  00003a1e    00000106     icall.obj (.text:ICall_primWaitMatch$15)
                  00003b24    000000fc     UARTCC26XX.obj (.text:UARTCC26XX_write)
                  00003c20    000000f8     RFCC26XX_singleMode.obj (.text:fsmPowerUpState$8)
                  00003d18    000000f8     RFCC26XX_singleMode.obj (.text:radioOpDoneCb$8)
                  00003e10    000000f8     app_ble_pem3.oem3 (.text:xdc_runtime_System_printfExtend__I)
                  00003f08    000000ec     main.obj (.text:main)
                  00003ff4    000000ec     RFCC26XX_singleMode.obj (.text:rf_init$8)
                  000040e0    000000dc     PINCC26XX.obj (.text:PINCC26XX_setIoCfg$7)
                  000041bc    000000d4     power_cc26xx_tirtos.aem3 : PowerCC26XX_tirtos.oem3 (.text:PowerCC26XX_standbyPolicy)
                  00004290    000000d4     drivers_cc26xxware.aem3 : PowerCC26XX.oem3 (.text:Power_releaseDependency)
                  00004364    000000d0                             : PowerCC26XX.oem3 (.text:Power_setDependency)
                  00004434    000000d0     RFCC26XX_singleMode.obj (.text:RF_open)
                  00004504    000000cc     RFCC26XX_singleMode.obj (.text:fsmPowerDownState$8)
                  000045d0    000000b0     devinfoservice.obj (.text:devInfo_ReadAttrCB$20)
                  00004680    000000a8     UARTCC26XX.obj (.text:writeTxFifoFlush$13)
                  00004728    000000a0     board_led.obj (.text:Board_ledControl)
                  000047c8    000000a0     TRNGCC26XX.obj (.text:TRNGCC26XX_getNumber)
                  00004868    000000a0     auto_init.aem3 : auto_init.oem3 (.text)
                  00004908    0000009e     rom_sysbios.aem3 : rom_sysbios.obj (.text:xdc_runtime_Text_putSite__E)
                  000049a6    0000009c     rtsv7M3_T_le_eabi.lib : memcpy_t2.obj (.text)
                  00004a42    00000002     DisplayUart.obj (.text:DisplayUart_clear)
                  00004a44    00000098     PINCC26XX.obj (.text:PIN_open)
                  00004adc    00000098     UARTCC26XX.obj (.text:UARTCC26XX_initIO$13)
                  00004b74    00000098     rom_sysbios.aem3 : rom_sysbios.obj (.text:ti_sysbios_knl_Clock_workFuncDynamic__E)
                  00004c0c    00000094     icall.obj (.text:ICall_primSetTimer$15)
                  00004ca0    00000094     UARTCC26XX.obj (.text:writeFinishedDoCallback$13)
                  00004d34    00000094     rom_sysbios.aem3 : rom_sysbios.obj (.text:xdc_runtime_Text_putMod__E)
                  00004dc8    00000090     drivers_cc26xxware.aem3 : PowerCC26XX.oem3 (.text:switchXOSCHFclockFunc)
                  00004e58    0000008c     UARTCC26XX.obj (.text:UARTCC26XX_writeCancel)
                  00004ee4    00000088     evrs_gatt_profile.obj (.text:EVRSProfile_WriteAttrCB$26)
                  00004f6c    00000088     driverlib.lib : osc.obj (.text:NOROM_OSCHF_GetStartupTime)
                  00004ff4    00000084     icall.obj (.text:ICall_heapMalloc)
                  00005078    00000080     peripheral.obj (.text:gapRole_startConnUpdate$23)
                  000050f8    0000007c     DisplayUart.obj (.text:DisplayUart_open)
                  00005174    0000007c     RFCC26XX_singleMode.obj (.text:RF_pendCmd)
                  000051f0    0000007c     drivers_cc26xxware.aem3 : PowerCC26XX.oem3 (.text:disableLFClockQualifiers)
                  0000526c    0000007c     RFCC26XX_singleMode.obj (.text:swiFxnHw$8)
                  000052e8    0000007a     rtsv7M3_T_le_eabi.lib : memset_t2.obj (.text)
                  00005362    00000002     DisplayUart.obj (.text:DisplayUart_clearLines)
                  00005364    00000078     simple_peripheral.obj (.text:SimpleBLEPeripheral_enqueueMsg$28)
                  000053dc    00000074     icall_cc2650.obj (.text:ICallPlatform_pwrUpdActivityCounter)
                  00005450    00000074     icall.obj (.text:ICall_primSend$15)
                  000054c4    00000074     drivers_cc26xxware.aem3 : PowerCC26XX_calibrateRCOSC.oem3 (.text:PowerCC26XX_auxISR)
                  00005538    00000074     UARTCC26XX.obj (.text:UARTCC26XX_close)
                  000055ac    00000074     drivers_cc26xxware.aem3 : PowerCC26XX_calibrateRCOSC.oem3 (.text:calibrateRcoscHf2)
                  00005620    00000074     rom_sysbios.aem3 : rom_sysbios.obj (.text:ti_sysbios_family_arm_cc26xx_Timer_start__E)
                  00005694    0000006d                      : rom_sysbios.obj (.text:xdc_runtime_System_formatNum__I)
                  00005701    00000001     --HOLE-- [fill = 0]
                  00005702    00000002     RFCC26XX_singleMode.obj (.text:defaultErrCb$8)
                  00005704    0000006c     icall.obj (.text:ICall_createRemoteTasks)
                  00005770    0000006c     drivers_cc26xxware.aem3 : PowerCC26XX.oem3 (.text:PowerCC26XX_calibrate)
                  000057dc    00000068     driverlib.lib : sys_ctrl.obj (.text:NOROM_SysCtrl_DCDC_VoltageConditionalControl)
                  00005844    00000068     UARTCC26XX.obj (.text:UARTCC26XX_readCancel)
                  000058ac    00000068     RFCC26XX_singleMode.obj (.text:decActiveClientCnt$8)
                  00005914    00000068     rtsv7M3_T_le_eabi.lib : copy_decompress_lzss.obj (.text:decompress:lzss)
                  0000597c    00000064     simple_peripheral.obj (.text:SimpleBLEPeripheral_freeAttRsp$28)
                  000059e0    00000060     icall.obj (.text:ICall_primEnroll$15)
                  00005a40    00000060     drivers_cc26xxware.aem3 : PowerCC26XX_calibrateRCOSC.oem3 (.text:PowerCC26XX_RCOSC_clockFunc)
                  00005aa0    00000060     UARTCC26XX.obj (.text:UARTCC26XX_control)
                  00005b00    00000060     drivers_cc26xxware.aem3 : PowerCC26XX_calibrateRCOSC.oem3 (.text:updateSubSecInc)
                  00005b60    0000005e     DisplayUart.obj (.text:DisplayUart_put5)
                  00005bbe    00000002     drivers_cc26xxware.aem3 : PowerCC26XX.oem3 (.text:emptyClockFunc)
                  00005bc0    0000005c     icall.obj (.text:ICall_primThreadServes$15)
                  00005c1c    0000005c     driverlib.lib : osc.obj (.text:NOROM_OSCHF_AttemptToSwitchToXosc)
                  00005c78    0000005c                   : sys_ctrl.obj (.text:NOROM_SysCtrlAdjustRechargeAfterPowerDown)
                  00005cd4    0000005c     RFCC26XX_singleMode.obj (.text:fsmXOSCState$8)
                  00005d30    0000005c     app_ble_pem3.oem3 (.text:xdc_runtime_Startup_getState__I)
                  00005d8c    0000005b     rom_sysbios.aem3 : rom_sysbios.obj (.text:xdc_runtime_Text_putLab__E)
                  00005de7    00000001     --HOLE-- [fill = 0]
                  00005de8    00000058     PINCC26XX.obj (.text:PIN_remove)
                  00005e40    00000058     drivers_cc26xxware.aem3 : PowerCC26XX_calibrateRCOSC.oem3 (.text:PowerCC26XX_initiateCalibration)
                  00005e98    00000058     RFCC26XX_singleMode.obj (.text:RF_getCurrentTime)
                  00005ef0    00000054     icall.obj (.text:ICall_primFetchMsg$15)
                  00005f44    00000054     drivers_cc26xxware.aem3 : PowerCC26XX.oem3 (.text:configureXOSCHF)
                  00005f98    00000054     RFCC26XX_singleMode.obj (.text:hwiFxnHw$8)
                  00005fec    00000054     RFCC26XX_singleMode.obj (.text:ratChanFree$8)
                  00006040    00000054     rtsv7M3_T_le_eabi.lib : exit.obj (.text)
                  00006094    00000052     icall.obj (.text:ICall_primWait$15)
                  000060e6    00000002     rtsv7M3_T_le_eabi.lib : i_div0.obj (.text)
                  000060e8    00000050     board_led.obj (.text:Board_ledFlashTimeoutCB$1)
                  00006138    00000050     icall_api.obj (.text:GAP_UpdateAdvertisingData)
                  00006188    00000050     icall.obj (.text:ICall_primRegisterApp$15)
                  000061d8    00000050     RFCC26XX_singleMode.obj (.text:RF_getInfo)
                  00006228    00000050     util.obj (.text:Util_convertBdAddr2Str)
                  00006278    00000050     UARTCC26XX.obj (.text:startTxFifoEmptyClk$13)
                  000062c8    0000004c     evrs_gatt_profile.obj (.text:EVRSProfile_ReadAttrCB$26)
                  00006314    0000004c     icall.obj (.text:ICall_newTask$15)
                  00006360    0000004c     icall.obj (.text:ICall_primGetEntityId$15)
                  000063ac    0000004c     driverlib.lib : osc.obj (.text:NOROM_OSCClockSourceSet)
                  000063f8    0000004c     rtsv7M3_T_le_eabi.lib : cpy_tbl.obj (.text)
                  00006444    0000004c     RFCC26XX_singleMode.obj (.text:syncCb$8)
                  00006490    00000048     peripheral.obj (.text:GAPRole_TerminateConnection)
                  000064d8    00000048     driverlib.lib : chipinfo.obj (.text:NOROM_ChipInfo_GetChipFamily)
                  00006520    00000048                   : ddi.obj (.text:NOROM_DDI16BitfieldWrite)
                  00006568    00000048     util.obj (.text:Util_constructClock)
                  000065b0    00000048     drivers_cc26xxware.aem3 : PowerCC26XX.oem3 (.text:notify)
                  000065f8    00000046                             : RingBuf.oem3 (.text:RingBuf_put)
                  0000663e    00000002     rom_sysbios.aem3 : rom_sysbios.obj (.text:ti_sysbios_BIOS_linkedWithIncorrectBootLibrary__E)
                  00006640    00000044     PINCC26XX.obj (.text:PIN_swi$7)
                  00006684    00000044     boot.aem3 : boot.oem3 (.text)
                  000066c8    00000044     icall_api.obj (.text:gapSendParamAndPtrCmd$18)
                  0000670c    00000044     rom_sysbios.aem3 : rom_sysbios.obj (.text:xdc_runtime_Text_xprintf__I)
                  00006750    00000042     icall.obj (.text:ICall_primCreateTask$15)
                  00006792    00000002     app_ble_pem3.oem3 (.text:ti_sysbios_BIOS_nullFunc__I)
                  00006794    00000040     Display.obj (.text:Display_doOpen)
                  000067d4    00000040     peripheral.obj (.text:GAPRole_createTask)
                  00006814    00000040     driverlib.lib : ddi.obj (.text:NOROM_DDI16BitfieldRead)
                  00006854    00000040     RFCC26XX_singleMode.obj (.text:RF_getRssi)
                  00006894    00000040     drivers_cc26xxware.aem3 : RingBuf.oem3 (.text:RingBuf_get)
                  000068d4    00000040     rtsv7M3_T_le_eabi.lib : u_divt2.obj (.text)
                  00006914    0000003e     icall_api.obj (.text:hciSendParamsCmd$18)
                  00006952    00000002     rom_sysbios.aem3 : rom_sysbios.obj (.text:ti_sysbios_knl_Clock_triggerFunc__I)
                  00006954    0000003c     icall_api.obj (.text:GAP_GetParamValue)
                  00006990    0000003c     icall_api.obj (.text:GATTServApp_RegisterService)
                  000069cc    0000003c     icall_cc2650.obj (.text:ICallPlatform_pwrConfigACAction)
                  00006a08    0000003c     icall.obj (.text:ICall_primFetchServiceMsg$15)
                  00006a44    0000003c     driverlib.lib : osc.obj (.text:NOROM_OSC_HPOSCRelativeFrequencyOffsetGet)
                  00006a80    0000003c     simple_peripheral.obj (.text:SimpleBLEPeripheral_createTask)
                  00006abc    0000003c     RFCC26XX_singleMode.obj (.text:dispatchOpWhen$8)
                  00006af8    0000003c     RFCC26XX_singleMode.obj (.text:postDirImmCmd$8)
                  00006b34    0000003c     icall_api.obj (.text:profileSetParameter$18)
                  00006b70    0000003c     UARTCC26XX.obj (.text:readData$13)
                  00006bac    0000003c     icall_api.obj (.text:sendWaitMatchCS$18)
                  00006be8    0000003c     icall_api.obj (.text:sendWaitMatchValueCS$18)
                  00006c24    00000038     icall.obj (.text:ICall_primGetMaxMSecs$15)
                  00006c5c    00000038     PINCC26XX.obj (.text:PIN_setOutputValue)
                  00006c94    00000038     UARTCC26XX.obj (.text:UARTCC26XX_swiIntFxn)
                  00006ccc    00000038     util.obj (.text:Util_restartClock)
                  00006d04    00000038     icall_api.obj (.text:registerTask$18)
                  00006d3c    00000038     rom_sysbios.aem3 : rom_sysbios.obj (.text:ti_sysbios_family_arm_cc26xx_Timer_getCurrentTick__E)
                  00006d74    00000038     UARTCC26XX.obj (.text:writeData$13)
                  00006dac    00000036     icall_api.obj (.text:waitMatchCS$18)
                  00006de2    00000002     app_ble_pem3.oem3 (.text:ti_sysbios_rom_cortexm_cc26xx_CC26xx_badRomRevision__E)
                  00006de4    00000034     icall_api.obj (.text:GAPBondMgr_SetParameter)
                  00006e18    00000034     icall_api.obj (.text:GAP_SetParamValue)
                  00006e4c    00000034     icall.obj (.text:ICall_primEntityId2ServiceId$15)
                  00006e80    00000034     icall.obj (.text:ICall_primRegisterISR$15)
                  00006eb4    00000034     icall.obj (.text:ICall_primRegisterISR_Ext$15)
                  00006ee8    00000034     icall.obj (.text:ICall_searchServiceEntity)
                  00006f1c    00000034     driverlib.lib : ddi.obj (.text:NOROM_DDI32RegWrite)
                  00006f50    00000034                   : osc.obj (.text:NOROM_OSCHF_SwitchToRcOscTurnOffXosc)
                  00006f84    00000034     drivers_cc26xxware.aem3 : PowerCC26XX.oem3 (.text:PowerCC26XX_isStableXOSC_HF)
                  00006fb8    00000034     RFCC26XX_singleMode.obj (.text:Q_push$8)
                  00006fec    00000034     RFCC26XX_singleMode.obj (.text:RF_runCmd)
                  00007020    00000034     icall_api.obj (.text:osal_snv_read)
                  00007054    00000034     icall_api.obj (.text:osal_snv_write)
                  00007088    00000034     icall_api.obj (.text:profileAddService$18)
                  000070bc    00000034     UARTCC26XX.obj (.text:readData2RingBuf$13)
                  000070f0    00000034     rom_sysbios.aem3 : rom_sysbios.obj (.text:ti_sysbios_family_arm_cc26xx_Timer_initDevice__I)
                  00007124    00000032     icall_api.obj (.text:gapSendParamsCmd$18)
                  00007156    00000032     icall_api.obj (.text:gapSendPtrParamsCmd$18)
                  00007188    00000032     icall_api.obj (.text:matchGapSetGetParamCS$18)
                  000071ba    00000032     icall_api.obj (.text:matchUtilNvCS$18)
                  000071ec    00000032     rom_sysbios.aem3 : rom_sysbios.obj (.text:ti_sysbios_family_arm_cc26xx_Timer_setNextTick__E)
                  0000721e    00000030     icall_cc2650.obj (.text:ICallPlatform_pwrNotify$16)
                  0000724e    00000002     rom_sysbios.aem3 : rom_sysbios.obj (.text:xdc_runtime_SysCallback_defaultAbort)
                  00007250    00000030     icall_cc2650.obj (.text:ICallPlatform_pwrRegisterNotify)
                  00007280    00000030     icall.obj (.text:ICall_dispatch$15)
                  000072b0    00000030     icall.obj (.text:ICall_msecs2Ticks$15)
                  000072e0    00000030     icall.obj (.text:ICall_searchTask$15)
                  00007310    00000030     driverlib.lib : setup_rom.obj (.text:NOROM_SetupSetAonRtcSubSecInc)
                  00007340    00000030                   : trng.obj (.text:NOROM_TRNGConfigure)
                  00007370    00000030     drivers_cc26xxware.aem3 : PowerCC26XX.oem3 (.text:Power_releaseConstraint)
                  000073a0    00000030                             : PowerCC26XX.oem3 (.text:Power_setConstraint)
                  000073d0    00000030     app_ble_pem3.oem3 (.text:ti_sysbios_BIOS_atExitFunc__I)
                  00007400    00000030     app_ble_pem3.oem3 (.text:ti_sysbios_BIOS_startFunc__I)
                  00007430    00000030     rom_sysbios.aem3 : rom_sysbios.obj (.text:ti_sysbios_family_arm_cc26xx_Timer_setThreshold__I)
                  00007460    0000002f                      : rom_sysbios.obj (.text:xdc_runtime_Text_printVisFxn__I)
                  0000748f    00000001     --HOLE-- [fill = 0]
                  00007490    0000002e     icall_cc2650.obj (.text:ICallPlatform_pwrDispenseImpl$16)
                  000074be    0000002e     icall_cc2650.obj (.text:ICallPlatform_pwrRequireImpl$16)
                  000074ec    0000002c     board_key.obj (.text:Board_keyCallback$0)
                  00007518    0000002c     icall_api.obj (.text:HCI_EXT_ConnEventNoticeCmd)
                  00007544    0000002c     icall.obj (.text:ICall_heapFree)
                  00007570    0000002c     icall.obj (.text:ICall_msgEnqueue$15)
                  0000759c    0000002c     icall.obj (.text:ICall_primAllocMsg$15)
                  000075c8    0000002c     icall_api.obj (.text:ICall_sendServiceMsg$18)
                  000075f4    0000002c     PINCC26XX.obj (.text:PINCC26XX_setMux)
                  00007620    0000002c     PINCC26XX.obj (.text:PIN_setConfig)
                  0000764c    0000002c     RFCC26XX_singleMode.obj (.text:getCmd$8)
                  00007678    0000002c     icall_api.obj (.text:hciSendCmd$18)
                  000076a4    0000002c     icall_api.obj (.text:matchProfileAddServiceCS$18)
                  000076d0    0000002c     rom_sysbios.aem3 : rom_sysbios.obj (.text:ti_sysbios_knl_Clock_getTicksUntilInterrupt__E)
                  000076fc    0000002a     icall_api.obj (.text:ICall_waitMatch$18)
                  00007726    0000002a     icall_api.obj (.text:matchProfileCS$18)
                  00007750    0000002a     rom_sysbios.aem3 : rom_sysbios.obj (.text:xdc_runtime_System_putchar__I)
                  0000777a    00000002                      : rom_sysbios.obj (.text:xdc_runtime_SysCallback_defaultExit)
                  0000777c    00000028     evrs_gatt_profile.obj (.text:EVRSProfile_GetParameter)
                  000077a4    00000028     evrs_gatt_profile.obj (.text:EVRSProfile_SetParameter)
                  000077cc    00000028     driverlib.lib : aon_batmon.obj (.text:NOROM_AONBatMonTemperatureGetDegC)
                  000077f4    00000028                   : rfc.obj (.text:NOROM_RFCDoorbellSendTo)
                  0000781c    00000028     drivers_cc26xxware.aem3 : PowerCC26XX.oem3 (.text:PowerCC26XX_switchXOSC_HF)
                  00007844    00000028                             : PowerCC26XX.oem3 (.text:Power_registerNotify)
                  0000786c    00000028     driverlib.lib : adi.obj (.text:SafeHapiVoid)
                  00007894    00000028     TRNGCC26XX.obj (.text:TRNGCC26XX_init)
                  000078bc    00000028     RFCC26XX_singleMode.obj (.text:clkPowerUpFxn$8)
                  000078e4    00000026     drivers_cc26xxware.aem3 : List.oem3 (.text:List_put)
                  0000790a    00000024     icall_api.obj (.text:ICall_getLocalMsgEntityId$18)
                  0000792e    00000002     rom_sysbios.aem3 : rom_sysbios.obj (.text:xdc_runtime_SysCallback_defaultPutch)
                  00007930    00000024     drivers_cc26xxware.aem3 : PowerCC26XX_calibrateRCOSC.oem3 (.text:getTdcSemaphore)
                  00007954    00000024     RFCC26XX_singleMode.obj (.text:hwiFxnCpe0PowerFsm$8)
                  00007978    00000024     app_ble_pem3.oem3 (.text:ti_sysbios_BIOS_registerRTSLock__I)
                  0000799c    00000024     app_ble_pem3.oem3 (.text:ti_sysbios_BIOS_removeRTSLock__I)
                  000079c0    00000024     rom_sysbios.aem3 : rom_sysbios.obj (.text:ti_sysbios_family_arm_cc26xx_Timer_getMaxTicks__E)
                  000079e4    00000022     Display.obj (.text:Display_doPut5)
                  00007a06    00000020     icall_api.obj (.text:ICall_allocMsg$18)
                  00007a26    00000020     icall_api.obj (.text:ICall_getEntityId$18)
                  00007a46    00000002     --HOLE-- [fill = 0]
                  00007a48    00000020     icall.obj (.text:ICall_primService$15)
                  00007a68    00000020     drivers_cc26xxware.aem3 : PowerCC26XX.oem3 (.text:Power_unregisterNotify)
                  00007a88    00000020     app_ble_pem3.oem3 (.text:ti_sysbios_BIOS_rtsLock__I)
                  00007aa8    00000020     rom_sysbios.aem3 : rom_sysbios.obj (.text:ti_sysbios_family_arm_cc26xx_Timer_dynamicStub__E)
                  00007ac8    00000020                      : rom_sysbios.obj (.text:ti_sysbios_knl_Clock_stop__E)
                  00007ae8    00000020                      : rom_sysbios.obj (.text:xdc_runtime_Registry_findById__E)
                  00007b08    0000001e     icall.obj (.text:ICall_primSendServiceMsg$15)
                  00007b26    0000001e     PINCC26XX.obj (.text:PIN_close)
                  00007b44    0000001e     drivers_cc26xxware.aem3 : PowerCC26XX.oem3 (.text:Power_getTransitionLatency)
                  00007b62    0000001e     icall_api.obj (.text:matchHciCS$18)
                  00007b80    0000001c     driverlib.lib : osc.obj (.text:NOROM_OSCClockSourceGet)
                  00007b9c    0000001c     PINCC26XX.obj (.text:PINCC26XX_setIoCfgMux$7)
                  00007bb8    0000001c     PINCC26XX.obj (.text:PIN_hwi$7)
                  00007bd4    0000001c     RFCC26XX_singleMode.obj (.text:RF_runDirectCmd)
                  00007bf0    0000001c     RFCC26XX_singleMode.obj (.text:RF_runImmediateCmd)
                  00007c0c    0000001c     TRNGCC26XX.obj (.text:TRNGCC26XX_open)
                  00007c28    0000001c     icall_api.obj (.text:getStatusValueFromErrNo$18)
                  00007c44    0000001c     TRNGCC26XX.obj (.text:openTRNG)
                  00007c60    0000001a     icall.obj (.text:ICall_enterCSImpl)
                  00007c7a    0000001a     icall.obj (.text:ICall_primSetTimerMSecs$15)
                  00007c94    0000001a     drivers_cc26xxware.aem3 : List.oem3 (.text:List_remove)
                  00007cae    0000001a     rom_sysbios.aem3 : rom_sysbios_config.obj (.text:xdc_runtime_System_snprintf__E)
                  00007cc8    00000018     DisplayUart.obj (.text:DisplayUart_close)
                  00007ce0    00000018     icall_api.obj (.text:GATT_bm_free)
                  00007cf8    00000018     icall_cc2650.obj (.text:ICallPlatform_pwrDispense)
                  00007d10    00000018     icall_cc2650.obj (.text:ICallPlatform_pwrRequire)
                  00007d28    00000018     util.obj (.text:ICall_free$2)
                  00007d40    00000018     icall_api.obj (.text:ICall_freeMsg$18)
                  00007d58    00000018     simple_peripheral.obj (.text:ICall_freeMsg$28)
                  00007d70    00000018     icall.obj (.text:ICall_primMalloc$15)
                  00007d88    00000018     driverlib.lib : aon_rtc.obj (.text:NOROM_AONRTCCurrentCompareValueGet)
                  00007da0    00000018                   : chipinfo.obj (.text:NOROM_ChipInfo_GetPackageType)
                  00007db8    00000018                   : osc.obj (.text:NOROM_OSCHF_TurnOnXosc)
                  00007dd0    00000018                   : rfc.obj (.text:NOROM_RFCCpeIntGetAndClear)
                  00007de8    00000018     drivers_cc26xxware.aem3 : PowerCC26XX.oem3 (.text:Power_idleFunc)
                  00007e00    00000018     RFCC26XX_singleMode.obj (.text:Q_pop$8)
                  00007e18    00000018     UARTCC26XX.obj (.text:UARTCC26XX_init)
                  00007e30    00000018     drivers_cc26xxware.aem3 : PowerCC26XX.oem3 (.text:configureRFCoreClocks)
                  00007e48    00000018     peripheral.obj (.text:gapRole_setEvent$23)
                  00007e60    00000018     rtsv7M3_T_le_eabi.lib : args_main.obj (.text)
                  00007e78    00000018                           : ll_mul_t2.obj (.text)
                  00007e90    00000018     RFCC26XX_singleMode.obj (.text:swiFxnFsm$8)
                  00007ea8    00000018     app_ble_pem3.oem3 (.text:ti_sysbios_BIOS_rtsUnlock__I)
                  00007ec0    00000018     rom_sysbios.aem3 : rom_sysbios.obj (.text:ti_sysbios_knl_Swi_or__E)
                  00007ed8    00000018     app_ble_pem3.oem3 (.text:ti_sysbios_rom_cortexm_cc26xx_CC26xx_checkRevision__E)
                  00007ef0    00000016     icall.obj (.text:ICall_leaveCSImpl)
                  00007f06    00000016     icall.obj (.text:ICall_primStopTimer$15)
                  00007f1c    00000016     ble_user_config.obj (.text:driverTable_fnSpinlock)
                  00007f32    00000016     app_ble_pem3.oem3 (.text:ti_sysbios_BIOS_exitFunc__I)
                  00007f48    00000014     board_key.obj (.text:Board_keyChangeHandler$0)
                  00007f5c    00000014     driverlib.lib : aon_rtc.obj (.text:NOROM_AONRTCCurrent64BitValueGet)
                  00007f70    00000014     PINCC26XX.obj (.text:PINCC26XX_getInputValue$7)
                  00007f84    00000014     PINCC26XX.obj (.text:PINCC26XX_getOutputValue$7)
                  00007f98    00000014     rtsv7M3_T_le_eabi.lib : _lock.obj (.text)
                  00007fac    00000014                           : strlen.obj (.text)
                  00007fc0    00000014     icall_api.obj (.text:setICallCmdEvtHdr$18)
                  00007fd4    00000014     app_ble_pem3.oem3 (.text:ti_sysbios_knl_Clock_doTick__I)
                  00007fe8    00000012     RFCC26XX_singleMode.obj (.text:RF_getCmdOp)
                  00007ffa    00000012     drivers_cc26xxware.aem3 : RingBuf.oem3 (.text:RingBuf_construct)
                  0000800c    00000012     app_ble_pem3.oem3 (.text:xdc_runtime_Startup_exec__I)
                  0000801e    00000002     --HOLE-- [fill = 0]
                  00008020    00000010     icall_api.obj (.text:GAP_EndDiscoverable)
                  00008030    00000010     icall_cc2650.obj (.text:ICallPlatform_pwrGetXOSCStartupTime)
                  00008040    00000010     icall.obj (.text:ICall_primGetTickPeriod$15)
                  00008050    00000010     icall.obj (.text:ICall_taskEntry$15)
                  00008060    00000010     util.obj (.text:Util_isActive)
                  00008070    00000010     rom_sysbios.aem3 : rom_sysbios.obj (.text:ti_sysbios_family_arm_m3_Hwi_post__E)
                  00008080    00000010     UARTCC26XX.obj (.text:uartPostNotify$13)
                  00008090    00000010     rom_sysbios.aem3 : rom_sysbios.obj (.text:xdc_runtime_SysCallback_putch__E)
                  000080a0    00000010                      : rom_sysbios.obj (.text:xdc_runtime_SysCallback_ready__E)
                  000080b0    00000010                      : rom_sysbios.obj (.text:xdc_runtime_System_vsnprintf__E)
                  000080c0    0000000e     icall_cc2650.obj (.text:ICallPlatform_pwrGetTransitionState)
                  000080ce    0000000e     icall_cc2650.obj (.text:ICallPlatform_pwrIsStableXOSCHF)
                  000080dc    0000000e     icall.obj (.text:ICall_primDisableMInt$15)
                  000080ea    0000000e     icall.obj (.text:ICall_primEnableMInt$15)
                  000080f8    0000000e     icall.obj (.text:ICall_primFreeMsg$15)
                  00008106    0000000e     icall.obj (.text:ICall_primGetTicks$15)
                  00008114    0000000e     driverlib.lib : vims.obj (.text:NOROM_VIMSModeGet)
                  00008122    0000000e     rtsv7M3_T_le_eabi.lib : copy_decompress_none.obj (.text:decompress:none)
                  00008130    0000000e     icall_api.obj (.text:matchGSARegisterServiceCS$18)
                  0000813e    0000000e     icall_api.obj (.text:matchGapLinkEstCS$18)
                  0000814c    0000000e     icall_api.obj (.text:matchGattSendRspCS$18)
                  0000815a    0000000e     icall_api.obj (.text:matchLinkDBGetInfoCS$18)
                  00008168    0000000e     icall_api.obj (.text:matchLinkDBNumActiveCS$18)
                  00008176    0000000e     icall_api.obj (.text:matchLinkDBNumConnsCS$18)
                  00008184    0000000e     icall_api.obj (.text:setDispatchCmdEvtHdr$18)
                  00008192    0000000e     rom_sysbios.aem3 : rom_sysbios.obj (.text:ti_sysbios_family_arm_cc26xx_TimestampProvider_get32__E)
                  000081a0    0000000c     RFCC26XX_singleMode.obj (.text:FsmNextState$8)
                  000081ac    0000000c     icall.obj (.text:ICall_clockFunc$15)
                  000081b8    0000000c     icall.obj (.text:ICall_primDisableInt$15)
                  000081c4    0000000c     icall.obj (.text:ICall_primEnableInt$15)
                  000081d0    0000000c     icall.obj (.text:ICall_primFree$15)
                  000081dc    0000000c     icall.obj (.text:ICall_primSignal$15)
                  000081e8    0000000c     driverlib.lib : cpu.obj (.text:NOROM_CPUcpsid)
                  000081f4    0000000c                   : cpu.obj (.text:NOROM_CPUcpsie)
                  00008200    0000000c     drivers_cc26xxware.aem3 : PowerCC26XX.oem3 (.text:Power_getConstraintMask)
                  0000820c    0000000c                             : PowerCC26XX.oem3 (.text:Power_getDependencyCount)
                  00008218    0000000c                             : PowerCC26XX.oem3 (.text:Power_getTransitionState)
                  00008224    0000000c     rtsv7M3_T_le_eabi.lib : copy_zero_init.obj (.text:decompress:ZI)
                  00008230    0000000c     icall_api.obj (.text:matchProfileSetParamCS$18)
                  0000823c    0000000c     rom_sysbios.aem3 : rom_sysbios.obj (.text:ti_sysbios_BIOS_getThreadType__E)
                  00008248    0000000c                      : rom_sysbios_config.obj (.text:ti_sysbios_hal_Hwi_Params__init__S)
                  00008254    0000000c                      : rom_sysbios.obj (.text:ti_sysbios_knl_Swi_getTrigger__E)
                  00008260    0000000c     app_ble_pem3.oem3 (.text:xdc_runtime_Startup_reset__I)
                  0000826c    0000000c     rom_sysbios.aem3 : rom_sysbios.obj (.text:xdc_runtime_Startup_rtsDone__E)
                  00008278    0000000a     icall_cc2650.obj (.text:ICallPlatform_pwrSwitchXOSCHF)
                  00008282    0000000a     icall.obj (.text:ICall_primE2S$15)
                  0000828c    0000000a     drivers_cc26xxware.aem3 : List.oem3 (.text:List_empty)
                  00008296    00000008     RFCC26XX_singleMode.obj (.text:RF_flushCmd)
                  0000829e    00000008     simple_peripheral.obj (.text:SimpleBLEPeripheral_charValueChangeCB$28)
                  000082a6    00000008     simple_peripheral.obj (.text:SimpleBLEPeripheral_keyChangeHandler)
                  000082ae    00000008     simple_peripheral.obj (.text:SimpleBLEPeripheral_stateChangeCB$28)
                  000082b6    00000008     icall_api.obj (.text:matchHciExtConnEventNoticeCS$18)
                  000082be    00000008     icall_api.obj (.text:matchHciLeReadMaxDataLenCS$18)
                  000082c6    00000008     UARTCC26XX.obj (.text:readSemCallback$13)
                  000082ce    00000008     UARTCC26XX.obj (.text:writeSemCallback$13)
                  000082d6    00000008     app_ble_pem3.oem3 (.text:xdc_runtime_Text_visitRope__I)
                  000082de    00000006     DisplayUart.obj (.text:DisplayUart_control)
                  000082e4    00000006     DisplayUart.obj (.text:DisplayUart_getType)
                  000082ea    00000006     PINCC26XX.obj (.text:PIN_registerIntCb)
                  000082f0    00000006     UARTCC26XX.obj (.text:UARTCC26XX_readPolling)
                  000082f6    00000006     UARTCC26XX.obj (.text:UARTCC26XX_writePolling)
                  000082fc    00000006     RFCC26XX_singleMode.obj (.text:clkInactivityFxn$8)
                  00008302    00000006     icall_api.obj (.text:matchBondMgrSetParamCS$18)
                  00008308    00000006     icall_api.obj (.text:matchGGSSetParamCS$18)
                  0000830e    00000006     icall_api.obj (.text:matchGapConnParamUpdateReplyCS$18)
                  00008314    00000006     icall_api.obj (.text:matchGapDeviceInitCS$18)
                  0000831a    00000006     icall_api.obj (.text:matchGapEndDiscoverableCS$18)
                  00008320    00000006     icall_api.obj (.text:matchGapGetParamCS$18)
                  00008326    00000006     icall_api.obj (.text:matchGapMakeDiscoverableCS$18)
                  0000832c    00000006     icall_api.obj (.text:matchGapSetParamCS$18)
                  00008332    00000006     icall_api.obj (.text:matchGapTerminateAuthCS$18)
                  00008338    00000006     icall_api.obj (.text:matchGapTerminateLinkReqCS$18)
                  0000833e    00000006     icall_api.obj (.text:matchGapUpdateAdvDataCS$18)
                  00008344    00000006     icall_api.obj (.text:matchGapUpdateLinkParamReqCS$18)
                  0000834a    00000006     icall_api.obj (.text:matchUtilNvReadCS$18)
                  00008350    00000006     icall_api.obj (.text:matchUtilNvWriteCS$18)
                  00008356    00000006     rom_sysbios.aem3 : rom_sysbios.obj (.text:ti_sysbios_family_arm_m3_Hwi_setFunc__E)
                  0000835c    00000004     tirtosport.aem3 : HwiP_tirtos.oem3 (.text:HwiP_disable)
                  00008360    00000004     drivers_cc26xxware.aem3 : List.oem3 (.text:List_head)
                  00008364    00000004                             : List.oem3 (.text:List_next)
                  00008368    00000004     RFCC26XX_singleMode.obj (.text:Q_peek$8)
                  0000836c    00000004     util.obj (.text:Util_startClock)
                  00008370    00000004     util.obj (.text:Util_stopClock)
                  00008374    00000004     drivers_cc26xxware.aem3 : PowerCC26XX.oem3 (.text:nopResourceHandler)
                  00008378    00000004     rom_sysbios.aem3 : rom_sysbios.obj (.text:ti_sysbios_family_arm_cc26xx_Timer_getCount64__E)
                  0000837c    00000004                      : rom_sysbios.obj (.text:ti_sysbios_knl_Clock_isActive__E)
                  00008380    00000004                      : rom_sysbios.obj (.text:xdc_runtime_SysCallback_defaultReady)
                  00008384    00000004                      : rom_sysbios.obj (.text:xdc_runtime_System_snprintf_va__F)
                  00008388    00000008     (.tramp.xdc_runtime_Core_assignParams__I.1)
                  00008390    00000008     (.tramp.ti_sysbios_hal_Hwi_enableInterrupt__E.1)
                  00008398    00000008     (.tramp.ti_sysbios_hal_Hwi_disableInterrupt__E.1)
                  000083a0    00000008     (.tramp.ti_sysbios_knl_Task_enable__E.1)
                  000083a8    00000008     (.tramp.ti_sysbios_family_arm_m3_Hwi_enableFxn__E.1)
                  000083b0    00000008     (.tramp.xdc_runtime_Startup_startMods__I.1)
                  000083b8    00000008     (.tramp.ti_sysbios_knl_Clock_logTick__E.1)
                  000083c0    00000008     (.tramp.ti_sysbios_BIOS_RtsGateProxy_leave__E.1)
                  000083c8    00000008     (.tramp.ti_sysbios_BIOS_RtsGateProxy_enter__E.1)
                  000083d0    00000008     (.tramp.ti_sysbios_knl_Task_startup__E.1)
                  000083d8    00000008     (.tramp.ti_sysbios_knl_Swi_startup__E.1)
                  000083e0    00000008     (.tramp.ti_sysbios_hal_Hwi_startup__E.1)
                  000083e8    00000008     (.tramp.ti_sysbios_family_arm_cc26xx_Timer_startup__E.1)
                  000083f0    00000008     (.tramp.xdc_runtime_System_atexit__E.1)
                  000083f8    00000008     (.tramp.ti_sysbios_BIOS_setThreadType__E.1)
                  00008400    00000008     (.tramp.ti_sysbios_hal_Hwi_create.1)
                  00008408    00000008     (.tramp.ti_sysbios_knl_Task_construct.1)
                  00008410    00000008     (.tramp.xdc_runtime_System_exit__E.1)
                  00008418    00000008     (.tramp.ti_sysbios_knl_Semaphore_create.1)
                  00008420    00000008     (.tramp.ti_sysbios_knl_Task_create.1)
                  00008428    00000008     (.tramp.ti_sysbios_knl_Task_Params__init__S.1)
                  00008430    00000008     (.tramp.ti_sysbios_knl_Clock_destruct.1)
                  00008438    00000008     (.tramp.ti_sysbios_knl_Semaphore_destruct.1)
                  00008440    00000008     (.tramp.ti_sysbios_knl_Swi_destruct.1)
                  00008448    00000008     (.tramp.ti_sysbios_family_arm_m3_Hwi_destruct.1)
[...]
1001c2d1  ti_sysbios_knl_Queue_destruct                                             
1001c2d5  ti_sysbios_knl_Queue_head__E                                              
1001c2d9  ti_sysbios_knl_Queue_next__E                                              
1001c2dd  ti_sysbios_knl_Semaphore_delete                                           
1001c2e1  ti_sysbios_knl_Semaphore_destruct                                         
1001c2e5  ti_sysbios_knl_Swi_delete                                                 
1001c2e9  ti_sysbios_knl_Swi_destruct                                               
1001c2ed  ti_sysbios_knl_Swi_postInit__I                                            
1001c2f1  ti_sysbios_knl_Task_SupportProxy_Module__startupDone__S                   
1001c2f5  ti_sysbios_knl_Task_SupportProxy_getStackAlignment__E                     
1001c2f9  ti_sysbios_knl_Task_SupportProxy_start__E                                 
1001c2fd  ti_sysbios_knl_Task_SupportProxy_swap__E                                  
1001c301  ti_sysbios_knl_Task_delete                                                
1001c305  ti_sysbios_knl_Task_destruct                                              
1001c309  ti_sysbios_knl_Task_startup__E                                            
1001c30d  xdc_runtime_Startup_startMods__I                                          
1001c405  xdc_runtime_Core_createObject__I                                          
1001c487  xdc_runtime_Error_policySpin__E                                           
1001c489  xdc_runtime_Memory_alloc__E                                               
1001c4f9  xdc_runtime_Core_deleteObject__I                                          
1001c559  xdc_runtime_Startup_exec__E                                               
1001c5a9  xdc_runtime_Assert_raise__I                                               
1001c5f1  xdc_runtime_Core_assignParams__I                                          
1001c639  xdc_runtime_Core_constructObject__I                                       
1001c681  xdc_runtime_System_atexit__E                                              
1001c6b9  xdc_runtime_System_processAtExit__E                                       
1001c6ed  xdc_runtime_Core_assignLabel__I                                           
1001c71d  xdc_runtime_Text_cordText__E                                              
1001c749  xdc_runtime_System_abort__E                                               
1001c769  xdc_runtime_Error_raiseX__E                                               
1001c785  xdc_runtime_Memory_valloc__E                                              
1001c7a1  xdc_runtime_Core_destructObject__I                                        
1001c7b9  xdc_runtime_Error_check__E                                                
1001c7d1  xdc_runtime_System_exit__E                                                
1001c7e9  xdc_runtime_Text_ropeText__E                                              
1001c801  xdc_runtime_Memory_free__E                                                
1001c811  xdc_runtime_SysCallback_abort__E                                          
1001c821  xdc_runtime_SysCallback_exit__E                                           
1001c831  xdc_runtime_Timestamp_SupportProxy_get32__E                               
1001c831  xdc_runtime_Timestamp_get32__E                                            
1001c841  xdc_runtime_Error_init__E                                                 
1001c84d  xdc_runtime_Memory_calloc__E                                              
1001c859  xdc_runtime_Memory_getMaxDefaultTypeAlign__E                              
1001c879  xdc_runtime_Gate_leaveSystem__E                                           
1001c87f  xdc_runtime_System_Module_startup__E                                      
1001c885  xdc_runtime_Gate_enterSystem__E                                           
1001c889  xdc_runtime_Memory_HeapProxy_alloc__E                                     
1001c88d  xdc_runtime_Memory_HeapProxy_free__E                                      
1001c891  xdc_runtime_System_Module_GateProxy_enter__E                              
1001c895  xdc_runtime_System_Module_GateProxy_leave__E                              
1001c899  xdc_runtime_System_abortSpin__E                                           
1001c89b  xdc_runtime_System_exitSpin__E                                            
1001c89d  ti_sysbios_family_arm_m3_Hwi_dispatch__I                                  
1001c96d  ti_sysbios_family_arm_m3_TaskSupport_buildTaskStack                       
1001c9b9  ti_sysbios_family_arm_m3_Hwi_initStacks__E                                
1001ca01  ti_sysbios_family_arm_m3_Hwi_excHandlerAsm__I                             
1001ca21  ti_sysbios_family_xxx_Hwi_switchAndRunFunc                                
1001ca3f  ti_sysbios_family_arm_m3_Hwi_pendSV__I                                    
1001ca57  ti_sysbios_family_arm_m3_Hwi_return                                       
1001ca59  ti_sysbios_family_arm_m3_TaskSupport_glue                                 
1001ca69  ti_sysbios_family_arm_m3_TaskSupport_swap__E                              
1001ca71  ti_sysbios_knl_Task_swapReturn                                            
1001ca9b  ti_sysbios_rom_cortexm_cc26xx_CC26xx_getRevision__E                       
20000000  ti_sysbios_family_arm_m3_Hwi_ramVectors                                   
20000100  ti_sysbios_knl_Task_Module__state__V                                      
20000144  ti_sysbios_family_arm_m3_Hwi_Module__state__V                             
20000178  ti_sysbios_knl_Clock_Module__state__V                                     
200001a4  ti_sysbios_BIOS_Module__state__V                                          
200001c8  ti_sysbios_knl_Swi_Module__state__V                                       
200001e4  ti_sysbios_family_arm_cc26xx_Timer_Module__state__V                       
200001ec  ti_sysbios_family_arm_cc26xx_TimestampProvider_Module__state__V           
200001f0  xdc_runtime_Startup_Module__state__V                                      
200001f8  xdc_runtime_System_Module__state__V                                       
20000200  xdc_runtime_Memory_Module__state__V                                       
20000208  linkDBNumConns                                                            
2000031c  gapRoleTask                                                               
2000036c  gapRoleTaskStack                                                          
20000590  dispHandle                                                                
200005f8  sbpTask                                                                   
20000648  sbpTaskStack                                                              
20000de4  PowerCC26XX_module                                                        
20000ef4  ICall_dispatcher                                                          
20000efc  ICall_enterCriticalSection                                                
20000f00  ICall_leaveCriticalSection                                                
20000f18  HEAPMGR_SIZE                                                              
20000f90  ledPinTable                                                               
20000ff0  rfRegTbl                                                                  
20001048  ti_sysbios_knl_Task_Object__table__V                                      
20001098  appKeyChangeHandler                                                       
2000109c  hKeyPins                                                                  
200010a0  keyPinsCfg                                                                
200010ac  keyPins                                                                   
200010dc  appAssertCback                                                            
200010e0  ti_sysbios_family_arm_cc26xx_Timer_Object__table__V                       
20001128  ti_sysbios_gates_GateMutex_Object__table__V                               
20001160  ti_sysbios_knl_Swi_Module_State_0_readyQ__A                               
20001190  ti_sysbios_knl_Swi_Object__table__V                                       
200011c0  ti_sysbios_knl_Task_Module_State_0_readyQ__A                              
200011f0  user0Cfg                                                                  
20001220  ti_sysbios_knl_Clock_Object__table__V                                     
20001240  ti_sysbios_family_arm_m3_Hwi_Object__table__V                             
20001258  ti_sysbios_heaps_HeapMem_Object__table__V                                 
20001270  __TI_cleanup_ptr                                                          
20001274  __TI_dtors_ptr                                                            
20001278  __TI_enable_exit_profile_output                                           
2000127c  lastAppOpcodeSent                                                         
20001280  pfnBMAlloc                                                                
20001284  pfnBMFree                                                                 
200012ba  ti_sysbios_family_arm_m3_Hwi_Module_State_0_excActive__A                  
200012c4  _lock                                                                     
200012c8  _unlock                                                                   
200012cc  ti_sysbios_family_arm_m3_Hwi_Module__root__V                              
200012d4  ti_sysbios_gates_GateHwi_Module__root__V                                  
200012dc  ti_sysbios_gates_GateMutex_Module__root__V                                
200012e4  ti_sysbios_hal_Hwi_Module__root__V                                        
200012ec  ti_sysbios_heaps_HeapMem_Module__root__V                                  
200012f4  ti_sysbios_knl_Clock_Module__root__V                                      
200012fc  ti_sysbios_knl_Mailbox_Module__root__V                                    
20001304  ti_sysbios_knl_Queue_Module__root__V                                      
2000130c  ti_sysbios_knl_Semaphore_Module__root__V                                  
20001314  ti_sysbios_knl_Swi_Module__root__V                                        
2000131c  ti_sysbios_knl_Task_Module__root__V                                       
20001324  xdc_runtime_Registry_Module__state__V                                     
20001330  main_func_sp                                                              
20001334  ti_sysbios_family_arm_m3_Hwi_Module_State_0_excContext__A                 
20001338  ti_sysbios_family_arm_m3_Hwi_Module_State_0_excStack__A                   
2000133c  ti_sysbios_knl_Task_Module_State_0_idleTask__A                            
20001340  ti_sysbios_heaps_HeapMem_Instance_State_0_buf__A                          
200019c0  ti_sysbios_knl_Task_Instance_State_0_stack__A                             
20001bc0  uartCC26XXObjects                                                         
20001cec  PIN_NumPins                                                               
20001d80  PIN_HandleTable                                                           
20001dfc  ti_sysbios_family_arm_m3_Hwi_dispatchTable                                
20001f44  displayUartObject                                                         
20001f98  trngCC26XXObjects                                                         
20001f9e  driverlib_release_0_47020                                                 
20001f9f  heapStart                                                                 
20003f20  __stack                                                                   
20003f20  heapEnd                                                                   
20004320  __STACK_END                                                               
20004320  __STACK_TOP                                                               
20004f2c  A4_rw                                                                     
20004f2c  COMMON_RAM_BASE_ADDR                                                      
20004f40  P2_rw                                                                     
20004f40  P2_s0                                                                     
20004f40  eccRom_windowSize                                                         
20004f44  eccRom_workzone                                                           
20004f48  eccRom_param_p                                                            
20004f4c  eccRom_param_r                                                            
20004f50  eccRom_param_a                                                            
20004f54  inScalar                                                                  
20004f58  inPointX                                                                  
20004f5c  inPointY                                                                  
20004f60  outPointX                                                                 
20004f64  outPointY                                                                 
20004f68  SCAL                                                                      
20004f6c  EXPX                                                                      
20004f70  EXPY                                                                      
20004f74  EXPZ                                                                      
20004f78  EXPW                                                                      
20004f7c  ACCX                                                                      
20004f80  ACCY                                                                      
20004f84  ACCZ                                                                      
20004f88  TMP1                                                                      
20004f8c  TMP2                                                                      
20004f90  TMP3                                                                      
20004f94  TMP4                                                                      
20004f98  TMP5                                                                      
20004f9c  TMP6                                                                      
20004fa0  eccRom_param_Gx                                                           
20004fa4  eccRom_param_Gy                                                           
20004fa8  eccRom_param_b                                                            
20004fac  P2_zi                                                                     
20004fac  ratChanInfo                                                               
20004fcc  fwInfoCmd                                                                 
20004fd8  MSBMOD                                                                    
20004fdc  aux64                                                                     
20004fe4  MOD                                                                       
20004fe8  LEN                                                                       
20004ffc  pSspAesEncrypt_Sw                                                         
e000e000  ti_sysbios_family_arm_m3_Hwi_nvic                                         
ffffffff  __TI_pprof_out_hndl                                                       
ffffffff  __TI_prof_data_size                                                       
ffffffff  __TI_prof_data_start                                                      
ffffffff  __binit__                                                                 
ffffffff  __c_args__                                                                
ffffffff  binit                                                                     
UNDEFED   HwiP_restore                                                              
UNDEFED   SHT$$INIT_ARRAY$$Base                                                     
UNDEFED   SHT$$INIT_ARRAY$$Limit                                                    
UNDEFED   ti_sysbios_BIOS_RtsGateProxy_Handle__label__S__mangled__                  
UNDEFED   ti_sysbios_BIOS_RtsGateProxy_Object__delete__S__mangled__                 
UNDEFED   ti_sysbios_BIOS_RtsGateProxy_Params__init__S__mangled__                   
UNDEFED   ti_sysbios_BIOS_RtsGateProxy_query__E__mangled__                          
UNDEFED   ti_sysbios_hal_Hwi_HwiProxy_Module__startupDone__S__mangled__             
UNDEFED   ti_sysbios_hal_Hwi_HwiProxy_Object__delete__S__mangled__                  
UNDEFED   ti_sysbios_hal_Hwi_HwiProxy_Params__init__S__mangled__                    
UNDEFED   ti_sysbios_hal_Hwi_HwiProxy_disableInterrupt__E__mangled__                
UNDEFED   ti_sysbios_hal_Hwi_HwiProxy_enableInterrupt__E__mangled__                 
UNDEFED   ti_sysbios_hal_Hwi_HwiProxy_getStackInfo__E__mangled__                    
UNDEFED   ti_sysbios_hal_Hwi_HwiProxy_startup__E__mangled__                         
UNDEFED   ti_sysbios_hal_Hwi_HwiProxy_switchFromBootStack__E__mangled__             
UNDEFED   ti_sysbios_hal_Hwi_disableInterrupt__E                                    
UNDEFED   ti_sysbios_hal_Hwi_enableInterrupt__E                                     
UNDEFED   ti_sysbios_hal_Hwi_getStackInfo__E                                        
UNDEFED   ti_sysbios_hal_Hwi_startup__E                                             
UNDEFED   ti_sysbios_hal_Hwi_switchFromBootStack__E                                 
UNDEFED   ti_sysbios_heaps_HeapMem_Module_GateProxy_Handle__label__S__mangled__     
UNDEFED   ti_sysbios_heaps_HeapMem_Module_GateProxy_Object__delete__S__mangled__    
UNDEFED   ti_sysbios_heaps_HeapMem_Module_GateProxy_Params__init__S__mangled__      
UNDEFED   ti_sysbios_heaps_HeapMem_Module_GateProxy_query__E__mangled__             
UNDEFED   ti_sysbios_knl_Clock_TimerProxy_Module__startupDone__S__mangled__         
UNDEFED   ti_sysbios_knl_Clock_TimerProxy_startup__E__mangled__                     
UNDEFED   ti_sysbios_knl_Task_SupportProxy_Module__startupDone__S__mangled__        
UNDEFED   ti_sysbios_knl_Task_SupportProxy_getStackAlignment__E__mangled__          
UNDEFED   ti_sysbios_knl_Task_SupportProxy_start__E__mangled__                      
UNDEFED   ti_sysbios_knl_Task_SupportProxy_swap__E__mangled__                       
UNDEFED   xdc_runtime_Main_Module_GateProxy_Handle__label__S                        
UNDEFED   xdc_runtime_Main_Module_GateProxy_Object__delete__S                       
UNDEFED   xdc_runtime_Main_Module_GateProxy_query__E                                
UNDEFED   xdc_runtime_Memory_HeapProxy_Handle__label__S__mangled__                  
UNDEFED   xdc_runtime_Memory_HeapProxy_Object__delete__S__mangled__                 
UNDEFED   xdc_runtime_System_Module_GateProxy_Handle__label__S__mangled__           
UNDEFED   xdc_runtime_System_Module_GateProxy_Object__delete__S__mangled__          
UNDEFED   xdc_runtime_System_Module_GateProxy_query__E__mangled__                   
UNDEFED   xdc_runtime_System_SupportProxy_abort__E                                  
UNDEFED   xdc_runtime_System_SupportProxy_exit__E                                   
UNDEFED   xdc_runtime_Timestamp_SupportProxy_get64__E__mangled__                    
UNDEFED   xdc_runtime_Timestamp_SupportProxy_getFreq__E__mangled__                  
UNDEFED   xdc_runtime_Timestamp_get32__E                                            
UNDEFED   xdc_runtime_Timestamp_get64__E                                            
UNDEFED   xdc_runtime_Timestamp_getFreq__E                                          

[1055 symbols]
