******************************************************************************
                  TI ARM Linker PC v16.9.4                     
******************************************************************************
>> Linked Tue Jul 31 15:36:11 2018

OUTPUT FILE NAME:   <simple_peripheral_cc2650lp_app.out>
ENTRY POINT SYMBOL: "ResetISR"  address: 00006879


MEMORY CONFIGURATION

         name            origin    length      used     unused   attr    fill
----------------------  --------  ---------  --------  --------  ----  --------
  FLASH                 00000000   0000f000  000090c6  00005f3a  R  X
  FLASH_LAST_PAGE       0001f000   00001000  00000058  00000fa8  R  X
  SRAM                  20000000   00004320  000023cb  00001f55  RW X


SEGMENT ALLOCATION MAP

run origin  load origin   length   init length attrs members
----------  ----------- ---------- ----------- ----- -------
00000000    00000000    000090d0   000090d0    r-x
  00000000    00000000    0000003c   0000003c    r-- .resetVecs
  0000003c    0000003c    000000c4   000000c4    r-x .text.1
  00000100    00000100    0000003c   0000003c    r-- .const:ti_sysbios_knl_Task_Object__PARAMS__C
  0000013c    0000013c    00000034   00000034    r-- .const:ti_sysbios_knl_Mailbox_Object__PARAMS__C
  00000170    00000170    00000030   00000030    r-- .const:ti_sysbios_family_arm_m3_Hwi_Object__PARAMS__C
  000001a0    000001a0    0000002c   0000002c    r-- .const:ti_sysbios_hal_Hwi_Object__PARAMS__C
  000001cc    000001cc    00000028   00000028    r-- .const:ti_sysbios_heaps_HeapMem_Module__FXNS__C
  000001f4    000001f4    00000028   00000028    r-- .const:ti_sysbios_knl_Swi_Object__PARAMS__C
  0000021c    0000021c    00000024   00000024    r-- .const:ti_sysbios_gates_GateHwi_Module__FXNS__C
  00000240    00000240    00000024   00000024    r-- .const:ti_sysbios_gates_GateMutex_Module__FXNS__C
  00000264    00000264    00000024   00000024    r-- .const:ti_sysbios_heaps_HeapMem_Object__PARAMS__C
  00000288    00000288    00000024   00000024    r-- .const:ti_sysbios_knl_Clock_Object__PARAMS__C
  000002ac    000002ac    00000024   00000024    r-- .const:ti_sysbios_knl_Semaphore_Object__PARAMS__C
  000002d0    000002d0    00000020   00000020    r-- .const:ti_sysbios_family_arm_m3_Hwi_Object__DESC__C
  000002f0    000002f0    00000020   00000020    r-- .const:ti_sysbios_gates_GateHwi_Object__DESC__C
  00000310    00000310    00000020   00000020    r-- .const:ti_sysbios_gates_GateMutex_Object__DESC__C
  00000330    00000330    00000020   00000020    r-- .const:ti_sysbios_hal_Hwi_Object__DESC__C
  00000350    00000350    00000020   00000020    r-- .const:ti_sysbios_heaps_HeapMem_Object__DESC__C
  00000370    00000370    00000020   00000020    r-- .const:ti_sysbios_knl_Clock_Object__DESC__C
  00000390    00000390    00000020   00000020    r-- .const:ti_sysbios_knl_Mailbox_Object__DESC__C
  000003b0    000003b0    00000020   00000020    r-- .const:ti_sysbios_knl_Queue_Object__DESC__C
  000003d0    000003d0    00000020   00000020    r-- .const:ti_sysbios_knl_Semaphore_Object__DESC__C
  000003f0    000003f0    00000020   00000020    r-- .const:ti_sysbios_knl_Swi_Object__DESC__C
  00000410    00000410    00000020   00000020    r-- .const:ti_sysbios_knl_Task_Object__DESC__C
  00000430    00000430    00000018   00000018    r-- .const:ti_sysbios_gates_GateHwi_Object__PARAMS__C
  00000448    00000448    00000018   00000018    r-- .const:ti_sysbios_gates_GateMutex_Object__PARAMS__C
  00000460    00000460    00000018   00000018    r-- .const:ti_sysbios_knl_Queue_Object__PARAMS__C
  00000478    00000478    00000008   00000008    r-- .const:ti_sysbios_knl_Idle_funcList__C
  00000480    00000480    00000004   00000004    r-x .text.2
  00000484    00000484    00000004   00000004    r-- .const:ti_sysbios_family_arm_cc26xx_Timer_startupNeeded__C
  00000488    00000488    00000004   00000004    r-- .const:ti_sysbios_family_arm_m3_Hwi_E_alreadyDefined__C
  0000048c    0000048c    00000004   00000004    r-- .const:ti_sysbios_family_arm_m3_Hwi_E_hwiLimitExceeded__C
  00000490    00000490    00000004   00000004    r-- .const:ti_sysbios_family_arm_m3_Hwi_NUM_INTERRUPTS__C
  00000494    00000494    00000004   00000004    r-- .const:ti_sysbios_family_arm_m3_Hwi_Object__count__C
  00000498    00000498    00000004   00000004    r-- .const:ti_sysbios_family_arm_m3_Hwi_Object__table__C
  0000049c    0000049c    00000004   00000004    r-- .const:ti_sysbios_family_arm_m3_Hwi_ccr__C
  000004a0    000004a0    00000004   00000004    r-- .const:ti_sysbios_family_arm_m3_Hwi_excHandlerFunc__C
  000004a4    000004a4    00000004   00000004    r-- .const:ti_sysbios_family_arm_m3_Hwi_nullIsrFunc__C
  000004a8    000004a8    00000004   00000004    r-- .const:ti_sysbios_family_arm_m3_Hwi_numSparseInterrupts__C
  000004ac    000004ac    00000004   00000004    r-- .const:ti_sysbios_family_arm_m3_Hwi_priGroup__C
  000004b0    000004b0    00000004   00000004    r-- .const:ti_sysbios_family_arm_m3_TaskSupport_stackAlignment__C
  000004b4    000004b4    00000004   00000004    r-- .const:ti_sysbios_heaps_HeapMem_E_memory__C
  000004b8    000004b8    00000004   00000004    r-- .const:ti_sysbios_heaps_HeapMem_Module__gateObj__C
  000004bc    000004bc    00000004   00000004    r-- .const:ti_sysbios_heaps_HeapMem_Object__count__C
  000004c0    000004c0    00000004   00000004    r-- .const:ti_sysbios_heaps_HeapMem_Object__table__C
  000004c4    000004c4    00000004   00000004    r-- .const:ti_sysbios_heaps_HeapMem_reqAlign__C
  000004c8    000004c8    00000004   00000004    r-- .const:ti_sysbios_knl_Clock_serviceMargin__C
  000004cc    000004cc    00000004   00000004    r-- .const:ti_sysbios_knl_Mailbox_Object__count__C
  000004d0    000004d0    00000004   00000004    r-- .const:ti_sysbios_knl_Mailbox_Object__table__C
  000004d4    000004d4    00000004   00000004    r-- .const:ti_sysbios_knl_Queue_Object__count__C
  000004d8    000004d8    00000004   00000004    r-- .const:ti_sysbios_knl_Queue_Object__table__C
  000004dc    000004dc    00000004   00000004    r-- .const:ti_sysbios_knl_Swi_Object__count__C
  000004e0    000004e0    00000004   00000004    r-- .const:ti_sysbios_knl_Swi_Object__table__C
  000004e4    000004e4    00000004   00000004    r-- .const:ti_sysbios_knl_Swi_numPriorities__C
  000004e8    000004e8    00000004   00000004    r-- .const:ti_sysbios_knl_Task_Object__count__C
  000004ec    000004ec    00000004   00000004    r-- .const:ti_sysbios_knl_Task_Object__table__C
  000004f0    000004f0    00000004   00000004    r-- .const:ti_sysbios_knl_Task_allBlockedFunc__C
  000004f4    000004f4    00000004   00000004    r-- .const:ti_sysbios_knl_Task_defaultStackHeap__C
  000004f8    000004f8    00000004   00000004    r-- .const:ti_sysbios_knl_Task_defaultStackSize__C
  000004fc    000004fc    00000004   00000004    r-- .const:ti_sysbios_knl_Task_numConstructedTasks__C
  00000500    00000500    00000002   00000002    r-x .text.3
  00000502    00000502    00000002   00000002    r-- .const:ti_sysbios_family_arm_cc26xx_Timer_Module__id__C
  00000504    00000504    00000002   00000002    r-- .const:ti_sysbios_family_arm_cc26xx_TimestampProvider_useClockTimer__C
  00000506    00000506    00000002   00000002    r-- .const:ti_sysbios_family_arm_m3_Hwi_Module__id__C
  00000508    00000508    00000002   00000002    r-- .const:ti_sysbios_gates_GateHwi_Module__id__C
  0000050a    0000050a    00000002   00000002    r-- .const:ti_sysbios_gates_GateMutex_Module__id__C
  0000050c    0000050c    00000002   00000002    r-- .const:ti_sysbios_heaps_HeapMem_Module__id__C
  0000050e    0000050e    00000002   00000002    r-- .const:ti_sysbios_knl_Task_initStackFlag__C
  00000510    00000510    00000001   00000001    r-- .const:ti_sysbios_knl_Clock_tickMode__C
  00000514    00000514    00000008   00000008    r-- .const:xdc_runtime_Startup_firstFxns__C
  0000051c    0000051c    00000008   00000008    r-- .const:xdc_runtime_Startup_lastFxns__C
  00000524    00000524    00000004   00000004    r-- .const:xdc_runtime_Assert_E_assertFailed__C
  00000528    00000528    00000004   00000004    r-- .const:xdc_runtime_Error_E_memory__C
  0000052c    0000052c    00000004   00000004    r-- .const:xdc_runtime_Error_policyFxn__C
  00000530    00000530    00000004   00000004    r-- .const:xdc_runtime_IGateProvider_Interface__BASE__C
  00000534    00000534    00000004   00000004    r-- .const:xdc_runtime_IHeap_Interface__BASE__C
  00000538    00000538    00000004   00000004    r-- .const:xdc_runtime_IModule_Interface__BASE__C
  0000053c    0000053c    00000004   00000004    r-- .const:xdc_runtime_Main_Module__diagsEnabled__C
  00000540    00000540    00000004   00000004    r-- .const:xdc_runtime_Main_Module__diagsIncluded__C
  00000544    00000544    00000004   00000004    r-- .const:xdc_runtime_Main_Module__diagsMask__C
  00000548    00000548    00000004   00000004    r-- .const:xdc_runtime_Memory_defaultHeapInstance__C
  0000054c    0000054c    00000004   00000004    r-- .const:xdc_runtime_Startup_execImpl__C
  00000550    00000550    00000004   00000004    r-- .const:xdc_runtime_Startup_maxPasses__C
  00000554    00000554    00000004   00000004    r-- .const:xdc_runtime_Startup_sfxnRts__C
  00000558    00000558    00000004   00000004    r-- .const:xdc_runtime_Startup_sfxnTab__C
  0000055c    0000055c    00000004   00000004    r-- .const:xdc_runtime_Startup_startModsFxn__C
  00000560    00000560    00000004   00000004    r-- .const:xdc_runtime_SysCallback_abortFxn__C
  00000564    00000564    00000004   00000004    r-- .const:xdc_runtime_SysCallback_exitFxn__C
  00000568    00000568    00000004   00000004    r-- .const:xdc_runtime_System_abortFxn__C
  0000056c    0000056c    00000004   00000004    r-- .const:xdc_runtime_System_exitFxn__C
  00000570    00000570    00000004   00000004    r-- .const:xdc_runtime_System_maxAtexitHandlers__C
  00000574    00000574    00000004   00000004    r-- .const:xdc_runtime_Text_charTab__C
  00000578    00000578    00000004   00000004    r-- .const:xdc_runtime_Text_nameEmpty__C
  0000057c    0000057c    00000004   00000004    r-- .const:xdc_runtime_Text_nameStatic__C
  00000580    00000580    00000004   00000004    r-- .const:xdc_runtime_Text_nameUnknown__C
  00000584    00000584    00000002   00000002    r-- .const:xdc_runtime_Main_Module__id__C
  00000586    00000586    00000002   00000002    r-- .const:xdc_runtime_Memory_Module__id__C
  00000588    00000588    00000002   00000002    r-- .const:xdc_runtime_Text_charCnt__C
  0000058a    0000058a    00000002   00000002    r-- .const:xdc_runtime_Text_isLoaded__C
  0000058c    0000058c    00000001   00000001    r-- .const:xdc_runtime_Error_policy__C
  00000590    00000590    00000004   00000004    r-- .const:ti_sysbios_rom_ROM_AONRTCChannelEnable
  00000594    00000594    00000004   00000004    r-- .const:ti_sysbios_rom_ROM_AONRTCCompareValueSet
  00000598    00000598    00000004   00000004    r-- .const:ti_sysbios_rom_ROM_AONRTCCurrentCompareValueGet
  0000059c    0000059c    00000004   00000004    r-- .const:ti_sysbios_rom_ROM_AONRTCEventClear
  000005a0    000005a0    00000004   00000004    r-- .const:ti_sysbios_rom_ROM_ti_sysbios_family_arm_cc26xx_Timer_getCount64__E
  000005a4    000005a4    00000004   00000004    r-- .const:ti_sysbios_rom_ROM_ti_sysbios_family_arm_cc26xx_Timer_getCurrentTick__E
  000005a8    000005a8    00000004   00000004    r-- .const:ti_sysbios_rom_ROM_ti_sysbios_family_arm_cc26xx_Timer_getMaxTicks__E
  000005ac    000005ac    00000004   00000004    r-- .const:ti_sysbios_rom_ROM_ti_sysbios_family_arm_cc26xx_Timer_initDevice__I
  000005b0    000005b0    00000004   00000004    r-- .const:ti_sysbios_rom_ROM_ti_sysbios_family_arm_cc26xx_Timer_setNextTick__E
  000005b4    000005b4    00000004   00000004    r-- .const:ti_sysbios_rom_ROM_ti_sysbios_family_arm_cc26xx_Timer_setThreshold__I
  000005b8    000005b8    00000004   00000004    r-- .const:ti_sysbios_rom_ROM_ti_sysbios_family_arm_cc26xx_Timer_start__E
  000005bc    000005bc    00000004   00000004    r-- .const:ti_sysbios_rom_ROM_ti_sysbios_family_arm_cc26xx_TimestampProvider_get32__E
  000005c0    000005c0    00000004   00000004    r-- .const:ti_sysbios_rom_ROM_xdc_runtime_Startup_getState__I
  000005c4    000005c4    00000004   00000004    r-- .const:ti_sysbios_rom_ROM_xdc_runtime_System_SupportProxy_abort__E
  000005c8    000005c8    00000004   00000004    r-- .const:ti_sysbios_rom_ROM_xdc_runtime_System_SupportProxy_exit__E
  000005cc    000005cc    00000004   00000004    r-- .const:ti_sysbios_gates_GateMutex_Instance_State_sem__O
  000005d0    000005d0    00000004   00000004    r-- .const:ti_sysbios_knl_Clock_Module_State_clockQ__O
  000005d4    000005d4    00000004   00000004    r-- .const:ti_sysbios_knl_Mailbox_Instance_State_dataQue__O
  000005d8    000005d8    00000004   00000004    r-- .const:ti_sysbios_knl_Mailbox_Instance_State_dataSem__O
  000005dc    000005dc    00000004   00000004    r-- .const:ti_sysbios_knl_Mailbox_Instance_State_freeQue__O
  000005e0    000005e0    00000004   00000004    r-- .const:ti_sysbios_knl_Mailbox_Instance_State_freeSem__O
  000005e4    000005e4    00000004   00000004    r-- .const:ti_sysbios_knl_Semaphore_Instance_State_pendQ__O
  000005e8    000005e8    00000004   00000004    r-- .const:ti_sysbios_knl_Task_Module_State_inactiveQ__O
  000005ec    000005ec    000081d8   000081d8    r-x .text.4
  000087c4    000087c4    00000448   00000448    r-- .const
  00008c10    00008c10    000004c0   000004c0    r-- .cinit
0001ffa8    0001ffa8    00000058   00000058    r--
  0001ffa8    0001ffa8    00000058   00000058    r-- .ccfg
20000100    20000100    00001f07   00000000    rw-
  20000100    20000100    00000044   00000000    rw- .data:ti_sysbios_knl_Task_Module__state__V
  20000144    20000144    00000034   00000000    rw- .data:ti_sysbios_family_arm_m3_Hwi_Module__state__V
  20000178    20000178    0000002c   00000000    rw- .data:ti_sysbios_knl_Clock_Module__state__V
  200001a4    200001a4    00000024   00000000    rw- .data:ti_sysbios_BIOS_Module__state__V
  200001c8    200001c8    0000001c   00000000    rw- .data:ti_sysbios_knl_Swi_Module__state__V
  200001e4    200001e4    00000008   00000000    rw- .data:ti_sysbios_family_arm_cc26xx_Timer_Module__state__V
  200001ec    200001ec    00000004   00000000    rw- .data:ti_sysbios_family_arm_cc26xx_TimestampProvider_Module__state__V
  200001f0    200001f0    00000008   00000000    rw- .data:xdc_runtime_Startup_Module__state__V
  200001f8    200001f8    00000008   00000000    rw- .data:xdc_runtime_System_Module__state__V
  20000200    20000200    00000004   00000000    rw- .data:xdc_runtime_Memory_Module__state__V
  20000208    20000208    0000119c   00000000    rw- .data
  200013a8    200013a8    00000c5f   00000000    rw- .bss
20003f20    20003f20    00000400   00000000    rw-
  20003f20    20003f20    00000400   00000000    rw- .stack


SECTION ALLOCATION MAP

 output                                  attributes/
section   page    origin      length       input sections
--------  ----  ----------  ----------   ----------------
.resetVecs 
*          0    00000000    0000003c     
                  00000000    0000003c     app_ble_pem3.oem3 (.resetVecs)

.text.1    0    0000003c    000000c4     
                  0000003c    000000c0     simple_gatt_profile.obj (.text:SimpleProfile_SetParameter)
                  000000fc    00000004     icall.obj (.text:ICall_primAbort$15)

.const:ti_sysbios_knl_Task_Object__PARAMS__C 
*          0    00000100    0000003c     
                  00000100    0000003c     app_ble_pem3.oem3 (.const:ti_sysbios_knl_Task_Object__PARAMS__C)

.const:ti_sysbios_knl_Mailbox_Object__PARAMS__C 
*          0    0000013c    00000034     
                  0000013c    00000034     app_ble_pem3.oem3 (.const:ti_sysbios_knl_Mailbox_Object__PARAMS__C)

.const:ti_sysbios_family_arm_m3_Hwi_Object__PARAMS__C 
*          0    00000170    00000030     
                  00000170    00000030     app_ble_pem3.oem3 (.const:ti_sysbios_family_arm_m3_Hwi_Object__PARAMS__C)

.const:ti_sysbios_hal_Hwi_Object__PARAMS__C 
*          0    000001a0    0000002c     
                  000001a0    0000002c     app_ble_pem3.oem3 (.const:ti_sysbios_hal_Hwi_Object__PARAMS__C)

.const:ti_sysbios_heaps_HeapMem_Module__FXNS__C 
*          0    000001cc    00000028     
                  000001cc    00000028     app_ble_pem3.oem3 (.const:ti_sysbios_heaps_HeapMem_Module__FXNS__C)

.const:ti_sysbios_knl_Swi_Object__PARAMS__C 
*          0    000001f4    00000028     
                  000001f4    00000028     app_ble_pem3.oem3 (.const:ti_sysbios_knl_Swi_Object__PARAMS__C)

.const:ti_sysbios_gates_GateHwi_Module__FXNS__C 
*          0    0000021c    00000024     
                  0000021c    00000024     app_ble_pem3.oem3 (.const:ti_sysbios_gates_GateHwi_Module__FXNS__C)

.const:ti_sysbios_gates_GateMutex_Module__FXNS__C 
*          0    00000240    00000024     
                  00000240    00000024     app_ble_pem3.oem3 (.const:ti_sysbios_gates_GateMutex_Module__FXNS__C)

.const:ti_sysbios_heaps_HeapMem_Object__PARAMS__C 
*          0    00000264    00000024     
                  00000264    00000024     app_ble_pem3.oem3 (.const:ti_sysbios_heaps_HeapMem_Object__PARAMS__C)

.const:ti_sysbios_knl_Clock_Object__PARAMS__C 
*          0    00000288    00000024     
                  00000288    00000024     app_ble_pem3.oem3 (.const:ti_sysbios_knl_Clock_Object__PARAMS__C)

.const:ti_sysbios_knl_Semaphore_Object__PARAMS__C 
*          0    000002ac    00000024     
                  000002ac    00000024     app_ble_pem3.oem3 (.const:ti_sysbios_knl_Semaphore_Object__PARAMS__C)

.const:ti_sysbios_family_arm_m3_Hwi_Object__DESC__C 
*          0    000002d0    00000020     
                  000002d0    00000020     app_ble_pem3.oem3 (.const:ti_sysbios_family_arm_m3_Hwi_Object__DESC__C)

.const:ti_sysbios_gates_GateHwi_Object__DESC__C 
*          0    000002f0    00000020     
                  000002f0    00000020     app_ble_pem3.oem3 (.const:ti_sysbios_gates_GateHwi_Object__DESC__C)

.const:ti_sysbios_gates_GateMutex_Object__DESC__C 
*          0    00000310    00000020     
                  00000310    00000020     app_ble_pem3.oem3 (.const:ti_sysbios_gates_GateMutex_Object__DESC__C)

.const:ti_sysbios_hal_Hwi_Object__DESC__C 
*          0    00000330    00000020     
                  00000330    00000020     app_ble_pem3.oem3 (.const:ti_sysbios_hal_Hwi_Object__DESC__C)

.const:ti_sysbios_heaps_HeapMem_Object__DESC__C 
*          0    00000350    00000020     
                  00000350    00000020     app_ble_pem3.oem3 (.const:ti_sysbios_heaps_HeapMem_Object__DESC__C)

.const:ti_sysbios_knl_Clock_Object__DESC__C 
*          0    00000370    00000020     
                  00000370    00000020     app_ble_pem3.oem3 (.const:ti_sysbios_knl_Clock_Object__DESC__C)

.const:ti_sysbios_knl_Mailbox_Object__DESC__C 
*          0    00000390    00000020     
                  00000390    00000020     app_ble_pem3.oem3 (.const:ti_sysbios_knl_Mailbox_Object__DESC__C)

.const:ti_sysbios_knl_Queue_Object__DESC__C 
*          0    000003b0    00000020     
                  000003b0    00000020     app_ble_pem3.oem3 (.const:ti_sysbios_knl_Queue_Object__DESC__C)

.const:ti_sysbios_knl_Semaphore_Object__DESC__C 
*          0    000003d0    00000020     
                  000003d0    00000020     app_ble_pem3.oem3 (.const:ti_sysbios_knl_Semaphore_Object__DESC__C)

.const:ti_sysbios_knl_Swi_Object__DESC__C 
*          0    000003f0    00000020     
                  000003f0    00000020     app_ble_pem3.oem3 (.const:ti_sysbios_knl_Swi_Object__DESC__C)

.const:ti_sysbios_knl_Task_Object__DESC__C 
*          0    00000410    00000020     
                  00000410    00000020     app_ble_pem3.oem3 (.const:ti_sysbios_knl_Task_Object__DESC__C)

.const:ti_sysbios_gates_GateHwi_Object__PARAMS__C 
*          0    00000430    00000018     
                  00000430    00000018     app_ble_pem3.oem3 (.const:ti_sysbios_gates_GateHwi_Object__PARAMS__C)

.const:ti_sysbios_gates_GateMutex_Object__PARAMS__C 
*          0    00000448    00000018     
                  00000448    00000018     app_ble_pem3.oem3 (.const:ti_sysbios_gates_GateMutex_Object__PARAMS__C)

.const:ti_sysbios_knl_Queue_Object__PARAMS__C 
*          0    00000460    00000018     
                  00000460    00000018     app_ble_pem3.oem3 (.const:ti_sysbios_knl_Queue_Object__PARAMS__C)

.const:ti_sysbios_knl_Idle_funcList__C 
*          0    00000478    00000008     
                  00000478    00000008     app_ble_pem3.oem3 (.const:ti_sysbios_knl_Idle_funcList__C)

.text.2    0    00000480    00000004     
                  00000480    00000004     drivers_cc26xxware.aem3 : List.oem3 (.text:List_head)

.const:ti_sysbios_family_arm_cc26xx_Timer_startupNeeded__C 
*          0    00000484    00000004     
                  00000484    00000004     app_ble_pem3.oem3 (.const:ti_sysbios_family_arm_cc26xx_Timer_startupNeeded__C)

.const:ti_sysbios_family_arm_m3_Hwi_E_alreadyDefined__C 
*          0    00000488    00000004     
                  00000488    00000004     app_ble_pem3.oem3 (.const:ti_sysbios_family_arm_m3_Hwi_E_alreadyDefined__C)

.const:ti_sysbios_family_arm_m3_Hwi_E_hwiLimitExceeded__C 
*          0    0000048c    00000004     
                  0000048c    00000004     app_ble_pem3.oem3 (.const:ti_sysbios_family_arm_m3_Hwi_E_hwiLimitExceeded__C)

.const:ti_sysbios_family_arm_m3_Hwi_NUM_INTERRUPTS__C 
*          0    00000490    00000004     
                  00000490    00000004     app_ble_pem3.oem3 (.const:ti_sysbios_family_arm_m3_Hwi_NUM_INTERRUPTS__C)

.const:ti_sysbios_family_arm_m3_Hwi_Object__count__C 
*          0    00000494    00000004     
                  00000494    00000004     app_ble_pem3.oem3 (.const:ti_sysbios_family_arm_m3_Hwi_Object__count__C)

.const:ti_sysbios_family_arm_m3_Hwi_Object__table__C 
*          0    00000498    00000004     
                  00000498    00000004     app_ble_pem3.oem3 (.const:ti_sysbios_family_arm_m3_Hwi_Object__table__C)

.const:ti_sysbios_family_arm_m3_Hwi_ccr__C 
*          0    0000049c    00000004     
                  0000049c    00000004     app_ble_pem3.oem3 (.const:ti_sysbios_family_arm_m3_Hwi_ccr__C)

.const:ti_sysbios_family_arm_m3_Hwi_excHandlerFunc__C 
*          0    000004a0    00000004     
                  000004a0    00000004     app_ble_pem3.oem3 (.const:ti_sysbios_family_arm_m3_Hwi_excHandlerFunc__C)

.const:ti_sysbios_family_arm_m3_Hwi_nullIsrFunc__C 
*          0    000004a4    00000004     
                  000004a4    00000004     app_ble_pem3.oem3 (.const:ti_sysbios_family_arm_m3_Hwi_nullIsrFunc__C)

.const:ti_sysbios_family_arm_m3_Hwi_numSparseInterrupts__C 
*          0    000004a8    00000004     
                  000004a8    00000004     app_ble_pem3.oem3 (.const:ti_sysbios_family_arm_m3_Hwi_numSparseInterrupts__C)

.const:ti_sysbios_family_arm_m3_Hwi_priGroup__C 
*          0    000004ac    00000004     
                  000004ac    00000004     app_ble_pem3.oem3 (.const:ti_sysbios_family_arm_m3_Hwi_priGroup__C)

.const:ti_sysbios_family_arm_m3_TaskSupport_stackAlignment__C 
*          0    000004b0    00000004     
                  000004b0    00000004     app_ble_pem3.oem3 (.const:ti_sysbios_family_arm_m3_TaskSupport_stackAlignment__C)

.const:ti_sysbios_heaps_HeapMem_E_memory__C 
*          0    000004b4    00000004     
                  000004b4    00000004     app_ble_pem3.oem3 (.const:ti_sysbios_heaps_HeapMem_E_memory__C)

.const:ti_sysbios_heaps_HeapMem_Module__gateObj__C 
*          0    000004b8    00000004     
                  000004b8    00000004     app_ble_pem3.oem3 (.const:ti_sysbios_heaps_HeapMem_Module__gateObj__C)

.const:ti_sysbios_heaps_HeapMem_Object__count__C 
*          0    000004bc    00000004     
                  000004bc    00000004     app_ble_pem3.oem3 (.const:ti_sysbios_heaps_HeapMem_Object__count__C)

.const:ti_sysbios_heaps_HeapMem_Object__table__C 
*          0    000004c0    00000004     
                  000004c0    00000004     app_ble_pem3.oem3 (.const:ti_sysbios_heaps_HeapMem_Object__table__C)

.const:ti_sysbios_heaps_HeapMem_reqAlign__C 
*          0    000004c4    00000004     
                  000004c4    00000004     app_ble_pem3.oem3 (.const:ti_sysbios_heaps_HeapMem_reqAlign__C)

.const:ti_sysbios_knl_Clock_serviceMargin__C 
*          0    000004c8    00000004     
                  000004c8    00000004     app_ble_pem3.oem3 (.const:ti_sysbios_knl_Clock_serviceMargin__C)

.const:ti_sysbios_knl_Mailbox_Object__count__C 
*          0    000004cc    00000004     
                  000004cc    00000004     app_ble_pem3.oem3 (.const:ti_sysbios_knl_Mailbox_Object__count__C)

.const:ti_sysbios_knl_Mailbox_Object__table__C 
*          0    000004d0    00000004     
                  000004d0    00000004     app_ble_pem3.oem3 (.const:ti_sysbios_knl_Mailbox_Object__table__C)

.const:ti_sysbios_knl_Queue_Object__count__C 
*          0    000004d4    00000004     
                  000004d4    00000004     app_ble_pem3.oem3 (.const:ti_sysbios_knl_Queue_Object__count__C)

.const:ti_sysbios_knl_Queue_Object__table__C 
*          0    000004d8    00000004     
                  000004d8    00000004     app_ble_pem3.oem3 (.const:ti_sysbios_knl_Queue_Object__table__C)

.const:ti_sysbios_knl_Swi_Object__count__C 
*          0    000004dc    00000004     
                  000004dc    00000004     app_ble_pem3.oem3 (.const:ti_sysbios_knl_Swi_Object__count__C)

.const:ti_sysbios_knl_Swi_Object__table__C 
*          0    000004e0    00000004     
                  000004e0    00000004     app_ble_pem3.oem3 (.const:ti_sysbios_knl_Swi_Object__table__C)

.const:ti_sysbios_knl_Swi_numPriorities__C 
*          0    000004e4    00000004     
                  000004e4    00000004     app_ble_pem3.oem3 (.const:ti_sysbios_knl_Swi_numPriorities__C)

.const:ti_sysbios_knl_Task_Object__count__C 
*          0    000004e8    00000004     
                  000004e8    00000004     app_ble_pem3.oem3 (.const:ti_sysbios_knl_Task_Object__count__C)

.const:ti_sysbios_knl_Task_Object__table__C 
*          0    000004ec    00000004     
                  000004ec    00000004     app_ble_pem3.oem3 (.const:ti_sysbios_knl_Task_Object__table__C)

.const:ti_sysbios_knl_Task_allBlockedFunc__C 
*          0    000004f0    00000004     
                  000004f0    00000004     app_ble_pem3.oem3 (.const:ti_sysbios_knl_Task_allBlockedFunc__C)

.const:ti_sysbios_knl_Task_defaultStackHeap__C 
*          0    000004f4    00000004     
                  000004f4    00000004     app_ble_pem3.oem3 (.const:ti_sysbios_knl_Task_defaultStackHeap__C)

.const:ti_sysbios_knl_Task_defaultStackSize__C 
*          0    000004f8    00000004     
                  000004f8    00000004     app_ble_pem3.oem3 (.const:ti_sysbios_knl_Task_defaultStackSize__C)

.const:ti_sysbios_knl_Task_numConstructedTasks__C 
*          0    000004fc    00000004     
                  000004fc    00000004     app_ble_pem3.oem3 (.const:ti_sysbios_knl_Task_numConstructedTasks__C)

.text.3    0    00000500    00000002     
                  00000500    00000002     ble_user_config.obj (.text:DefaultAssertCback)

.const:ti_sysbios_family_arm_cc26xx_Timer_Module__id__C 
*          0    00000502    00000002     
                  00000502    00000002     app_ble_pem3.oem3 (.const:ti_sysbios_family_arm_cc26xx_Timer_Module__id__C)

.const:ti_sysbios_family_arm_cc26xx_TimestampProvider_useClockTimer__C 
*          0    00000504    00000002     
                  00000504    00000002     app_ble_pem3.oem3 (.const:ti_sysbios_family_arm_cc26xx_TimestampProvider_useClockTimer__C)

.const:ti_sysbios_family_arm_m3_Hwi_Module__id__C 
*          0    00000506    00000002     
                  00000506    00000002     app_ble_pem3.oem3 (.const:ti_sysbios_family_arm_m3_Hwi_Module__id__C)

.const:ti_sysbios_gates_GateHwi_Module__id__C 
*          0    00000508    00000002     
                  00000508    00000002     app_ble_pem3.oem3 (.const:ti_sysbios_gates_GateHwi_Module__id__C)

.const:ti_sysbios_gates_GateMutex_Module__id__C 
*          0    0000050a    00000002     
                  0000050a    00000002     app_ble_pem3.oem3 (.const:ti_sysbios_gates_GateMutex_Module__id__C)

.const:ti_sysbios_heaps_HeapMem_Module__id__C 
*          0    0000050c    00000002     
                  0000050c    00000002     app_ble_pem3.oem3 (.const:ti_sysbios_heaps_HeapMem_Module__id__C)

.const:ti_sysbios_knl_Task_initStackFlag__C 
*          0    0000050e    00000002     
                  0000050e    00000002     app_ble_pem3.oem3 (.const:ti_sysbios_knl_Task_initStackFlag__C)

.const:ti_sysbios_knl_Clock_tickMode__C 
*          0    00000510    00000001     
                  00000510    00000001     app_ble_pem3.oem3 (.const:ti_sysbios_knl_Clock_tickMode__C)

.const:xdc_runtime_Startup_firstFxns__C 
*          0    00000514    00000008     
                  00000514    00000008     app_ble_pem3.oem3 (.const:xdc_runtime_Startup_firstFxns__C)

.const:xdc_runtime_Startup_lastFxns__C 
*          0    0000051c    00000008     
                  0000051c    00000008     app_ble_pem3.oem3 (.const:xdc_runtime_Startup_lastFxns__C)

.const:xdc_runtime_Assert_E_assertFailed__C 
*          0    00000524    00000004     
                  00000524    00000004     app_ble_pem3.oem3 (.const:xdc_runtime_Assert_E_assertFailed__C)

.const:xdc_runtime_Error_E_memory__C 
*          0    00000528    00000004     
                  00000528    00000004     app_ble_pem3.oem3 (.const:xdc_runtime_Error_E_memory__C)

.const:xdc_runtime_Error_policyFxn__C 
*          0    0000052c    00000004     
                  0000052c    00000004     app_ble_pem3.oem3 (.const:xdc_runtime_Error_policyFxn__C)

.const:xdc_runtime_IGateProvider_Interface__BASE__C 
*          0    00000530    00000004     
                  00000530    00000004     app_ble_pem3.oem3 (.const:xdc_runtime_IGateProvider_Interface__BASE__C)

.const:xdc_runtime_IHeap_Interface__BASE__C 
*          0    00000534    00000004     
                  00000534    00000004     app_ble_pem3.oem3 (.const:xdc_runtime_IHeap_Interface__BASE__C)

.const:xdc_runtime_IModule_Interface__BASE__C 
*          0    00000538    00000004     
                  00000538    00000004     app_ble_pem3.oem3 (.const:xdc_runtime_IModule_Interface__BASE__C)

.const:xdc_runtime_Main_Module__diagsEnabled__C 
*          0    0000053c    00000004     
                  0000053c    00000004     app_ble_pem3.oem3 (.const:xdc_runtime_Main_Module__diagsEnabled__C)

.const:xdc_runtime_Main_Module__diagsIncluded__C 
*          0    00000540    00000004     
                  00000540    00000004     app_ble_pem3.oem3 (.const:xdc_runtime_Main_Module__diagsIncluded__C)

.const:xdc_runtime_Main_Module__diagsMask__C 
*          0    00000544    00000004     
                  00000544    00000004     app_ble_pem3.oem3 (.const:xdc_runtime_Main_Module__diagsMask__C)

.const:xdc_runtime_Memory_defaultHeapInstance__C 
*          0    00000548    00000004     
                  00000548    00000004     app_ble_pem3.oem3 (.const:xdc_runtime_Memory_defaultHeapInstance__C)

.const:xdc_runtime_Startup_execImpl__C 
*          0    0000054c    00000004     
                  0000054c    00000004     app_ble_pem3.oem3 (.const:xdc_runtime_Startup_execImpl__C)

.const:xdc_runtime_Startup_maxPasses__C 
*          0    00000550    00000004     
                  00000550    00000004     app_ble_pem3.oem3 (.const:xdc_runtime_Startup_maxPasses__C)

.const:xdc_runtime_Startup_sfxnRts__C 
*          0    00000554    00000004     
                  00000554    00000004     app_ble_pem3.oem3 (.const:xdc_runtime_Startup_sfxnRts__C)

.const:xdc_runtime_Startup_sfxnTab__C 
*          0    00000558    00000004     
                  00000558    00000004     app_ble_pem3.oem3 (.const:xdc_runtime_Startup_sfxnTab__C)

.const:xdc_runtime_Startup_startModsFxn__C 
*          0    0000055c    00000004     
                  0000055c    00000004     app_ble_pem3.oem3 (.const:xdc_runtime_Startup_startModsFxn__C)

.const:xdc_runtime_SysCallback_abortFxn__C 
*          0    00000560    00000004     
                  00000560    00000004     app_ble_pem3.oem3 (.const:xdc_runtime_SysCallback_abortFxn__C)

.const:xdc_runtime_SysCallback_exitFxn__C 
*          0    00000564    00000004     
                  00000564    00000004     app_ble_pem3.oem3 (.const:xdc_runtime_SysCallback_exitFxn__C)

.const:xdc_runtime_System_abortFxn__C 
*          0    00000568    00000004     
                  00000568    00000004     app_ble_pem3.oem3 (.const:xdc_runtime_System_abortFxn__C)

.const:xdc_runtime_System_exitFxn__C 
*          0    0000056c    00000004     
                  0000056c    00000004     app_ble_pem3.oem3 (.const:xdc_runtime_System_exitFxn__C)

.const:xdc_runtime_System_maxAtexitHandlers__C 
*          0    00000570    00000004     
                  00000570    00000004     app_ble_pem3.oem3 (.const:xdc_runtime_System_maxAtexitHandlers__C)

.const:xdc_runtime_Text_charTab__C 
*          0    00000574    00000004     
                  00000574    00000004     app_ble_pem3.oem3 (.const:xdc_runtime_Text_charTab__C)

.const:xdc_runtime_Text_nameEmpty__C 
*          0    00000578    00000004     
                  00000578    00000004     app_ble_pem3.oem3 (.const:xdc_runtime_Text_nameEmpty__C)

.const:xdc_runtime_Text_nameStatic__C 
*          0    0000057c    00000004     
                  0000057c    00000004     app_ble_pem3.oem3 (.const:xdc_runtime_Text_nameStatic__C)

.const:xdc_runtime_Text_nameUnknown__C 
*          0    00000580    00000004     
                  00000580    00000004     app_ble_pem3.oem3 (.const:xdc_runtime_Text_nameUnknown__C)

.const:xdc_runtime_Main_Module__id__C 
*          0    00000584    00000002     
                  00000584    00000002     app_ble_pem3.oem3 (.const:xdc_runtime_Main_Module__id__C)

.const:xdc_runtime_Memory_Module__id__C 
*          0    00000586    00000002     
                  00000586    00000002     app_ble_pem3.oem3 (.const:xdc_runtime_Memory_Module__id__C)

.const:xdc_runtime_Text_charCnt__C 
*          0    00000588    00000002     
                  00000588    00000002     app_ble_pem3.oem3 (.const:xdc_runtime_Text_charCnt__C)

.const:xdc_runtime_Text_isLoaded__C 
*          0    0000058a    00000002     
                  0000058a    00000002     app_ble_pem3.oem3 (.const:xdc_runtime_Text_isLoaded__C)

.const:xdc_runtime_Error_policy__C 
*          0    0000058c    00000001     
                  0000058c    00000001     app_ble_pem3.oem3 (.const:xdc_runtime_Error_policy__C)

.const:ti_sysbios_rom_ROM_AONRTCChannelEnable 
*          0    00000590    00000004     
                  00000590    00000004     app_ble_pem3.oem3 (.const:ti_sysbios_rom_ROM_AONRTCChannelEnable)

.const:ti_sysbios_rom_ROM_AONRTCCompareValueSet 
*          0    00000594    00000004     
                  00000594    00000004     app_ble_pem3.oem3 (.const:ti_sysbios_rom_ROM_AONRTCCompareValueSet)

.const:ti_sysbios_rom_ROM_AONRTCCurrentCompareValueGet 
*          0    00000598    00000004     
                  00000598    00000004     app_ble_pem3.oem3 (.const:ti_sysbios_rom_ROM_AONRTCCurrentCompareValueGet)

.const:ti_sysbios_rom_ROM_AONRTCEventClear 
*          0    0000059c    00000004     
                  0000059c    00000004     app_ble_pem3.oem3 (.const:ti_sysbios_rom_ROM_AONRTCEventClear)

.const:ti_sysbios_rom_ROM_ti_sysbios_family_arm_cc26xx_Timer_getCount64__E 
*          0    000005a0    00000004     
                  000005a0    00000004     app_ble_pem3.oem3 (.const:ti_sysbios_rom_ROM_ti_sysbios_family_arm_cc26xx_Timer_getCount64__E)

.const:ti_sysbios_rom_ROM_ti_sysbios_family_arm_cc26xx_Timer_getCurrentTick__E 
*          0    000005a4    00000004     
                  000005a4    00000004     app_ble_pem3.oem3 (.const:ti_sysbios_rom_ROM_ti_sysbios_family_arm_cc26xx_Timer_getCurrentTick__E)

.const:ti_sysbios_rom_ROM_ti_sysbios_family_arm_cc26xx_Timer_getMaxTicks__E 
*          0    000005a8    00000004     
                  000005a8    00000004     app_ble_pem3.oem3 (.const:ti_sysbios_rom_ROM_ti_sysbios_family_arm_cc26xx_Timer_getMaxTicks__E)

.const:ti_sysbios_rom_ROM_ti_sysbios_family_arm_cc26xx_Timer_initDevice__I 
*          0    000005ac    00000004     
                  000005ac    00000004     app_ble_pem3.oem3 (.const:ti_sysbios_rom_ROM_ti_sysbios_family_arm_cc26xx_Timer_initDevice__I)

.const:ti_sysbios_rom_ROM_ti_sysbios_family_arm_cc26xx_Timer_setNextTick__E 
*          0    000005b0    00000004     
                  000005b0    00000004     app_ble_pem3.oem3 (.const:ti_sysbios_rom_ROM_ti_sysbios_family_arm_cc26xx_Timer_setNextTick__E)

.const:ti_sysbios_rom_ROM_ti_sysbios_family_arm_cc26xx_Timer_setThreshold__I 
*          0    000005b4    00000004     
                  000005b4    00000004     app_ble_pem3.oem3 (.const:ti_sysbios_rom_ROM_ti_sysbios_family_arm_cc26xx_Timer_setThreshold__I)

.const:ti_sysbios_rom_ROM_ti_sysbios_family_arm_cc26xx_Timer_start__E 
*          0    000005b8    00000004     
                  000005b8    00000004     app_ble_pem3.oem3 (.const:ti_sysbios_rom_ROM_ti_sysbios_family_arm_cc26xx_Timer_start__E)

.const:ti_sysbios_rom_ROM_ti_sysbios_family_arm_cc26xx_TimestampProvider_get32__E 
*          0    000005bc    00000004     
                  000005bc    00000004     app_ble_pem3.oem3 (.const:ti_sysbios_rom_ROM_ti_sysbios_family_arm_cc26xx_TimestampProvider_get32__E)

.const:ti_sysbios_rom_ROM_xdc_runtime_Startup_getState__I 
*          0    000005c0    00000004     
                  000005c0    00000004     app_ble_pem3.oem3 (.const:ti_sysbios_rom_ROM_xdc_runtime_Startup_getState__I)

.const:ti_sysbios_rom_ROM_xdc_runtime_System_SupportProxy_abort__E 
*          0    000005c4    00000004     
                  000005c4    00000004     app_ble_pem3.oem3 (.const:ti_sysbios_rom_ROM_xdc_runtime_System_SupportProxy_abort__E)

.const:ti_sysbios_rom_ROM_xdc_runtime_System_SupportProxy_exit__E 
*          0    000005c8    00000004     
                  000005c8    00000004     app_ble_pem3.oem3 (.const:ti_sysbios_rom_ROM_xdc_runtime_System_SupportProxy_exit__E)

.const:ti_sysbios_gates_GateMutex_Instance_State_sem__O 
*          0    000005cc    00000004     
                  000005cc    00000004     app_ble_pem3.oem3 (.const:ti_sysbios_gates_GateMutex_Instance_State_sem__O)

.const:ti_sysbios_knl_Clock_Module_State_clockQ__O 
*          0    000005d0    00000004     
                  000005d0    00000004     app_ble_pem3.oem3 (.const:ti_sysbios_knl_Clock_Module_State_clockQ__O)

.const:ti_sysbios_knl_Mailbox_Instance_State_dataQue__O 
*          0    000005d4    00000004     
                  000005d4    00000004     app_ble_pem3.oem3 (.const:ti_sysbios_knl_Mailbox_Instance_State_dataQue__O)

.const:ti_sysbios_knl_Mailbox_Instance_State_dataSem__O 
*          0    000005d8    00000004     
                  000005d8    00000004     app_ble_pem3.oem3 (.const:ti_sysbios_knl_Mailbox_Instance_State_dataSem__O)

.const:ti_sysbios_knl_Mailbox_Instance_State_freeQue__O 
*          0    000005dc    00000004     
                  000005dc    00000004     app_ble_pem3.oem3 (.const:ti_sysbios_knl_Mailbox_Instance_State_freeQue__O)

.const:ti_sysbios_knl_Mailbox_Instance_State_freeSem__O 
*          0    000005e0    00000004     
                  000005e0    00000004     app_ble_pem3.oem3 (.const:ti_sysbios_knl_Mailbox_Instance_State_freeSem__O)

.const:ti_sysbios_knl_Semaphore_Instance_State_pendQ__O 
*          0    000005e4    00000004     
                  000005e4    00000004     app_ble_pem3.oem3 (.const:ti_sysbios_knl_Semaphore_Instance_State_pendQ__O)

.const:ti_sysbios_knl_Task_Module_State_inactiveQ__O 
*          0    000005e8    00000004     
                  000005e8    00000004     app_ble_pem3.oem3 (.const:ti_sysbios_knl_Task_Module_State_inactiveQ__O)

.text.4    0    000005ec    000081d8     
                  000005ec    0000068c     simple_peripheral.obj (.text:SimpleBLEPeripheral_taskFxn$28)
                  00000c78    000005cc     peripheral.obj (.text:gapRole_taskFxn$23)
                  00001244    00000450     driverlib.lib : setup.obj (.text:TrimAfterColdResetWakeupFromShutDown$49)
                  00001694    0000033c     rom_sysbios.aem3 : rom_sysbios.obj (.text:xdc_runtime_System_doPrint__I)
                  000019d0    00000280     RFCC26XX_singleMode.obj (.text:fsmActiveState$8)
                  00001c50    00000248     peripheral.obj (.text:GAPRole_SetParameter)
                  00001e98    0000022c     simple_peripheral.obj (.text:SimpleBLEPeripheral_processStateChangeEvt$28)
                  000020c4    00000228     drivers_cc26xxware.aem3 : PowerCC26XX.oem3 (.text:Power_sleep)
                  000022ec    00000208     driverlib.lib : sys_ctrl.obj (.text:NOROM_SysCtrlSetRechargeBeforePowerDown)
                  000024f4    000001f4     rtsv7M3_T_le_eabi.lib : ull_div_t2.obj (.text)
                  000026e8    000001d0     drivers_cc26xxware.aem3 : PowerCC26XX_calibrateRCOSC.oem3 (.text:calibrateRcoscHf1)
                  000028b8    000001c8     PINCC26XX.obj (.text:PIN_init)
                  00002a80    000001c0     RFCC26XX_singleMode.obj (.text:fsmSetupState$8)
                  00002c40    000001a8     RFCC26XX_singleMode.obj (.text:RF_postCmd)
                  00002de8    00000198     UARTCC26XX.obj (.text:UARTCC26XX_open)
                  00002f80    00000184     drivers_cc26xxware.aem3 : PowerCC26XX_calibrateRCOSC.oem3 (.text:PowerCC26XX_doCalibrate)
                  00003104    0000017c     RFCC26XX_singleMode.obj (.text:abortCmd$8)
                  00003280    00000148     driverlib.lib : setup.obj (.text:NOROM_SetupTrimDevice)
                  000033c8    0000012c     main.obj (.text:AssertHandler)
                  000034f4    00000120     peripheral.obj (.text:GAPRole_GetParameter)
                  00003614    0000011c     drivers_cc26xxware.aem3 : PowerCC26XX.oem3 (.text:Power_init)
                  00003730    00000118     UARTCC26XX.obj (.text:UARTCC26XX_read)
                  00003848    0000010c     RFCC26XX_singleMode.obj (.text:hwiFxnCpe0Active$8)
                  00003954    0000010a     UARTCC26XX.obj (.text:UARTCC26XX_hwiIntFxn)
                  00003a5e    00000106     icall.obj (.text:ICall_primWaitMatch$15)
                  00003b64    000000fc     UARTCC26XX.obj (.text:UARTCC26XX_write)
                  00003c60    000000f8     RFCC26XX_singleMode.obj (.text:fsmPowerUpState$8)
                  00003d58    000000f8     RFCC26XX_singleMode.obj (.text:radioOpDoneCb$8)
                  00003e50    000000f8     app_ble_pem3.oem3 (.text:xdc_runtime_System_printfExtend__I)
                  00003f48    000000ec     main.obj (.text:main)
                  00004034    000000ec     RFCC26XX_singleMode.obj (.text:rf_init$8)
                  00004120    000000dc     PINCC26XX.obj (.text:PINCC26XX_setIoCfg$7)
                  000041fc    000000dc     simple_gatt_profile.obj (.text:simpleProfile_WriteAttrCB$24)
                  000042d8    000000d4     power_cc26xx_tirtos.aem3 : PowerCC26XX_tirtos.oem3 (.text:PowerCC26XX_standbyPolicy)
                  000043ac    000000d4     drivers_cc26xxware.aem3 : PowerCC26XX.oem3 (.text:Power_releaseDependency)
                  00004480    000000d0                             : PowerCC26XX.oem3 (.text:Power_setDependency)
                  00004550    000000d0     RFCC26XX_singleMode.obj (.text:RF_open)
                  00004620    000000cc     RFCC26XX_singleMode.obj (.text:fsmPowerDownState$8)
                  000046ec    000000bc     UARTCC26XX.obj (.text:UARTCC26XX_initHw$13)
                  000047a8    000000b0     devinfoservice.obj (.text:devInfo_ReadAttrCB$20)
                  00004858    000000a8     UARTCC26XX.obj (.text:writeTxFifoFlush$13)
                  00004900    000000a0     TRNGCC26XX.obj (.text:TRNGCC26XX_getNumber)
                  000049a0    000000a0     auto_init.aem3 : auto_init.oem3 (.text)
                  00004a40    0000009e     rom_sysbios.aem3 : rom_sysbios.obj (.text:xdc_runtime_Text_putSite__E)
                  00004ade    0000009c     rtsv7M3_T_le_eabi.lib : memcpy_t2.obj (.text)
                  00004b7a    00000002     DisplayUart.obj (.text:DisplayUart_clear)
                  00004b7c    00000098     PINCC26XX.obj (.text:PIN_open)
                  00004c14    00000098     UARTCC26XX.obj (.text:UARTCC26XX_initIO$13)
                  00004cac    00000098     rom_sysbios.aem3 : rom_sysbios.obj (.text:ti_sysbios_knl_Clock_workFuncDynamic__E)
                  00004d44    00000094     icall.obj (.text:ICall_primSetTimer$15)
                  00004dd8    00000094     UARTCC26XX.obj (.text:writeFinishedDoCallback$13)
                  00004e6c    00000094     rom_sysbios.aem3 : rom_sysbios.obj (.text:xdc_runtime_Text_putMod__E)
                  00004f00    00000090     drivers_cc26xxware.aem3 : PowerCC26XX.oem3 (.text:switchXOSCHFclockFunc)
                  00004f90    0000008c     UARTCC26XX.obj (.text:UARTCC26XX_writeCancel)
                  0000501c    0000008c     gattservapp_util.obj (.text:gattServApp_SendNotiInd$22)
                  000050a8    00000088     driverlib.lib : osc.obj (.text:NOROM_OSCHF_GetStartupTime)
                  00005130    00000084     icall.obj (.text:ICall_heapMalloc)
                  000051b4    00000080     peripheral.obj (.text:gapRole_startConnUpdate$23)
                  00005234    0000007c     DisplayUart.obj (.text:DisplayUart_open)
                  000052b0    0000007c     RFCC26XX_singleMode.obj (.text:RF_pendCmd)
                  0000532c    0000007c     drivers_cc26xxware.aem3 : PowerCC26XX.oem3 (.text:disableLFClockQualifiers)
                  000053a8    0000007c     RFCC26XX_singleMode.obj (.text:swiFxnHw$8)
                  00005424    0000007a     rtsv7M3_T_le_eabi.lib : memset_t2.obj (.text)
                  0000549e    00000002     DisplayUart.obj (.text:DisplayUart_clearLines)
                  000054a0    00000078     simple_peripheral.obj (.text:SimpleBLEPeripheral_enqueueMsg$28)
                  00005518    00000074     icall_cc2650.obj (.text:ICallPlatform_pwrUpdActivityCounter)
                  0000558c    00000074     icall.obj (.text:ICall_primSend$15)
                  00005600    00000074     drivers_cc26xxware.aem3 : PowerCC26XX_calibrateRCOSC.oem3 (.text:PowerCC26XX_auxISR)
                  00005674    00000074     UARTCC26XX.obj (.text:UARTCC26XX_close)
                  000056e8    00000074     drivers_cc26xxware.aem3 : PowerCC26XX_calibrateRCOSC.oem3 (.text:calibrateRcoscHf2)
                  0000575c    00000074     rom_sysbios.aem3 : rom_sysbios.obj (.text:ti_sysbios_family_arm_cc26xx_Timer_start__E)
                  000057d0    0000006d                      : rom_sysbios.obj (.text:xdc_runtime_System_formatNum__I)
                  0000583d    00000001     --HOLE-- [fill = 0]
                  0000583e    00000002     RFCC26XX_singleMode.obj (.text:defaultErrCb$8)
                  00005840    0000006c     board_led.obj (.text:Board_ledControl)
                  000058ac    0000006c     icall.obj (.text:ICall_createRemoteTasks)
                  00005918    0000006c     drivers_cc26xxware.aem3 : PowerCC26XX.oem3 (.text:PowerCC26XX_calibrate)
                  00005984    00000068     driverlib.lib : sys_ctrl.obj (.text:NOROM_SysCtrl_DCDC_VoltageConditionalControl)
                  000059ec    00000068     UARTCC26XX.obj (.text:UARTCC26XX_readCancel)
                  00005a54    00000068     RFCC26XX_singleMode.obj (.text:decActiveClientCnt$8)
                  00005abc    00000068     rtsv7M3_T_le_eabi.lib : copy_decompress_lzss.obj (.text:decompress:lzss)
                  00005b24    00000064     simple_peripheral.obj (.text:SimpleBLEPeripheral_freeAttRsp$28)
                  00005b88    00000060     icall.obj (.text:ICall_primEnroll$15)
                  00005be8    00000060     drivers_cc26xxware.aem3 : PowerCC26XX_calibrateRCOSC.oem3 (.text:PowerCC26XX_RCOSC_clockFunc)
                  00005c48    00000060     UARTCC26XX.obj (.text:UARTCC26XX_control)
                  00005ca8    00000060     drivers_cc26xxware.aem3 : PowerCC26XX_calibrateRCOSC.oem3 (.text:updateSubSecInc)
                  00005d08    0000005e     DisplayUart.obj (.text:DisplayUart_put5)
                  00005d66    00000002     drivers_cc26xxware.aem3 : PowerCC26XX.oem3 (.text:emptyClockFunc)
                  00005d68    0000005c     icall.obj (.text:ICall_primThreadServes$15)
                  00005dc4    0000005c     driverlib.lib : osc.obj (.text:NOROM_OSCHF_AttemptToSwitchToXosc)
                  00005e20    0000005c                   : sys_ctrl.obj (.text:NOROM_SysCtrlAdjustRechargeAfterPowerDown)
                  00005e7c    0000005c     RFCC26XX_singleMode.obj (.text:fsmXOSCState$8)
                  00005ed8    0000005c     simple_gatt_profile.obj (.text:simpleProfile_ReadAttrCB$24)
                  00005f34    0000005c     app_ble_pem3.oem3 (.text:xdc_runtime_Startup_getState__I)
                  00005f90    0000005b     rom_sysbios.aem3 : rom_sysbios.obj (.text:xdc_runtime_Text_putLab__E)
                  00005feb    00000001     --HOLE-- [fill = 0]
                  00005fec    00000058     PINCC26XX.obj (.text:PIN_remove)
                  00006044    00000058     drivers_cc26xxware.aem3 : PowerCC26XX_calibrateRCOSC.oem3 (.text:PowerCC26XX_initiateCalibration)
                  0000609c    00000058     RFCC26XX_singleMode.obj (.text:RF_getCurrentTime)
                  000060f4    00000054     icall.obj (.text:ICall_primFetchMsg$15)
                  00006148    00000054     drivers_cc26xxware.aem3 : PowerCC26XX.oem3 (.text:configureXOSCHF)
                  0000619c    00000054     RFCC26XX_singleMode.obj (.text:hwiFxnHw$8)
                  000061f0    00000054     RFCC26XX_singleMode.obj (.text:ratChanFree$8)
                  00006244    00000054     rtsv7M3_T_le_eabi.lib : exit.obj (.text)
                  00006298    00000052     icall.obj (.text:ICall_primWait$15)
                  000062ea    00000002     rtsv7M3_T_le_eabi.lib : i_div0.obj (.text)
                  000062ec    00000050     icall_api.obj (.text:GAP_UpdateAdvertisingData)
                  0000633c    00000050     icall.obj (.text:ICall_primRegisterApp$15)
                  0000638c    00000050     RFCC26XX_singleMode.obj (.text:RF_getInfo)
                  000063dc    00000050     util.obj (.text:Util_convertBdAddr2Str)
                  0000642c    00000050     UARTCC26XX.obj (.text:startTxFifoEmptyClk$13)
                  0000647c    0000004c     icall.obj (.text:ICall_newTask$15)
                  000064c8    0000004c     icall.obj (.text:ICall_primGetEntityId$15)
                  00006514    0000004c     driverlib.lib : osc.obj (.text:NOROM_OSCClockSourceSet)
                  00006560    0000004c     rtsv7M3_T_le_eabi.lib : cpy_tbl.obj (.text)
                  000065ac    0000004c     RFCC26XX_singleMode.obj (.text:syncCb$8)
                  000065f8    00000048     peripheral.obj (.text:GAPRole_TerminateConnection)
                  00006640    00000048     driverlib.lib : chipinfo.obj (.text:NOROM_ChipInfo_GetChipFamily)
                  00006688    00000048                   : ddi.obj (.text:NOROM_DDI16BitfieldWrite)
                  000066d0    00000048     util.obj (.text:Util_constructClock)
                  00006718    00000048     icall_api.obj (.text:gattIndNoti$18)
                  00006760    00000048     drivers_cc26xxware.aem3 : PowerCC26XX.oem3 (.text:notify)
                  000067a8    00000046                             : RingBuf.oem3 (.text:RingBuf_put)
                  000067ee    00000002     rom_sysbios.aem3 : rom_sysbios.obj (.text:ti_sysbios_BIOS_linkedWithIncorrectBootLibrary__E)
                  000067f0    00000044     PINCC26XX.obj (.text:PIN_swi$7)
                  00006834    00000044     simple_gatt_profile.obj (.text:SimpleProfile_GetParameter)
                  00006878    00000044     boot.aem3 : boot.oem3 (.text)
                  000068bc    00000044     icall_api.obj (.text:gapSendParamAndPtrCmd$18)
                  00006900    00000044     rom_sysbios.aem3 : rom_sysbios.obj (.text:xdc_runtime_Text_xprintf__I)
                  00006944    00000042     icall.obj (.text:ICall_primCreateTask$15)
                  00006986    00000002     app_ble_pem3.oem3 (.text:ti_sysbios_BIOS_nullFunc__I)
                  00006988    00000040     Display.obj (.text:Display_doOpen)
                  000069c8    00000040     peripheral.obj (.text:GAPRole_createTask)
                  00006a08    00000040     driverlib.lib : ddi.obj (.text:NOROM_DDI16BitfieldRead)
                  00006a48    00000040     RFCC26XX_singleMode.obj (.text:RF_getRssi)
                  00006a88    00000040     drivers_cc26xxware.aem3 : RingBuf.oem3 (.text:RingBuf_get)
                  00006ac8    00000040     rtsv7M3_T_le_eabi.lib : u_divt2.obj (.text)
                  00006b08    0000003e     icall_api.obj (.text:hciSendParamsCmd$18)
                  00006b46    00000002     rom_sysbios.aem3 : rom_sysbios.obj (.text:ti_sysbios_knl_Clock_triggerFunc__I)
                  00006b48    0000003c     board_led.obj (.text:Board_ledFlashTimeoutCB$1)
                  00006b84    0000003c     icall_api.obj (.text:GAP_GetParamValue)
                  00006bc0    0000003c     icall_api.obj (.text:GATTServApp_RegisterService)
                  00006bfc    0000003c     icall_cc2650.obj (.text:ICallPlatform_pwrConfigACAction)
                  00006c38    0000003c     icall.obj (.text:ICall_primFetchServiceMsg$15)
                  00006c74    0000003c     driverlib.lib : osc.obj (.text:NOROM_OSC_HPOSCRelativeFrequencyOffsetGet)
                  00006cb0    0000003c     simple_peripheral.obj (.text:SimpleBLEPeripheral_createTask)
                  00006cec    0000003c     RFCC26XX_singleMode.obj (.text:dispatchOpWhen$8)
                  00006d28    0000003c     RFCC26XX_singleMode.obj (.text:postDirImmCmd$8)
                  00006d64    0000003c     icall_api.obj (.text:profileSetParameter$18)
                  00006da0    0000003c     UARTCC26XX.obj (.text:readData$13)
                  00006ddc    0000003c     icall_api.obj (.text:sendWaitMatchCS$18)
                  00006e18    0000003c     icall_api.obj (.text:sendWaitMatchValueCS$18)
                  00006e54    00000038     icall.obj (.text:ICall_primGetMaxMSecs$15)
                  00006e8c    00000038     PINCC26XX.obj (.text:PIN_setOutputValue)
                  00006ec4    00000038     UARTCC26XX.obj (.text:UARTCC26XX_swiIntFxn)
                  00006efc    00000038     util.obj (.text:Util_restartClock)
                  00006f34    00000038     rom_sysbios.aem3 : rom_sysbios.obj (.text:ti_sysbios_family_arm_cc26xx_Timer_getCurrentTick__E)
                  00006f6c    00000038     UARTCC26XX.obj (.text:writeData$13)
                  00006fa4    00000036     icall_api.obj (.text:waitMatchCS$18)
                  00006fda    00000002     app_ble_pem3.oem3 (.text:ti_sysbios_rom_cortexm_cc26xx_CC26xx_badRomRevision__E)
                  00006fdc    00000034     icall_api.obj (.text:GAPBondMgr_SetParameter)
                  00007010    00000034     icall_api.obj (.text:GAP_SetParamValue)
                  00007044    00000034     icall.obj (.text:ICall_primEntityId2ServiceId$15)
                  00007078    00000034     icall.obj (.text:ICall_primRegisterISR$15)
                  000070ac    00000034     icall.obj (.text:ICall_primRegisterISR_Ext$15)
                  000070e0    00000034     icall.obj (.text:ICall_searchServiceEntity)
                  00007114    00000034     driverlib.lib : ddi.obj (.text:NOROM_DDI32RegWrite)
                  00007148    00000034                   : osc.obj (.text:NOROM_OSCHF_SwitchToRcOscTurnOffXosc)
                  0000717c    00000034     drivers_cc26xxware.aem3 : PowerCC26XX.oem3 (.text:PowerCC26XX_isStableXOSC_HF)
                  000071b0    00000034     RFCC26XX_singleMode.obj (.text:Q_push$8)
                  000071e4    00000034     RFCC26XX_singleMode.obj (.text:RF_runCmd)
                  00007218    00000034     icall_api.obj (.text:osal_snv_read)
                  0000724c    00000034     icall_api.obj (.text:osal_snv_write)
                  00007280    00000034     icall_api.obj (.text:profileAddService$18)
                  000072b4    00000034     UARTCC26XX.obj (.text:readData2RingBuf$13)
                  000072e8    00000034     icall_api.obj (.text:registerTask$18)
                  0000731c    00000034     rom_sysbios.aem3 : rom_sysbios.obj (.text:ti_sysbios_family_arm_cc26xx_Timer_initDevice__I)
                  00007350    00000032     icall_api.obj (.text:gapSendParamsCmd$18)
                  00007382    00000032     icall_api.obj (.text:gapSendPtrParamsCmd$18)
                  000073b4    00000032     icall_api.obj (.text:matchGapSetGetParamCS$18)
                  000073e6    00000032     icall_api.obj (.text:matchGattCmdStatus$18)
                  00007418    00000032     icall_api.obj (.text:matchUtilNvCS$18)
                  0000744a    00000032     rom_sysbios.aem3 : rom_sysbios.obj (.text:ti_sysbios_family_arm_cc26xx_Timer_setNextTick__E)
                  0000747c    00000030     icall_cc2650.obj (.text:ICallPlatform_pwrNotify$16)
                  000074ac    00000030     icall_cc2650.obj (.text:ICallPlatform_pwrRegisterNotify)
                  000074dc    00000030     icall.obj (.text:ICall_dispatch$15)
                  0000750c    00000030     icall.obj (.text:ICall_msecs2Ticks$15)
                  0000753c    00000030     icall.obj (.text:ICall_searchTask$15)
                  0000756c    00000030     driverlib.lib : setup_rom.obj (.text:NOROM_SetupSetAonRtcSubSecInc)
                  0000759c    00000030                   : trng.obj (.text:NOROM_TRNGConfigure)
                  000075cc    00000030     drivers_cc26xxware.aem3 : PowerCC26XX.oem3 (.text:Power_releaseConstraint)
                  000075fc    00000030                             : PowerCC26XX.oem3 (.text:Power_setConstraint)
                  0000762c    00000030     app_ble_pem3.oem3 (.text:ti_sysbios_BIOS_atExitFunc__I)
                  0000765c    00000030     app_ble_pem3.oem3 (.text:ti_sysbios_BIOS_startFunc__I)
                  0000768c    00000030     rom_sysbios.aem3 : rom_sysbios.obj (.text:ti_sysbios_family_arm_cc26xx_Timer_setThreshold__I)
                  000076bc    0000002f                      : rom_sysbios.obj (.text:xdc_runtime_Text_printVisFxn__I)
                  000076eb    00000001     --HOLE-- [fill = 0]
                  000076ec    0000002e     icall_cc2650.obj (.text:ICallPlatform_pwrDispenseImpl$16)
                  0000771a    0000002e     icall_cc2650.obj (.text:ICallPlatform_pwrRequireImpl$16)
                  00007748    0000002c     board_key.obj (.text:Board_keyCallback$0)
                  00007774    0000002c     icall_api.obj (.text:HCI_EXT_ConnEventNoticeCmd)
                  000077a0    0000002c     icall.obj (.text:ICall_heapFree)
                  000077cc    0000002c     icall.obj (.text:ICall_msgEnqueue$15)
                  000077f8    0000002c     icall.obj (.text:ICall_primAllocMsg$15)
                  00007824    0000002c     icall_api.obj (.text:ICall_sendServiceMsg$18)
                  00007850    0000002c     PINCC26XX.obj (.text:PINCC26XX_setMux)
                  0000787c    0000002c     PINCC26XX.obj (.text:PIN_setConfig)
                  000078a8    0000002c     RFCC26XX_singleMode.obj (.text:getCmd$8)
                  000078d4    0000002c     icall_api.obj (.text:hciSendCmd$18)
                  00007900    0000002c     icall_api.obj (.text:matchProfileAddServiceCS$18)
                  0000792c    0000002c     rom_sysbios.aem3 : rom_sysbios.obj (.text:ti_sysbios_knl_Clock_getTicksUntilInterrupt__E)
                  00007958    0000002a     icall_api.obj (.text:ICall_waitMatch$18)
                  00007982    0000002a     icall_api.obj (.text:matchProfileCS$18)
                  000079ac    0000002a     rom_sysbios.aem3 : rom_sysbios.obj (.text:xdc_runtime_System_putchar__I)
                  000079d6    00000002                      : rom_sysbios.obj (.text:xdc_runtime_SysCallback_defaultAbort)
                  000079d8    00000028     driverlib.lib : aon_batmon.obj (.text:NOROM_AONBatMonTemperatureGetDegC)
                  00007a00    00000028                   : rfc.obj (.text:NOROM_RFCDoorbellSendTo)
                  00007a28    00000028     drivers_cc26xxware.aem3 : PowerCC26XX.oem3 (.text:PowerCC26XX_switchXOSC_HF)
                  00007a50    00000028                             : PowerCC26XX.oem3 (.text:Power_registerNotify)
                  00007a78    00000028     driverlib.lib : adi.obj (.text:SafeHapiVoid)
                  00007aa0    00000028     TRNGCC26XX.obj (.text:TRNGCC26XX_init)
                  00007ac8    00000028     RFCC26XX_singleMode.obj (.text:clkPowerUpFxn$8)
                  00007af0    00000026     drivers_cc26xxware.aem3 : List.oem3 (.text:List_put)
                  00007b16    00000024     icall_api.obj (.text:ICall_getLocalMsgEntityId$18)
                  00007b3a    00000002     rom_sysbios.aem3 : rom_sysbios.obj (.text:xdc_runtime_SysCallback_defaultExit)
                  00007b3c    00000024     drivers_cc26xxware.aem3 : PowerCC26XX_calibrateRCOSC.oem3 (.text:getTdcSemaphore)
                  00007b60    00000024     RFCC26XX_singleMode.obj (.text:hwiFxnCpe0PowerFsm$8)
                  00007b84    00000024     app_ble_pem3.oem3 (.text:ti_sysbios_BIOS_registerRTSLock__I)
                  00007ba8    00000024     app_ble_pem3.oem3 (.text:ti_sysbios_BIOS_removeRTSLock__I)
                  00007bcc    00000024     rom_sysbios.aem3 : rom_sysbios.obj (.text:ti_sysbios_family_arm_cc26xx_Timer_getMaxTicks__E)
                  00007bf0    00000022     Display.obj (.text:Display_doPut5)
                  00007c12    00000020     icall_api.obj (.text:ICall_allocMsg$18)
                  00007c32    00000020     icall_api.obj (.text:ICall_getEntityId$18)
                  00007c52    00000002     rom_sysbios.aem3 : rom_sysbios.obj (.text:xdc_runtime_SysCallback_defaultPutch)
                  00007c54    00000020     icall.obj (.text:ICall_primService$15)
                  00007c74    00000020     drivers_cc26xxware.aem3 : PowerCC26XX.oem3 (.text:Power_unregisterNotify)
                  00007c94    00000020     gattservapp_util.obj (.text:gattServApp_FindCharCfgItem$22)
                  00007cb4    00000020     app_ble_pem3.oem3 (.text:ti_sysbios_BIOS_rtsLock__I)
                  00007cd4    00000020     rom_sysbios.aem3 : rom_sysbios.obj (.text:ti_sysbios_family_arm_cc26xx_Timer_dynamicStub__E)
                  00007cf4    00000020                      : rom_sysbios.obj (.text:ti_sysbios_knl_Clock_stop__E)
                  00007d14    00000020                      : rom_sysbios.obj (.text:xdc_runtime_Registry_findById__E)
                  00007d34    0000001e     icall.obj (.text:ICall_primSendServiceMsg$15)
                  00007d52    0000001e     PINCC26XX.obj (.text:PIN_close)
                  00007d70    0000001e     drivers_cc26xxware.aem3 : PowerCC26XX.oem3 (.text:Power_getTransitionLatency)
                  00007d8e    0000001e     icall_api.obj (.text:matchHciCS$18)
                  00007dac    0000001c     driverlib.lib : osc.obj (.text:NOROM_OSCClockSourceGet)
                  00007dc8    0000001c     PINCC26XX.obj (.text:PINCC26XX_setIoCfgMux$7)
                  00007de4    0000001c     PINCC26XX.obj (.text:PIN_hwi$7)
                  00007e00    0000001c     RFCC26XX_singleMode.obj (.text:RF_runDirectCmd)
                  00007e1c    0000001c     RFCC26XX_singleMode.obj (.text:RF_runImmediateCmd)
                  00007e38    0000001c     TRNGCC26XX.obj (.text:TRNGCC26XX_open)
                  00007e54    0000001c     icall_api.obj (.text:getStatusValueFromErrNo$18)
                  00007e70    0000001c     TRNGCC26XX.obj (.text:openTRNG)
                  00007e8c    0000001a     icall.obj (.text:ICall_enterCSImpl)
                  00007ea6    0000001a     icall.obj (.text:ICall_primSetTimerMSecs$15)
                  00007ec0    0000001a     drivers_cc26xxware.aem3 : List.oem3 (.text:List_remove)
                  00007eda    0000001a     icall_api.obj (.text:matchGattIndNotiCS$18)
                  00007ef4    0000001a     rom_sysbios.aem3 : rom_sysbios_config.obj (.text:xdc_runtime_System_snprintf__E)
                  00007f0e    00000018     DisplayUart.obj (.text:DisplayUart_close)
                  00007f26    00000002     --HOLE-- [fill = 0]
                  00007f28    00000018     icall_api.obj (.text:GATT_bm_free)
                  00007f40    00000018     icall_cc2650.obj (.text:ICallPlatform_pwrDispense)
                  00007f58    00000018     icall_cc2650.obj (.text:ICallPlatform_pwrRequire)
                  00007f70    00000018     util.obj (.text:ICall_free$2)
                  00007f88    00000018     icall_api.obj (.text:ICall_freeMsg$18)
                  00007fa0    00000018     simple_peripheral.obj (.text:ICall_freeMsg$28)
                  00007fb8    00000018     icall.obj (.text:ICall_primMalloc$15)
                  00007fd0    00000018     driverlib.lib : aon_rtc.obj (.text:NOROM_AONRTCCurrentCompareValueGet)
                  00007fe8    00000018                   : chipinfo.obj (.text:NOROM_ChipInfo_GetPackageType)
                  00008000    00000018                   : osc.obj (.text:NOROM_OSCHF_TurnOnXosc)
                  00008018    00000018                   : rfc.obj (.text:NOROM_RFCCpeIntGetAndClear)
                  00008030    00000018     drivers_cc26xxware.aem3 : PowerCC26XX.oem3 (.text:Power_idleFunc)
                  00008048    00000018     RFCC26XX_singleMode.obj (.text:Q_pop$8)
                  00008060    00000018     UARTCC26XX.obj (.text:UARTCC26XX_init)
                  00008078    00000018     drivers_cc26xxware.aem3 : PowerCC26XX.oem3 (.text:configureRFCoreClocks)
                  00008090    00000018     peripheral.obj (.text:gapRole_setEvent$23)
                  000080a8    00000018     rtsv7M3_T_le_eabi.lib : args_main.obj (.text)
                  000080c0    00000018                           : ll_mul_t2.obj (.text)
                  000080d8    00000018     RFCC26XX_singleMode.obj (.text:swiFxnFsm$8)
                  000080f0    00000018     app_ble_pem3.oem3 (.text:ti_sysbios_BIOS_rtsUnlock__I)
                  00008108    00000018     rom_sysbios.aem3 : rom_sysbios.obj (.text:ti_sysbios_knl_Swi_or__E)
                  00008120    00000018     app_ble_pem3.oem3 (.text:ti_sysbios_rom_cortexm_cc26xx_CC26xx_checkRevision__E)
                  00008138    00000016     icall.obj (.text:ICall_leaveCSImpl)
                  0000814e    00000016     icall.obj (.text:ICall_primStopTimer$15)
                  00008164    00000016     ble_user_config.obj (.text:driverTable_fnSpinlock)
                  0000817a    00000016     app_ble_pem3.oem3 (.text:ti_sysbios_BIOS_exitFunc__I)
                  00008190    00000014     board_key.obj (.text:Board_keyChangeHandler$0)
                  000081a4    00000014     board_led.obj (.text:Board_ledIdParser$1)
                  000081b8    00000014     driverlib.lib : aon_rtc.obj (.text:NOROM_AONRTCCurrent64BitValueGet)
                  000081cc    00000014     PINCC26XX.obj (.text:PINCC26XX_getInputValue$7)
                  000081e0    00000014     PINCC26XX.obj (.text:PINCC26XX_getOutputValue$7)
                  000081f4    00000014     simple_peripheral.obj (.text:SimpleBLEPeripheral_clockHandler$28)
                  00008208    00000014     rtsv7M3_T_le_eabi.lib : _lock.obj (.text)
                  0000821c    00000014                           : strlen.obj (.text)
                  00008230    00000014     icall_api.obj (.text:setICallCmdEvtHdr$18)
                  00008244    00000014     app_ble_pem3.oem3 (.text:ti_sysbios_knl_Clock_doTick__I)
                  00008258    00000012     RFCC26XX_singleMode.obj (.text:RF_getCmdOp)
                  0000826a    00000012     drivers_cc26xxware.aem3 : RingBuf.oem3 (.text:RingBuf_construct)
                  0000827c    00000012     app_ble_pem3.oem3 (.text:xdc_runtime_Startup_exec__I)
                  0000828e    00000002     --HOLE-- [fill = 0]
                  00008290    00000010     icall_api.obj (.text:GAP_EndDiscoverable)
                  000082a0    00000010     icall_cc2650.obj (.text:ICallPlatform_pwrGetXOSCStartupTime)
                  000082b0    00000010     icall.obj (.text:ICall_primGetTickPeriod$15)
                  000082c0    00000010     icall.obj (.text:ICall_taskEntry$15)
                  000082d0    00000010     util.obj (.text:Util_isActive)
                  000082e0    00000010     rom_sysbios.aem3 : rom_sysbios.obj (.text:ti_sysbios_family_arm_m3_Hwi_post__E)
                  000082f0    00000010     UARTCC26XX.obj (.text:uartPostNotify$13)
                  00008300    00000010     rom_sysbios.aem3 : rom_sysbios.obj (.text:xdc_runtime_SysCallback_putch__E)
                  00008310    00000010                      : rom_sysbios.obj (.text:xdc_runtime_SysCallback_ready__E)
                  00008320    00000010                      : rom_sysbios.obj (.text:xdc_runtime_System_vsnprintf__E)
                  00008330    0000000e     icall_cc2650.obj (.text:ICallPlatform_pwrGetTransitionState)
                  0000833e    0000000e     icall_cc2650.obj (.text:ICallPlatform_pwrIsStableXOSCHF)
                  0000834c    0000000e     icall.obj (.text:ICall_primDisableMInt$15)
                  0000835a    0000000e     icall.obj (.text:ICall_primEnableMInt$15)
                  00008368    0000000e     icall.obj (.text:ICall_primFreeMsg$15)
                  00008376    0000000e     icall.obj (.text:ICall_primGetTicks$15)
                  00008384    0000000e     driverlib.lib : vims.obj (.text:NOROM_VIMSModeGet)
                  00008392    0000000e     rtsv7M3_T_le_eabi.lib : copy_decompress_none.obj (.text:decompress:none)
                  000083a0    0000000e     icall_api.obj (.text:matchGSARegisterServiceCS$18)
                  000083ae    0000000e     icall_api.obj (.text:matchGapLinkEstCS$18)
                  000083bc    0000000e     icall_api.obj (.text:matchGattSendRspCS$18)
                  000083ca    0000000e     icall_api.obj (.text:matchLinkDBGetInfoCS$18)
                  000083d8    0000000e     icall_api.obj (.text:matchLinkDBNumActiveCS$18)
                  000083e6    0000000e     icall_api.obj (.text:matchLinkDBNumConnsCS$18)
                  000083f4    0000000e     icall_api.obj (.text:setDispatchCmdEvtHdr$18)
                  00008402    0000000e     rom_sysbios.aem3 : rom_sysbios.obj (.text:ti_sysbios_family_arm_cc26xx_TimestampProvider_get32__E)
                  00008410    0000000c     RFCC26XX_singleMode.obj (.text:FsmNextState$8)
                  0000841c    0000000c     icall.obj (.text:ICall_clockFunc$15)
                  00008428    0000000c     icall.obj (.text:ICall_primDisableInt$15)
                  00008434    0000000c     icall.obj (.text:ICall_primEnableInt$15)
                  00008440    0000000c     icall.obj (.text:ICall_primFree$15)
                  0000844c    0000000c     icall.obj (.text:ICall_primSignal$15)
                  00008458    0000000c     driverlib.lib : cpu.obj (.text:NOROM_CPUcpsid)
                  00008464    0000000c                   : cpu.obj (.text:NOROM_CPUcpsie)
                  00008470    0000000c     drivers_cc26xxware.aem3 : PowerCC26XX.oem3 (.text:Power_getConstraintMask)
                  0000847c    0000000c                             : PowerCC26XX.oem3 (.text:Power_getDependencyCount)
                  00008488    0000000c                             : PowerCC26XX.oem3 (.text:Power_getTransitionState)
                  00008494    0000000c     rtsv7M3_T_le_eabi.lib : copy_zero_init.obj (.text:decompress:ZI)
                  000084a0    0000000c     icall_api.obj (.text:matchProfileSetParamCS$18)
                  000084ac    0000000c     rom_sysbios.aem3 : rom_sysbios.obj (.text:ti_sysbios_BIOS_getThreadType__E)
                  000084b8    0000000c                      : rom_sysbios_config.obj (.text:ti_sysbios_hal_Hwi_Params__init__S)
                  000084c4    0000000c                      : rom_sysbios.obj (.text:ti_sysbios_knl_Swi_getTrigger__E)
                  000084d0    0000000c     app_ble_pem3.oem3 (.text:xdc_runtime_Startup_reset__I)
                  000084dc    0000000c     rom_sysbios.aem3 : rom_sysbios.obj (.text:xdc_runtime_Startup_rtsDone__E)
                  000084e8    0000000a     icall_cc2650.obj (.text:ICallPlatform_pwrSwitchXOSCHF)
                  000084f2    0000000a     icall.obj (.text:ICall_primE2S$15)
                  000084fc    0000000a     drivers_cc26xxware.aem3 : List.oem3 (.text:List_empty)
                  00008506    00000008     RFCC26XX_singleMode.obj (.text:RF_flushCmd)
                  0000850e    00000008     simple_peripheral.obj (.text:SimpleBLEPeripheral_charValueChangeCB$28)
                  00008516    00000008     simple_peripheral.obj (.text:SimpleBLEPeripheral_keyChangeHandler)
                  0000851e    00000008     simple_peripheral.obj (.text:SimpleBLEPeripheral_stateChangeCB$28)
                  00008526    00000008     icall_api.obj (.text:matchHciExtConnEventNoticeCS$18)
                  0000852e    00000008     icall_api.obj (.text:matchHciLeReadMaxDataLenCS$18)
                  00008536    00000008     UARTCC26XX.obj (.text:readSemCallback$13)
                  0000853e    00000008     UARTCC26XX.obj (.text:writeSemCallback$13)
                  00008546    00000008     app_ble_pem3.oem3 (.text:xdc_runtime_Text_visitRope__I)
                  0000854e    00000006     DisplayUart.obj (.text:DisplayUart_control)
                  00008554    00000006     DisplayUart.obj (.text:DisplayUart_getType)
                  0000855a    00000006     PINCC26XX.obj (.text:PIN_registerIntCb)
                  00008560    00000006     UARTCC26XX.obj (.text:UARTCC26XX_readPolling)
                  00008566    00000006     UARTCC26XX.obj (.text:UARTCC26XX_writePolling)
                  0000856c    00000006     RFCC26XX_singleMode.obj (.text:clkInactivityFxn$8)
                  00008572    00000006     icall_api.obj (.text:matchBondMgrSetParamCS$18)
                  00008578    00000006     icall_api.obj (.text:matchGGSSetParamCS$18)
                  0000857e    00000006     icall_api.obj (.text:matchGapConnParamUpdateReplyCS$18)
                  00008584    00000006     icall_api.obj (.text:matchGapDeviceInitCS$18)
                  0000858a    00000006     icall_api.obj (.text:matchGapEndDiscoverableCS$18)
                  00008590    00000006     icall_api.obj (.text:matchGapGetParamCS$18)
                  00008596    00000006     icall_api.obj (.text:matchGapMakeDiscoverableCS$18)
                  0000859c    00000006     icall_api.obj (.text:matchGapSetParamCS$18)
                  000085a2    00000006     icall_api.obj (.text:matchGapTerminateAuthCS$18)
                  000085a8    00000006     icall_api.obj (.text:matchGapTerminateLinkReqCS$18)
                  000085ae    00000006     icall_api.obj (.text:matchGapUpdateAdvDataCS$18)
                  000085b4    00000006     icall_api.obj (.text:matchGapUpdateLinkParamReqCS$18)
                  000085ba    00000006     icall_api.obj (.text:matchUtilNvReadCS$18)
                  000085c0    00000006     icall_api.obj (.text:matchUtilNvWriteCS$18)
                  000085c6    00000006     rom_sysbios.aem3 : rom_sysbios.obj (.text:ti_sysbios_family_arm_m3_Hwi_setFunc__E)
                  000085cc    00000004     tirtosport.aem3 : HwiP_tirtos.oem3 (.text:HwiP_disable)
                  000085d0    00000004     drivers_cc26xxware.aem3 : List.oem3 (.text:List_next)
                  000085d4    00000004     RFCC26XX_singleMode.obj (.text:Q_peek$8)
                  000085d8    00000004     util.obj (.text:Util_startClock)
                  000085dc    00000004     util.obj (.text:Util_stopClock)
                  000085e0    00000004     drivers_cc26xxware.aem3 : PowerCC26XX.oem3 (.text:nopResourceHandler)
                  000085e4    00000004     rom_sysbios.aem3 : rom_sysbios.obj (.text:ti_sysbios_family_arm_cc26xx_Timer_getCount64__E)
                  000085e8    00000004                      : rom_sysbios.obj (.text:ti_sysbios_knl_Clock_isActive__E)
                  000085ec    00000004                      : rom_sysbios.obj (.text:xdc_runtime_SysCallback_defaultReady)
                  000085f0    00000004                      : rom_sysbios.obj (.text:xdc_runtime_System_snprintf_va__F)
                  000085f4    00000008     (.tramp.xdc_runtime_Core_assignParams__I.1)
                  000085fc    00000008     (.tramp.ti_sysbios_hal_Hwi_enableInterrupt__E.1)
                  00008604    00000008     (.tramp.ti_sysbios_hal_Hwi_disableInterrupt__E.1)
                  0000860c    00000008     (.tramp.ti_sysbios_knl_Task_enable__E.1)
                  00008614    00000008     (.tramp.ti_sysbios_family_arm_m3_Hwi_enableFxn__E.1)
                  0000861c    00000008     (.tramp.xdc_runtime_Startup_startMods__I.1)
                  00008624    00000008     (.tramp.ti_sysbios_knl_Clock_logTick__E.1)
                  0000862c    00000008     (.tramp.ti_sysbios_BIOS_RtsGateProxy_leave__E.1)
                  00008634    00000008     (.tramp.ti_sysbios_BIOS_RtsGateProxy_enter__E.1)
                  0000863c    00000008     (.tramp.ti_sysbios_knl_Task_startup__E.1)
                  00008644    00000008     (.tramp.ti_sysbios_knl_Swi_startup__E.1)
                  0000864c    00000008     (.tramp.ti_sysbios_hal_Hwi_startup__E.1)
                  00008654    00000008     (.tramp.ti_sysbios_family_arm_cc26xx_Timer_startup__E.1)
                  0000865c    00000008     (.tramp.xdc_runtime_System_atexit__E.1)
                  00008664    00000008     (.tramp.ti_sysbios_BIOS_setThreadType__E.1)
                  0000866c    00000008     (.tramp.ti_sysbios_hal_Hwi_create.1)
                  00008674    00000008     (.tramp.ti_sysbios_knl_Task_construct.1)
                  0000867c    00000008     (.tramp.xdc_runtime_System_exit__E.1)
[...]
1001c2d1  ti_sysbios_knl_Queue_destruct                                             
1001c2d5  ti_sysbios_knl_Queue_head__E                                              
1001c2d9  ti_sysbios_knl_Queue_next__E                                              
1001c2dd  ti_sysbios_knl_Semaphore_delete                                           
1001c2e1  ti_sysbios_knl_Semaphore_destruct                                         
1001c2e5  ti_sysbios_knl_Swi_delete                                                 
1001c2e9  ti_sysbios_knl_Swi_destruct                                               
1001c2ed  ti_sysbios_knl_Swi_postInit__I                                            
1001c2f1  ti_sysbios_knl_Task_SupportProxy_Module__startupDone__S                   
1001c2f5  ti_sysbios_knl_Task_SupportProxy_getStackAlignment__E                     
1001c2f9  ti_sysbios_knl_Task_SupportProxy_start__E                                 
1001c2fd  ti_sysbios_knl_Task_SupportProxy_swap__E                                  
1001c301  ti_sysbios_knl_Task_delete                                                
1001c305  ti_sysbios_knl_Task_destruct                                              
1001c309  ti_sysbios_knl_Task_startup__E                                            
1001c30d  xdc_runtime_Startup_startMods__I                                          
1001c405  xdc_runtime_Core_createObject__I                                          
1001c487  xdc_runtime_Error_policySpin__E                                           
1001c489  xdc_runtime_Memory_alloc__E                                               
1001c4f9  xdc_runtime_Core_deleteObject__I                                          
1001c559  xdc_runtime_Startup_exec__E                                               
1001c5a9  xdc_runtime_Assert_raise__I                                               
1001c5f1  xdc_runtime_Core_assignParams__I                                          
1001c639  xdc_runtime_Core_constructObject__I                                       
1001c681  xdc_runtime_System_atexit__E                                              
1001c6b9  xdc_runtime_System_processAtExit__E                                       
1001c6ed  xdc_runtime_Core_assignLabel__I                                           
1001c71d  xdc_runtime_Text_cordText__E                                              
1001c749  xdc_runtime_System_abort__E                                               
1001c769  xdc_runtime_Error_raiseX__E                                               
1001c785  xdc_runtime_Memory_valloc__E                                              
1001c7a1  xdc_runtime_Core_destructObject__I                                        
1001c7b9  xdc_runtime_Error_check__E                                                
1001c7d1  xdc_runtime_System_exit__E                                                
1001c7e9  xdc_runtime_Text_ropeText__E                                              
1001c801  xdc_runtime_Memory_free__E                                                
1001c811  xdc_runtime_SysCallback_abort__E                                          
1001c821  xdc_runtime_SysCallback_exit__E                                           
1001c831  xdc_runtime_Timestamp_SupportProxy_get32__E                               
1001c831  xdc_runtime_Timestamp_get32__E                                            
1001c841  xdc_runtime_Error_init__E                                                 
1001c84d  xdc_runtime_Memory_calloc__E                                              
1001c859  xdc_runtime_Memory_getMaxDefaultTypeAlign__E                              
1001c879  xdc_runtime_Gate_leaveSystem__E                                           
1001c87f  xdc_runtime_System_Module_startup__E                                      
1001c885  xdc_runtime_Gate_enterSystem__E                                           
1001c889  xdc_runtime_Memory_HeapProxy_alloc__E                                     
1001c88d  xdc_runtime_Memory_HeapProxy_free__E                                      
1001c891  xdc_runtime_System_Module_GateProxy_enter__E                              
1001c895  xdc_runtime_System_Module_GateProxy_leave__E                              
1001c899  xdc_runtime_System_abortSpin__E                                           
1001c89b  xdc_runtime_System_exitSpin__E                                            
1001c89d  ti_sysbios_family_arm_m3_Hwi_dispatch__I                                  
1001c96d  ti_sysbios_family_arm_m3_TaskSupport_buildTaskStack                       
1001c9b9  ti_sysbios_family_arm_m3_Hwi_initStacks__E                                
1001ca01  ti_sysbios_family_arm_m3_Hwi_excHandlerAsm__I                             
1001ca21  ti_sysbios_family_xxx_Hwi_switchAndRunFunc                                
1001ca3f  ti_sysbios_family_arm_m3_Hwi_pendSV__I                                    
1001ca57  ti_sysbios_family_arm_m3_Hwi_return                                       
1001ca59  ti_sysbios_family_arm_m3_TaskSupport_glue                                 
1001ca69  ti_sysbios_family_arm_m3_TaskSupport_swap__E                              
1001ca71  ti_sysbios_knl_Task_swapReturn                                            
1001ca9b  ti_sysbios_rom_cortexm_cc26xx_CC26xx_getRevision__E                       
20000000  ti_sysbios_family_arm_m3_Hwi_ramVectors                                   
20000100  ti_sysbios_knl_Task_Module__state__V                                      
20000144  ti_sysbios_family_arm_m3_Hwi_Module__state__V                             
20000178  ti_sysbios_knl_Clock_Module__state__V                                     
200001a4  ti_sysbios_BIOS_Module__state__V                                          
200001c8  ti_sysbios_knl_Swi_Module__state__V                                       
200001e4  ti_sysbios_family_arm_cc26xx_Timer_Module__state__V                       
200001ec  ti_sysbios_family_arm_cc26xx_TimestampProvider_Module__state__V           
200001f0  xdc_runtime_Startup_Module__state__V                                      
200001f8  xdc_runtime_System_Module__state__V                                       
20000200  xdc_runtime_Memory_Module__state__V                                       
20000208  linkDBNumConns                                                            
2000031c  gapRoleTask                                                               
2000036c  gapRoleTaskStack                                                          
20000590  dispHandle                                                                
2000061c  sbpTask                                                                   
2000066c  sbpTaskStack                                                              
20000e10  PowerCC26XX_module                                                        
20000f20  ICall_dispatcher                                                          
20000f28  ICall_enterCriticalSection                                                
20000f2c  ICall_leaveCriticalSection                                                
20000f44  HEAPMGR_SIZE                                                              
20000fbc  ledPinTable                                                               
2000101c  rfRegTbl                                                                  
20001074  ti_sysbios_knl_Task_Object__table__V                                      
200010c4  appKeyChangeHandler                                                       
200010c8  hKeyPins                                                                  
200010cc  keyPinsCfg                                                                
200010d8  keyPins                                                                   
20001108  ti_sysbios_family_arm_cc26xx_Timer_Object__table__V                       
20001150  ti_sysbios_gates_GateMutex_Object__table__V                               
20001188  ti_sysbios_knl_Swi_Module_State_0_readyQ__A                               
200011b8  ti_sysbios_knl_Swi_Object__table__V                                       
200011e8  ti_sysbios_knl_Task_Module_State_0_readyQ__A                              
20001218  user0Cfg                                                                  
20001248  ti_sysbios_knl_Clock_Object__table__V                                     
20001268  ti_sysbios_family_arm_m3_Hwi_Object__table__V                             
20001280  ti_sysbios_heaps_HeapMem_Object__table__V                                 
200012ee  ti_sysbios_family_arm_m3_Hwi_Module_State_0_excActive__A                  
200012f0  __TI_cleanup_ptr                                                          
200012f4  __TI_dtors_ptr                                                            
200012f8  __TI_enable_exit_profile_output                                           
200012fc  lastAppOpcodeSent                                                         
20001300  pfnBMAlloc                                                                
20001304  pfnBMFree                                                                 
2000131c  _lock                                                                     
20001320  _unlock                                                                   
20001324  ti_sysbios_family_arm_m3_Hwi_Module__root__V                              
2000132c  ti_sysbios_gates_GateHwi_Module__root__V                                  
20001334  ti_sysbios_gates_GateMutex_Module__root__V                                
2000133c  ti_sysbios_hal_Hwi_Module__root__V                                        
20001344  ti_sysbios_heaps_HeapMem_Module__root__V                                  
2000134c  ti_sysbios_knl_Clock_Module__root__V                                      
20001354  ti_sysbios_knl_Mailbox_Module__root__V                                    
2000135c  ti_sysbios_knl_Queue_Module__root__V                                      
20001364  ti_sysbios_knl_Semaphore_Module__root__V                                  
2000136c  ti_sysbios_knl_Swi_Module__root__V                                        
20001374  ti_sysbios_knl_Task_Module__root__V                                       
2000137c  xdc_runtime_Registry_Module__state__V                                     
20001390  appAssertCback                                                            
20001394  main_func_sp                                                              
20001398  ti_sysbios_family_arm_m3_Hwi_Module_State_0_excContext__A                 
2000139c  ti_sysbios_family_arm_m3_Hwi_Module_State_0_excStack__A                   
200013a0  ti_sysbios_knl_Task_Module_State_0_idleTask__A                            
200013a8  ti_sysbios_heaps_HeapMem_Instance_State_0_buf__A                          
20001a28  ti_sysbios_knl_Task_Instance_State_0_stack__A                             
20001c28  uartCC26XXObjects                                                         
20001d54  PIN_NumPins                                                               
20001de8  PIN_HandleTable                                                           
20001e64  ti_sysbios_family_arm_m3_Hwi_dispatchTable                                
20001fac  displayUartObject                                                         
20002000  trngCC26XXObjects                                                         
20002006  driverlib_release_0_47020                                                 
20002007  heapStart                                                                 
20003f20  __stack                                                                   
20003f20  heapEnd                                                                   
20004320  __STACK_END                                                               
20004320  __STACK_TOP                                                               
20004f2c  A4_rw                                                                     
20004f2c  COMMON_RAM_BASE_ADDR                                                      
20004f40  P2_rw                                                                     
20004f40  P2_s0                                                                     
20004f40  eccRom_windowSize                                                         
20004f44  eccRom_workzone                                                           
20004f48  eccRom_param_p                                                            
20004f4c  eccRom_param_r                                                            
20004f50  eccRom_param_a                                                            
20004f54  inScalar                                                                  
20004f58  inPointX                                                                  
20004f5c  inPointY                                                                  
20004f60  outPointX                                                                 
20004f64  outPointY                                                                 
20004f68  SCAL                                                                      
20004f6c  EXPX                                                                      
20004f70  EXPY                                                                      
20004f74  EXPZ                                                                      
20004f78  EXPW                                                                      
20004f7c  ACCX                                                                      
20004f80  ACCY                                                                      
20004f84  ACCZ                                                                      
20004f88  TMP1                                                                      
20004f8c  TMP2                                                                      
20004f90  TMP3                                                                      
20004f94  TMP4                                                                      
20004f98  TMP5                                                                      
20004f9c  TMP6                                                                      
20004fa0  eccRom_param_Gx                                                           
20004fa4  eccRom_param_Gy                                                           
20004fa8  eccRom_param_b                                                            
20004fac  P2_zi                                                                     
20004fac  ratChanInfo                                                               
20004fcc  fwInfoCmd                                                                 
20004fd8  MSBMOD                                                                    
20004fdc  aux64                                                                     
20004fe4  MOD                                                                       
20004fe8  LEN                                                                       
20004ffc  pSspAesEncrypt_Sw                                                         
e000e000  ti_sysbios_family_arm_m3_Hwi_nvic                                         
ffffffff  __TI_pprof_out_hndl                                                       
ffffffff  __TI_prof_data_size                                                       
ffffffff  __TI_prof_data_start                                                      
ffffffff  __binit__                                                                 
ffffffff  __c_args__                                                                
ffffffff  binit                                                                     
UNDEFED   HwiP_restore                                                              
UNDEFED   SHT$$INIT_ARRAY$$Base                                                     
UNDEFED   SHT$$INIT_ARRAY$$Limit                                                    
UNDEFED   ti_sysbios_BIOS_RtsGateProxy_Handle__label__S__mangled__                  
UNDEFED   ti_sysbios_BIOS_RtsGateProxy_Object__delete__S__mangled__                 
UNDEFED   ti_sysbios_BIOS_RtsGateProxy_Params__init__S__mangled__                   
UNDEFED   ti_sysbios_BIOS_RtsGateProxy_query__E__mangled__                          
UNDEFED   ti_sysbios_hal_Hwi_HwiProxy_Module__startupDone__S__mangled__             
UNDEFED   ti_sysbios_hal_Hwi_HwiProxy_Object__delete__S__mangled__                  
UNDEFED   ti_sysbios_hal_Hwi_HwiProxy_Params__init__S__mangled__                    
UNDEFED   ti_sysbios_hal_Hwi_HwiProxy_disableInterrupt__E__mangled__                
UNDEFED   ti_sysbios_hal_Hwi_HwiProxy_enableInterrupt__E__mangled__                 
UNDEFED   ti_sysbios_hal_Hwi_HwiProxy_getStackInfo__E__mangled__                    
UNDEFED   ti_sysbios_hal_Hwi_HwiProxy_startup__E__mangled__                         
UNDEFED   ti_sysbios_hal_Hwi_HwiProxy_switchFromBootStack__E__mangled__             
UNDEFED   ti_sysbios_hal_Hwi_disableInterrupt__E                                    
UNDEFED   ti_sysbios_hal_Hwi_enableInterrupt__E                                     
UNDEFED   ti_sysbios_hal_Hwi_getStackInfo__E                                        
UNDEFED   ti_sysbios_hal_Hwi_startup__E                                             
UNDEFED   ti_sysbios_hal_Hwi_switchFromBootStack__E                                 
UNDEFED   ti_sysbios_heaps_HeapMem_Module_GateProxy_Handle__label__S__mangled__     
UNDEFED   ti_sysbios_heaps_HeapMem_Module_GateProxy_Object__delete__S__mangled__    
UNDEFED   ti_sysbios_heaps_HeapMem_Module_GateProxy_Params__init__S__mangled__      
UNDEFED   ti_sysbios_heaps_HeapMem_Module_GateProxy_query__E__mangled__             
UNDEFED   ti_sysbios_knl_Clock_TimerProxy_Module__startupDone__S__mangled__         
UNDEFED   ti_sysbios_knl_Clock_TimerProxy_startup__E__mangled__                     
UNDEFED   ti_sysbios_knl_Task_SupportProxy_Module__startupDone__S__mangled__        
UNDEFED   ti_sysbios_knl_Task_SupportProxy_getStackAlignment__E__mangled__          
UNDEFED   ti_sysbios_knl_Task_SupportProxy_start__E__mangled__                      
UNDEFED   ti_sysbios_knl_Task_SupportProxy_swap__E__mangled__                       
UNDEFED   xdc_runtime_Main_Module_GateProxy_Handle__label__S                        
UNDEFED   xdc_runtime_Main_Module_GateProxy_Object__delete__S                       
UNDEFED   xdc_runtime_Main_Module_GateProxy_query__E                                
UNDEFED   xdc_runtime_Memory_HeapProxy_Handle__label__S__mangled__                  
UNDEFED   xdc_runtime_Memory_HeapProxy_Object__delete__S__mangled__                 
UNDEFED   xdc_runtime_System_Module_GateProxy_Handle__label__S__mangled__           
UNDEFED   xdc_runtime_System_Module_GateProxy_Object__delete__S__mangled__          
UNDEFED   xdc_runtime_System_Module_GateProxy_query__E__mangled__                   
UNDEFED   xdc_runtime_System_SupportProxy_abort__E                                  
UNDEFED   xdc_runtime_System_SupportProxy_exit__E                                   
UNDEFED   xdc_runtime_Timestamp_SupportProxy_get64__E__mangled__                    
UNDEFED   xdc_runtime_Timestamp_SupportProxy_getFreq__E__mangled__                  
UNDEFED   xdc_runtime_Timestamp_get32__E                                            
UNDEFED   xdc_runtime_Timestamp_get64__E                                            
UNDEFED   xdc_runtime_Timestamp_getFreq__E                                          

[1056 symbols]
