******************************************************************************
                  TI ARM Linker PC v16.9.4                     
******************************************************************************
>> Linked Fri Sep 07 15:24:37 2018

OUTPUT FILE NAME:   <evrs_tx_cc2650etx_app.out>
ENTRY POINT SYMBOL: "ResetISR"  address: 0000683d


MEMORY CONFIGURATION

         name            origin    length      used     unused   attr    fill
----------------------  --------  ---------  --------  --------  ----  --------
  FLASH                 00000000   0000f000  00008f86  0000607a  R  X
  FLASH_LAST_PAGE       0001f000   00001000  00000058  00000fa8  R  X
  SRAM                  20000000   00004320  000024cb  00001e55  RW X


SEGMENT ALLOCATION MAP

run origin  load origin   length   init length attrs members
----------  ----------- ---------- ----------- ----- -------
00000000    00000000    00008f90   00008f90    r-x
  00000000    00000000    0000003c   0000003c    r-- .resetVecs
  0000003c    0000003c    000000c4   000000c4    r-x .text.1
  00000100    00000100    0000003c   0000003c    r-- .const:ti_sysbios_knl_Task_Object__PARAMS__C
  0000013c    0000013c    00000034   00000034    r-- .const:ti_sysbios_knl_Mailbox_Object__PARAMS__C
  00000170    00000170    00000030   00000030    r-- .const:ti_sysbios_family_arm_m3_Hwi_Object__PARAMS__C
  000001a0    000001a0    0000002c   0000002c    r-- .const:ti_sysbios_hal_Hwi_Object__PARAMS__C
  000001cc    000001cc    00000028   00000028    r-- .const:ti_sysbios_heaps_HeapMem_Module__FXNS__C
  000001f4    000001f4    00000028   00000028    r-- .const:ti_sysbios_knl_Swi_Object__PARAMS__C
  0000021c    0000021c    00000024   00000024    r-- .const:ti_sysbios_gates_GateHwi_Module__FXNS__C
  00000240    00000240    00000024   00000024    r-- .const:ti_sysbios_gates_GateMutex_Module__FXNS__C
  00000264    00000264    00000024   00000024    r-- .const:ti_sysbios_heaps_HeapMem_Object__PARAMS__C
  00000288    00000288    00000024   00000024    r-- .const:ti_sysbios_knl_Clock_Object__PARAMS__C
  000002ac    000002ac    00000024   00000024    r-- .const:ti_sysbios_knl_Semaphore_Object__PARAMS__C
  000002d0    000002d0    00000020   00000020    r-- .const:ti_sysbios_family_arm_m3_Hwi_Object__DESC__C
  000002f0    000002f0    00000020   00000020    r-- .const:ti_sysbios_gates_GateHwi_Object__DESC__C
  00000310    00000310    00000020   00000020    r-- .const:ti_sysbios_gates_GateMutex_Object__DESC__C
  00000330    00000330    00000020   00000020    r-- .const:ti_sysbios_hal_Hwi_Object__DESC__C
  00000350    00000350    00000020   00000020    r-- .const:ti_sysbios_heaps_HeapMem_Object__DESC__C
  00000370    00000370    00000020   00000020    r-- .const:ti_sysbios_knl_Clock_Object__DESC__C
  00000390    00000390    00000020   00000020    r-- .const:ti_sysbios_knl_Mailbox_Object__DESC__C
  000003b0    000003b0    00000020   00000020    r-- .const:ti_sysbios_knl_Queue_Object__DESC__C
  000003d0    000003d0    00000020   00000020    r-- .const:ti_sysbios_knl_Semaphore_Object__DESC__C
  000003f0    000003f0    00000020   00000020    r-- .const:ti_sysbios_knl_Swi_Object__DESC__C
  00000410    00000410    00000020   00000020    r-- .const:ti_sysbios_knl_Task_Object__DESC__C
  00000430    00000430    00000018   00000018    r-- .const:ti_sysbios_gates_GateHwi_Object__PARAMS__C
  00000448    00000448    00000018   00000018    r-- .const:ti_sysbios_gates_GateMutex_Object__PARAMS__C
  00000460    00000460    00000018   00000018    r-- .const:ti_sysbios_knl_Queue_Object__PARAMS__C
  00000478    00000478    00000008   00000008    r-- .const:ti_sysbios_knl_Idle_funcList__C
  00000480    00000480    00000004   00000004    r-x .text.2
  00000484    00000484    00000004   00000004    r-- .const:ti_sysbios_family_arm_cc26xx_Timer_startupNeeded__C
  00000488    00000488    00000004   00000004    r-- .const:ti_sysbios_family_arm_m3_Hwi_E_alreadyDefined__C
  0000048c    0000048c    00000004   00000004    r-- .const:ti_sysbios_family_arm_m3_Hwi_E_hwiLimitExceeded__C
  00000490    00000490    00000004   00000004    r-- .const:ti_sysbios_family_arm_m3_Hwi_NUM_INTERRUPTS__C
  00000494    00000494    00000004   00000004    r-- .const:ti_sysbios_family_arm_m3_Hwi_Object__count__C
  00000498    00000498    00000004   00000004    r-- .const:ti_sysbios_family_arm_m3_Hwi_Object__table__C
  0000049c    0000049c    00000004   00000004    r-- .const:ti_sysbios_family_arm_m3_Hwi_ccr__C
  000004a0    000004a0    00000004   00000004    r-- .const:ti_sysbios_family_arm_m3_Hwi_excHandlerFunc__C
  000004a4    000004a4    00000004   00000004    r-- .const:ti_sysbios_family_arm_m3_Hwi_nullIsrFunc__C
  000004a8    000004a8    00000004   00000004    r-- .const:ti_sysbios_family_arm_m3_Hwi_numSparseInterrupts__C
  000004ac    000004ac    00000004   00000004    r-- .const:ti_sysbios_family_arm_m3_Hwi_priGroup__C
  000004b0    000004b0    00000004   00000004    r-- .const:ti_sysbios_family_arm_m3_TaskSupport_stackAlignment__C
  000004b4    000004b4    00000004   00000004    r-- .const:ti_sysbios_heaps_HeapMem_E_memory__C
  000004b8    000004b8    00000004   00000004    r-- .const:ti_sysbios_heaps_HeapMem_Module__gateObj__C
  000004bc    000004bc    00000004   00000004    r-- .const:ti_sysbios_heaps_HeapMem_Object__count__C
  000004c0    000004c0    00000004   00000004    r-- .const:ti_sysbios_heaps_HeapMem_Object__table__C
  000004c4    000004c4    00000004   00000004    r-- .const:ti_sysbios_heaps_HeapMem_reqAlign__C
  000004c8    000004c8    00000004   00000004    r-- .const:ti_sysbios_knl_Clock_serviceMargin__C
  000004cc    000004cc    00000004   00000004    r-- .const:ti_sysbios_knl_Mailbox_Object__count__C
  000004d0    000004d0    00000004   00000004    r-- .const:ti_sysbios_knl_Mailbox_Object__table__C
  000004d4    000004d4    00000004   00000004    r-- .const:ti_sysbios_knl_Queue_Object__count__C
  000004d8    000004d8    00000004   00000004    r-- .const:ti_sysbios_knl_Queue_Object__table__C
  000004dc    000004dc    00000004   00000004    r-- .const:ti_sysbios_knl_Swi_Object__count__C
  000004e0    000004e0    00000004   00000004    r-- .const:ti_sysbios_knl_Swi_Object__table__C
  000004e4    000004e4    00000004   00000004    r-- .const:ti_sysbios_knl_Swi_numPriorities__C
  000004e8    000004e8    00000004   00000004    r-- .const:ti_sysbios_knl_Task_Object__count__C
  000004ec    000004ec    00000004   00000004    r-- .const:ti_sysbios_knl_Task_Object__table__C
  000004f0    000004f0    00000004   00000004    r-- .const:ti_sysbios_knl_Task_allBlockedFunc__C
  000004f4    000004f4    00000004   00000004    r-- .const:ti_sysbios_knl_Task_defaultStackHeap__C
  000004f8    000004f8    00000004   00000004    r-- .const:ti_sysbios_knl_Task_defaultStackSize__C
  000004fc    000004fc    00000004   00000004    r-- .const:ti_sysbios_knl_Task_numConstructedTasks__C
  00000500    00000500    00000002   00000002    r-x .text.3
  00000502    00000502    00000002   00000002    r-- .const:ti_sysbios_family_arm_cc26xx_Timer_Module__id__C
  00000504    00000504    00000002   00000002    r-- .const:ti_sysbios_family_arm_cc26xx_TimestampProvider_useClockTimer__C
  00000506    00000506    00000002   00000002    r-- .const:ti_sysbios_family_arm_m3_Hwi_Module__id__C
  00000508    00000508    00000002   00000002    r-- .const:ti_sysbios_gates_GateHwi_Module__id__C
  0000050a    0000050a    00000002   00000002    r-- .const:ti_sysbios_gates_GateMutex_Module__id__C
  0000050c    0000050c    00000002   00000002    r-- .const:ti_sysbios_heaps_HeapMem_Module__id__C
  0000050e    0000050e    00000002   00000002    r-- .const:ti_sysbios_knl_Task_initStackFlag__C
  00000510    00000510    00000001   00000001    r-- .const:ti_sysbios_knl_Clock_tickMode__C
  00000514    00000514    00000008   00000008    r-- .const:xdc_runtime_Startup_firstFxns__C
  0000051c    0000051c    00000008   00000008    r-- .const:xdc_runtime_Startup_lastFxns__C
  00000524    00000524    00000004   00000004    r-- .const:xdc_runtime_Assert_E_assertFailed__C
  00000528    00000528    00000004   00000004    r-- .const:xdc_runtime_Error_E_memory__C
  0000052c    0000052c    00000004   00000004    r-- .const:xdc_runtime_Error_policyFxn__C
  00000530    00000530    00000004   00000004    r-- .const:xdc_runtime_IGateProvider_Interface__BASE__C
  00000534    00000534    00000004   00000004    r-- .const:xdc_runtime_IHeap_Interface__BASE__C
  00000538    00000538    00000004   00000004    r-- .const:xdc_runtime_IModule_Interface__BASE__C
  0000053c    0000053c    00000004   00000004    r-- .const:xdc_runtime_Main_Module__diagsEnabled__C
  00000540    00000540    00000004   00000004    r-- .const:xdc_runtime_Main_Module__diagsIncluded__C
  00000544    00000544    00000004   00000004    r-- .const:xdc_runtime_Main_Module__diagsMask__C
  00000548    00000548    00000004   00000004    r-- .const:xdc_runtime_Memory_defaultHeapInstance__C
  0000054c    0000054c    00000004   00000004    r-- .const:xdc_runtime_Startup_execImpl__C
  00000550    00000550    00000004   00000004    r-- .const:xdc_runtime_Startup_maxPasses__C
  00000554    00000554    00000004   00000004    r-- .const:xdc_runtime_Startup_sfxnRts__C
  00000558    00000558    00000004   00000004    r-- .const:xdc_runtime_Startup_sfxnTab__C
  0000055c    0000055c    00000004   00000004    r-- .const:xdc_runtime_Startup_startModsFxn__C
  00000560    00000560    00000004   00000004    r-- .const:xdc_runtime_SysCallback_abortFxn__C
  00000564    00000564    00000004   00000004    r-- .const:xdc_runtime_SysCallback_exitFxn__C
  00000568    00000568    00000004   00000004    r-- .const:xdc_runtime_System_abortFxn__C
  0000056c    0000056c    00000004   00000004    r-- .const:xdc_runtime_System_exitFxn__C
  00000570    00000570    00000004   00000004    r-- .const:xdc_runtime_System_maxAtexitHandlers__C
  00000574    00000574    00000004   00000004    r-- .const:xdc_runtime_Text_charTab__C
  00000578    00000578    00000004   00000004    r-- .const:xdc_runtime_Text_nameEmpty__C
  0000057c    0000057c    00000004   00000004    r-- .const:xdc_runtime_Text_nameStatic__C
  00000580    00000580    00000004   00000004    r-- .const:xdc_runtime_Text_nameUnknown__C
  00000584    00000584    00000002   00000002    r-- .const:xdc_runtime_Main_Module__id__C
  00000586    00000586    00000002   00000002    r-- .const:xdc_runtime_Memory_Module__id__C
  00000588    00000588    00000002   00000002    r-- .const:xdc_runtime_Text_charCnt__C
  0000058a    0000058a    00000002   00000002    r-- .const:xdc_runtime_Text_isLoaded__C
  0000058c    0000058c    00000001   00000001    r-- .const:xdc_runtime_Error_policy__C
  00000590    00000590    00000004   00000004    r-- .const:ti_sysbios_rom_ROM_AONRTCChannelEnable
  00000594    00000594    00000004   00000004    r-- .const:ti_sysbios_rom_ROM_AONRTCCompareValueSet
  00000598    00000598    00000004   00000004    r-- .const:ti_sysbios_rom_ROM_AONRTCCurrentCompareValueGet
  0000059c    0000059c    00000004   00000004    r-- .const:ti_sysbios_rom_ROM_AONRTCEventClear
  000005a0    000005a0    00000004   00000004    r-- .const:ti_sysbios_rom_ROM_ti_sysbios_family_arm_cc26xx_Timer_getCount64__E
  000005a4    000005a4    00000004   00000004    r-- .const:ti_sysbios_rom_ROM_ti_sysbios_family_arm_cc26xx_Timer_getCurrentTick__E
  000005a8    000005a8    00000004   00000004    r-- .const:ti_sysbios_rom_ROM_ti_sysbios_family_arm_cc26xx_Timer_getMaxTicks__E
  000005ac    000005ac    00000004   00000004    r-- .const:ti_sysbios_rom_ROM_ti_sysbios_family_arm_cc26xx_Timer_initDevice__I
  000005b0    000005b0    00000004   00000004    r-- .const:ti_sysbios_rom_ROM_ti_sysbios_family_arm_cc26xx_Timer_setNextTick__E
  000005b4    000005b4    00000004   00000004    r-- .const:ti_sysbios_rom_ROM_ti_sysbios_family_arm_cc26xx_Timer_setThreshold__I
  000005b8    000005b8    00000004   00000004    r-- .const:ti_sysbios_rom_ROM_ti_sysbios_family_arm_cc26xx_Timer_start__E
  000005bc    000005bc    00000004   00000004    r-- .const:ti_sysbios_rom_ROM_ti_sysbios_family_arm_cc26xx_TimestampProvider_get32__E
  000005c0    000005c0    00000004   00000004    r-- .const:ti_sysbios_rom_ROM_xdc_runtime_Startup_getState__I
  000005c4    000005c4    00000004   00000004    r-- .const:ti_sysbios_rom_ROM_xdc_runtime_System_SupportProxy_abort__E
  000005c8    000005c8    00000004   00000004    r-- .const:ti_sysbios_rom_ROM_xdc_runtime_System_SupportProxy_exit__E
  000005cc    000005cc    00000004   00000004    r-- .const:ti_sysbios_gates_GateMutex_Instance_State_sem__O
  000005d0    000005d0    00000004   00000004    r-- .const:ti_sysbios_knl_Clock_Module_State_clockQ__O
  000005d4    000005d4    00000004   00000004    r-- .const:ti_sysbios_knl_Mailbox_Instance_State_dataQue__O
  000005d8    000005d8    00000004   00000004    r-- .const:ti_sysbios_knl_Mailbox_Instance_State_dataSem__O
  000005dc    000005dc    00000004   00000004    r-- .const:ti_sysbios_knl_Mailbox_Instance_State_freeQue__O
  000005e0    000005e0    00000004   00000004    r-- .const:ti_sysbios_knl_Mailbox_Instance_State_freeSem__O
  000005e4    000005e4    00000004   00000004    r-- .const:ti_sysbios_knl_Semaphore_Instance_State_pendQ__O
  000005e8    000005e8    00000004   00000004    r-- .const:ti_sysbios_knl_Task_Module_State_inactiveQ__O
  000005ec    000005ec    000080dc   000080dc    r-x .text.4
  000086c8    000086c8    00000454   00000454    r-- .const
  00008b20    00008b20    00000470   00000470    r-- .cinit
0001ffa8    0001ffa8    00000058   00000058    r--
  0001ffa8    0001ffa8    00000058   00000058    r-- .ccfg
20000100    20000100    00002007   00000000    rw-
  20000100    20000100    00000044   00000000    rw- .data:ti_sysbios_knl_Task_Module__state__V
  20000144    20000144    00000034   00000000    rw- .data:ti_sysbios_family_arm_m3_Hwi_Module__state__V
  20000178    20000178    0000002c   00000000    rw- .data:ti_sysbios_knl_Clock_Module__state__V
  200001a4    200001a4    00000024   00000000    rw- .data:ti_sysbios_BIOS_Module__state__V
  200001c8    200001c8    0000001c   00000000    rw- .data:ti_sysbios_knl_Swi_Module__state__V
  200001e4    200001e4    00000008   00000000    rw- .data:ti_sysbios_family_arm_cc26xx_Timer_Module__state__V
  200001ec    200001ec    00000004   00000000    rw- .data:ti_sysbios_family_arm_cc26xx_TimestampProvider_Module__state__V
  200001f0    200001f0    00000008   00000000    rw- .data:xdc_runtime_Startup_Module__state__V
  200001f8    200001f8    00000008   00000000    rw- .data:xdc_runtime_System_Module__state__V
  20000200    20000200    00000004   00000000    rw- .data:xdc_runtime_Memory_Module__state__V
  20000208    20000208    0000129b   00000000    rw- .data
  200014a8    200014a8    00000c5f   00000000    rw- .bss
20003f20    20003f20    00000400   00000000    rw-
  20003f20    20003f20    00000400   00000000    rw- .stack


SECTION ALLOCATION MAP

 output                                  attributes/
section   page    origin      length       input sections
--------  ----  ----------  ----------   ----------------
.resetVecs 
*          0    00000000    0000003c     
                  00000000    0000003c     app_ble_pem3.oem3 (.resetVecs)

.text.1    0    0000003c    000000c4     
                  0000003c    000000bc     UARTCC26XX.obj (.text:UARTCC26XX_initHw$10)
                  000000f8    00000008     (.tramp.ti_sysbios_BIOS_getCpuFreq__E.1)

.const:ti_sysbios_knl_Task_Object__PARAMS__C 
*          0    00000100    0000003c     
                  00000100    0000003c     app_ble_pem3.oem3 (.const:ti_sysbios_knl_Task_Object__PARAMS__C)

.const:ti_sysbios_knl_Mailbox_Object__PARAMS__C 
*          0    0000013c    00000034     
                  0000013c    00000034     app_ble_pem3.oem3 (.const:ti_sysbios_knl_Mailbox_Object__PARAMS__C)

.const:ti_sysbios_family_arm_m3_Hwi_Object__PARAMS__C 
*          0    00000170    00000030     
                  00000170    00000030     app_ble_pem3.oem3 (.const:ti_sysbios_family_arm_m3_Hwi_Object__PARAMS__C)

.const:ti_sysbios_hal_Hwi_Object__PARAMS__C 
*          0    000001a0    0000002c     
                  000001a0    0000002c     app_ble_pem3.oem3 (.const:ti_sysbios_hal_Hwi_Object__PARAMS__C)

.const:ti_sysbios_heaps_HeapMem_Module__FXNS__C 
*          0    000001cc    00000028     
                  000001cc    00000028     app_ble_pem3.oem3 (.const:ti_sysbios_heaps_HeapMem_Module__FXNS__C)

.const:ti_sysbios_knl_Swi_Object__PARAMS__C 
*          0    000001f4    00000028     
                  000001f4    00000028     app_ble_pem3.oem3 (.const:ti_sysbios_knl_Swi_Object__PARAMS__C)

.const:ti_sysbios_gates_GateHwi_Module__FXNS__C 
*          0    0000021c    00000024     
                  0000021c    00000024     app_ble_pem3.oem3 (.const:ti_sysbios_gates_GateHwi_Module__FXNS__C)

.const:ti_sysbios_gates_GateMutex_Module__FXNS__C 
*          0    00000240    00000024     
                  00000240    00000024     app_ble_pem3.oem3 (.const:ti_sysbios_gates_GateMutex_Module__FXNS__C)

.const:ti_sysbios_heaps_HeapMem_Object__PARAMS__C 
*          0    00000264    00000024     
                  00000264    00000024     app_ble_pem3.oem3 (.const:ti_sysbios_heaps_HeapMem_Object__PARAMS__C)

.const:ti_sysbios_knl_Clock_Object__PARAMS__C 
*          0    00000288    00000024     
                  00000288    00000024     app_ble_pem3.oem3 (.const:ti_sysbios_knl_Clock_Object__PARAMS__C)

.const:ti_sysbios_knl_Semaphore_Object__PARAMS__C 
*          0    000002ac    00000024     
                  000002ac    00000024     app_ble_pem3.oem3 (.const:ti_sysbios_knl_Semaphore_Object__PARAMS__C)

.const:ti_sysbios_family_arm_m3_Hwi_Object__DESC__C 
*          0    000002d0    00000020     
                  000002d0    00000020     app_ble_pem3.oem3 (.const:ti_sysbios_family_arm_m3_Hwi_Object__DESC__C)

.const:ti_sysbios_gates_GateHwi_Object__DESC__C 
*          0    000002f0    00000020     
                  000002f0    00000020     app_ble_pem3.oem3 (.const:ti_sysbios_gates_GateHwi_Object__DESC__C)

.const:ti_sysbios_gates_GateMutex_Object__DESC__C 
*          0    00000310    00000020     
                  00000310    00000020     app_ble_pem3.oem3 (.const:ti_sysbios_gates_GateMutex_Object__DESC__C)

.const:ti_sysbios_hal_Hwi_Object__DESC__C 
*          0    00000330    00000020     
                  00000330    00000020     app_ble_pem3.oem3 (.const:ti_sysbios_hal_Hwi_Object__DESC__C)

.const:ti_sysbios_heaps_HeapMem_Object__DESC__C 
*          0    00000350    00000020     
                  00000350    00000020     app_ble_pem3.oem3 (.const:ti_sysbios_heaps_HeapMem_Object__DESC__C)

.const:ti_sysbios_knl_Clock_Object__DESC__C 
*          0    00000370    00000020     
                  00000370    00000020     app_ble_pem3.oem3 (.const:ti_sysbios_knl_Clock_Object__DESC__C)

.const:ti_sysbios_knl_Mailbox_Object__DESC__C 
*          0    00000390    00000020     
                  00000390    00000020     app_ble_pem3.oem3 (.const:ti_sysbios_knl_Mailbox_Object__DESC__C)

.const:ti_sysbios_knl_Queue_Object__DESC__C 
*          0    000003b0    00000020     
                  000003b0    00000020     app_ble_pem3.oem3 (.const:ti_sysbios_knl_Queue_Object__DESC__C)

.const:ti_sysbios_knl_Semaphore_Object__DESC__C 
*          0    000003d0    00000020     
                  000003d0    00000020     app_ble_pem3.oem3 (.const:ti_sysbios_knl_Semaphore_Object__DESC__C)

.const:ti_sysbios_knl_Swi_Object__DESC__C 
*          0    000003f0    00000020     
                  000003f0    00000020     app_ble_pem3.oem3 (.const:ti_sysbios_knl_Swi_Object__DESC__C)

.const:ti_sysbios_knl_Task_Object__DESC__C 
*          0    00000410    00000020     
                  00000410    00000020     app_ble_pem3.oem3 (.const:ti_sysbios_knl_Task_Object__DESC__C)

.const:ti_sysbios_gates_GateHwi_Object__PARAMS__C 
*          0    00000430    00000018     
                  00000430    00000018     app_ble_pem3.oem3 (.const:ti_sysbios_gates_GateHwi_Object__PARAMS__C)

.const:ti_sysbios_gates_GateMutex_Object__PARAMS__C 
*          0    00000448    00000018     
                  00000448    00000018     app_ble_pem3.oem3 (.const:ti_sysbios_gates_GateMutex_Object__PARAMS__C)

.const:ti_sysbios_knl_Queue_Object__PARAMS__C 
*          0    00000460    00000018     
                  00000460    00000018     app_ble_pem3.oem3 (.const:ti_sysbios_knl_Queue_Object__PARAMS__C)

.const:ti_sysbios_knl_Idle_funcList__C 
*          0    00000478    00000008     
                  00000478    00000008     app_ble_pem3.oem3 (.const:ti_sysbios_knl_Idle_funcList__C)

.text.2    0    00000480    00000004     
                  00000480    00000004     icall.obj (.text:ICall_primAbort$12)

.const:ti_sysbios_family_arm_cc26xx_Timer_startupNeeded__C 
*          0    00000484    00000004     
                  00000484    00000004     app_ble_pem3.oem3 (.const:ti_sysbios_family_arm_cc26xx_Timer_startupNeeded__C)

.const:ti_sysbios_family_arm_m3_Hwi_E_alreadyDefined__C 
*          0    00000488    00000004     
                  00000488    00000004     app_ble_pem3.oem3 (.const:ti_sysbios_family_arm_m3_Hwi_E_alreadyDefined__C)

.const:ti_sysbios_family_arm_m3_Hwi_E_hwiLimitExceeded__C 
*          0    0000048c    00000004     
                  0000048c    00000004     app_ble_pem3.oem3 (.const:ti_sysbios_family_arm_m3_Hwi_E_hwiLimitExceeded__C)

.const:ti_sysbios_family_arm_m3_Hwi_NUM_INTERRUPTS__C 
*          0    00000490    00000004     
                  00000490    00000004     app_ble_pem3.oem3 (.const:ti_sysbios_family_arm_m3_Hwi_NUM_INTERRUPTS__C)

.const:ti_sysbios_family_arm_m3_Hwi_Object__count__C 
*          0    00000494    00000004     
                  00000494    00000004     app_ble_pem3.oem3 (.const:ti_sysbios_family_arm_m3_Hwi_Object__count__C)

.const:ti_sysbios_family_arm_m3_Hwi_Object__table__C 
*          0    00000498    00000004     
                  00000498    00000004     app_ble_pem3.oem3 (.const:ti_sysbios_family_arm_m3_Hwi_Object__table__C)

.const:ti_sysbios_family_arm_m3_Hwi_ccr__C 
*          0    0000049c    00000004     
                  0000049c    00000004     app_ble_pem3.oem3 (.const:ti_sysbios_family_arm_m3_Hwi_ccr__C)

.const:ti_sysbios_family_arm_m3_Hwi_excHandlerFunc__C 
*          0    000004a0    00000004     
                  000004a0    00000004     app_ble_pem3.oem3 (.const:ti_sysbios_family_arm_m3_Hwi_excHandlerFunc__C)

.const:ti_sysbios_family_arm_m3_Hwi_nullIsrFunc__C 
*          0    000004a4    00000004     
                  000004a4    00000004     app_ble_pem3.oem3 (.const:ti_sysbios_family_arm_m3_Hwi_nullIsrFunc__C)

.const:ti_sysbios_family_arm_m3_Hwi_numSparseInterrupts__C 
*          0    000004a8    00000004     
                  000004a8    00000004     app_ble_pem3.oem3 (.const:ti_sysbios_family_arm_m3_Hwi_numSparseInterrupts__C)

.const:ti_sysbios_family_arm_m3_Hwi_priGroup__C 
*          0    000004ac    00000004     
                  000004ac    00000004     app_ble_pem3.oem3 (.const:ti_sysbios_family_arm_m3_Hwi_priGroup__C)

.const:ti_sysbios_family_arm_m3_TaskSupport_stackAlignment__C 
*          0    000004b0    00000004     
                  000004b0    00000004     app_ble_pem3.oem3 (.const:ti_sysbios_family_arm_m3_TaskSupport_stackAlignment__C)

.const:ti_sysbios_heaps_HeapMem_E_memory__C 
*          0    000004b4    00000004     
                  000004b4    00000004     app_ble_pem3.oem3 (.const:ti_sysbios_heaps_HeapMem_E_memory__C)

.const:ti_sysbios_heaps_HeapMem_Module__gateObj__C 
*          0    000004b8    00000004     
                  000004b8    00000004     app_ble_pem3.oem3 (.const:ti_sysbios_heaps_HeapMem_Module__gateObj__C)

.const:ti_sysbios_heaps_HeapMem_Object__count__C 
*          0    000004bc    00000004     
                  000004bc    00000004     app_ble_pem3.oem3 (.const:ti_sysbios_heaps_HeapMem_Object__count__C)

.const:ti_sysbios_heaps_HeapMem_Object__table__C 
*          0    000004c0    00000004     
                  000004c0    00000004     app_ble_pem3.oem3 (.const:ti_sysbios_heaps_HeapMem_Object__table__C)

.const:ti_sysbios_heaps_HeapMem_reqAlign__C 
*          0    000004c4    00000004     
                  000004c4    00000004     app_ble_pem3.oem3 (.const:ti_sysbios_heaps_HeapMem_reqAlign__C)

.const:ti_sysbios_knl_Clock_serviceMargin__C 
*          0    000004c8    00000004     
                  000004c8    00000004     app_ble_pem3.oem3 (.const:ti_sysbios_knl_Clock_serviceMargin__C)

.const:ti_sysbios_knl_Mailbox_Object__count__C 
*          0    000004cc    00000004     
                  000004cc    00000004     app_ble_pem3.oem3 (.const:ti_sysbios_knl_Mailbox_Object__count__C)

.const:ti_sysbios_knl_Mailbox_Object__table__C 
*          0    000004d0    00000004     
                  000004d0    00000004     app_ble_pem3.oem3 (.const:ti_sysbios_knl_Mailbox_Object__table__C)

.const:ti_sysbios_knl_Queue_Object__count__C 
*          0    000004d4    00000004     
                  000004d4    00000004     app_ble_pem3.oem3 (.const:ti_sysbios_knl_Queue_Object__count__C)

.const:ti_sysbios_knl_Queue_Object__table__C 
*          0    000004d8    00000004     
                  000004d8    00000004     app_ble_pem3.oem3 (.const:ti_sysbios_knl_Queue_Object__table__C)

.const:ti_sysbios_knl_Swi_Object__count__C 
*          0    000004dc    00000004     
                  000004dc    00000004     app_ble_pem3.oem3 (.const:ti_sysbios_knl_Swi_Object__count__C)

.const:ti_sysbios_knl_Swi_Object__table__C 
*          0    000004e0    00000004     
                  000004e0    00000004     app_ble_pem3.oem3 (.const:ti_sysbios_knl_Swi_Object__table__C)

.const:ti_sysbios_knl_Swi_numPriorities__C 
*          0    000004e4    00000004     
                  000004e4    00000004     app_ble_pem3.oem3 (.const:ti_sysbios_knl_Swi_numPriorities__C)

.const:ti_sysbios_knl_Task_Object__count__C 
*          0    000004e8    00000004     
                  000004e8    00000004     app_ble_pem3.oem3 (.const:ti_sysbios_knl_Task_Object__count__C)

.const:ti_sysbios_knl_Task_Object__table__C 
*          0    000004ec    00000004     
                  000004ec    00000004     app_ble_pem3.oem3 (.const:ti_sysbios_knl_Task_Object__table__C)

.const:ti_sysbios_knl_Task_allBlockedFunc__C 
*          0    000004f0    00000004     
                  000004f0    00000004     app_ble_pem3.oem3 (.const:ti_sysbios_knl_Task_allBlockedFunc__C)

.const:ti_sysbios_knl_Task_defaultStackHeap__C 
*          0    000004f4    00000004     
                  000004f4    00000004     app_ble_pem3.oem3 (.const:ti_sysbios_knl_Task_defaultStackHeap__C)

.const:ti_sysbios_knl_Task_defaultStackSize__C 
*          0    000004f8    00000004     
                  000004f8    00000004     app_ble_pem3.oem3 (.const:ti_sysbios_knl_Task_defaultStackSize__C)

.const:ti_sysbios_knl_Task_numConstructedTasks__C 
*          0    000004fc    00000004     
                  000004fc    00000004     app_ble_pem3.oem3 (.const:ti_sysbios_knl_Task_numConstructedTasks__C)

.text.3    0    00000500    00000002     
                  00000500    00000002     ble_user_config.obj (.text:DefaultAssertCback)

.const:ti_sysbios_family_arm_cc26xx_Timer_Module__id__C 
*          0    00000502    00000002     
                  00000502    00000002     app_ble_pem3.oem3 (.const:ti_sysbios_family_arm_cc26xx_Timer_Module__id__C)

.const:ti_sysbios_family_arm_cc26xx_TimestampProvider_useClockTimer__C 
*          0    00000504    00000002     
                  00000504    00000002     app_ble_pem3.oem3 (.const:ti_sysbios_family_arm_cc26xx_TimestampProvider_useClockTimer__C)

.const:ti_sysbios_family_arm_m3_Hwi_Module__id__C 
*          0    00000506    00000002     
                  00000506    00000002     app_ble_pem3.oem3 (.const:ti_sysbios_family_arm_m3_Hwi_Module__id__C)

.const:ti_sysbios_gates_GateHwi_Module__id__C 
*          0    00000508    00000002     
                  00000508    00000002     app_ble_pem3.oem3 (.const:ti_sysbios_gates_GateHwi_Module__id__C)

.const:ti_sysbios_gates_GateMutex_Module__id__C 
*          0    0000050a    00000002     
                  0000050a    00000002     app_ble_pem3.oem3 (.const:ti_sysbios_gates_GateMutex_Module__id__C)

.const:ti_sysbios_heaps_HeapMem_Module__id__C 
*          0    0000050c    00000002     
                  0000050c    00000002     app_ble_pem3.oem3 (.const:ti_sysbios_heaps_HeapMem_Module__id__C)

.const:ti_sysbios_knl_Task_initStackFlag__C 
*          0    0000050e    00000002     
                  0000050e    00000002     app_ble_pem3.oem3 (.const:ti_sysbios_knl_Task_initStackFlag__C)

.const:ti_sysbios_knl_Clock_tickMode__C 
*          0    00000510    00000001     
                  00000510    00000001     app_ble_pem3.oem3 (.const:ti_sysbios_knl_Clock_tickMode__C)

.const:xdc_runtime_Startup_firstFxns__C 
*          0    00000514    00000008     
                  00000514    00000008     app_ble_pem3.oem3 (.const:xdc_runtime_Startup_firstFxns__C)

.const:xdc_runtime_Startup_lastFxns__C 
*          0    0000051c    00000008     
                  0000051c    00000008     app_ble_pem3.oem3 (.const:xdc_runtime_Startup_lastFxns__C)

.const:xdc_runtime_Assert_E_assertFailed__C 
*          0    00000524    00000004     
                  00000524    00000004     app_ble_pem3.oem3 (.const:xdc_runtime_Assert_E_assertFailed__C)

.const:xdc_runtime_Error_E_memory__C 
*          0    00000528    00000004     
                  00000528    00000004     app_ble_pem3.oem3 (.const:xdc_runtime_Error_E_memory__C)

.const:xdc_runtime_Error_policyFxn__C 
*          0    0000052c    00000004     
                  0000052c    00000004     app_ble_pem3.oem3 (.const:xdc_runtime_Error_policyFxn__C)

.const:xdc_runtime_IGateProvider_Interface__BASE__C 
*          0    00000530    00000004     
                  00000530    00000004     app_ble_pem3.oem3 (.const:xdc_runtime_IGateProvider_Interface__BASE__C)

.const:xdc_runtime_IHeap_Interface__BASE__C 
*          0    00000534    00000004     
                  00000534    00000004     app_ble_pem3.oem3 (.const:xdc_runtime_IHeap_Interface__BASE__C)

.const:xdc_runtime_IModule_Interface__BASE__C 
*          0    00000538    00000004     
                  00000538    00000004     app_ble_pem3.oem3 (.const:xdc_runtime_IModule_Interface__BASE__C)

.const:xdc_runtime_Main_Module__diagsEnabled__C 
*          0    0000053c    00000004     
                  0000053c    00000004     app_ble_pem3.oem3 (.const:xdc_runtime_Main_Module__diagsEnabled__C)

.const:xdc_runtime_Main_Module__diagsIncluded__C 
*          0    00000540    00000004     
                  00000540    00000004     app_ble_pem3.oem3 (.const:xdc_runtime_Main_Module__diagsIncluded__C)

.const:xdc_runtime_Main_Module__diagsMask__C 
*          0    00000544    00000004     
                  00000544    00000004     app_ble_pem3.oem3 (.const:xdc_runtime_Main_Module__diagsMask__C)

.const:xdc_runtime_Memory_defaultHeapInstance__C 
*          0    00000548    00000004     
                  00000548    00000004     app_ble_pem3.oem3 (.const:xdc_runtime_Memory_defaultHeapInstance__C)

.const:xdc_runtime_Startup_execImpl__C 
*          0    0000054c    00000004     
                  0000054c    00000004     app_ble_pem3.oem3 (.const:xdc_runtime_Startup_execImpl__C)

.const:xdc_runtime_Startup_maxPasses__C 
*          0    00000550    00000004     
                  00000550    00000004     app_ble_pem3.oem3 (.const:xdc_runtime_Startup_maxPasses__C)

.const:xdc_runtime_Startup_sfxnRts__C 
*          0    00000554    00000004     
                  00000554    00000004     app_ble_pem3.oem3 (.const:xdc_runtime_Startup_sfxnRts__C)

.const:xdc_runtime_Startup_sfxnTab__C 
*          0    00000558    00000004     
                  00000558    00000004     app_ble_pem3.oem3 (.const:xdc_runtime_Startup_sfxnTab__C)

.const:xdc_runtime_Startup_startModsFxn__C 
*          0    0000055c    00000004     
                  0000055c    00000004     app_ble_pem3.oem3 (.const:xdc_runtime_Startup_startModsFxn__C)

.const:xdc_runtime_SysCallback_abortFxn__C 
*          0    00000560    00000004     
                  00000560    00000004     app_ble_pem3.oem3 (.const:xdc_runtime_SysCallback_abortFxn__C)

.const:xdc_runtime_SysCallback_exitFxn__C 
*          0    00000564    00000004     
                  00000564    00000004     app_ble_pem3.oem3 (.const:xdc_runtime_SysCallback_exitFxn__C)

.const:xdc_runtime_System_abortFxn__C 
*          0    00000568    00000004     
                  00000568    00000004     app_ble_pem3.oem3 (.const:xdc_runtime_System_abortFxn__C)

.const:xdc_runtime_System_exitFxn__C 
*          0    0000056c    00000004     
                  0000056c    00000004     app_ble_pem3.oem3 (.const:xdc_runtime_System_exitFxn__C)

.const:xdc_runtime_System_maxAtexitHandlers__C 
*          0    00000570    00000004     
                  00000570    00000004     app_ble_pem3.oem3 (.const:xdc_runtime_System_maxAtexitHandlers__C)

.const:xdc_runtime_Text_charTab__C 
*          0    00000574    00000004     
                  00000574    00000004     app_ble_pem3.oem3 (.const:xdc_runtime_Text_charTab__C)

.const:xdc_runtime_Text_nameEmpty__C 
*          0    00000578    00000004     
                  00000578    00000004     app_ble_pem3.oem3 (.const:xdc_runtime_Text_nameEmpty__C)

.const:xdc_runtime_Text_nameStatic__C 
*          0    0000057c    00000004     
                  0000057c    00000004     app_ble_pem3.oem3 (.const:xdc_runtime_Text_nameStatic__C)

.const:xdc_runtime_Text_nameUnknown__C 
*          0    00000580    00000004     
                  00000580    00000004     app_ble_pem3.oem3 (.const:xdc_runtime_Text_nameUnknown__C)

.const:xdc_runtime_Main_Module__id__C 
*          0    00000584    00000002     
                  00000584    00000002     app_ble_pem3.oem3 (.const:xdc_runtime_Main_Module__id__C)

.const:xdc_runtime_Memory_Module__id__C 
*          0    00000586    00000002     
                  00000586    00000002     app_ble_pem3.oem3 (.const:xdc_runtime_Memory_Module__id__C)

.const:xdc_runtime_Text_charCnt__C 
*          0    00000588    00000002     
                  00000588    00000002     app_ble_pem3.oem3 (.const:xdc_runtime_Text_charCnt__C)

.const:xdc_runtime_Text_isLoaded__C 
*          0    0000058a    00000002     
                  0000058a    00000002     app_ble_pem3.oem3 (.const:xdc_runtime_Text_isLoaded__C)

.const:xdc_runtime_Error_policy__C 
*          0    0000058c    00000001     
                  0000058c    00000001     app_ble_pem3.oem3 (.const:xdc_runtime_Error_policy__C)

.const:ti_sysbios_rom_ROM_AONRTCChannelEnable 
*          0    00000590    00000004     
                  00000590    00000004     app_ble_pem3.oem3 (.const:ti_sysbios_rom_ROM_AONRTCChannelEnable)

.const:ti_sysbios_rom_ROM_AONRTCCompareValueSet 
*          0    00000594    00000004     
                  00000594    00000004     app_ble_pem3.oem3 (.const:ti_sysbios_rom_ROM_AONRTCCompareValueSet)

.const:ti_sysbios_rom_ROM_AONRTCCurrentCompareValueGet 
*          0    00000598    00000004     
                  00000598    00000004     app_ble_pem3.oem3 (.const:ti_sysbios_rom_ROM_AONRTCCurrentCompareValueGet)

.const:ti_sysbios_rom_ROM_AONRTCEventClear 
*          0    0000059c    00000004     
                  0000059c    00000004     app_ble_pem3.oem3 (.const:ti_sysbios_rom_ROM_AONRTCEventClear)

.const:ti_sysbios_rom_ROM_ti_sysbios_family_arm_cc26xx_Timer_getCount64__E 
*          0    000005a0    00000004     
                  000005a0    00000004     app_ble_pem3.oem3 (.const:ti_sysbios_rom_ROM_ti_sysbios_family_arm_cc26xx_Timer_getCount64__E)

.const:ti_sysbios_rom_ROM_ti_sysbios_family_arm_cc26xx_Timer_getCurrentTick__E 
*          0    000005a4    00000004     
                  000005a4    00000004     app_ble_pem3.oem3 (.const:ti_sysbios_rom_ROM_ti_sysbios_family_arm_cc26xx_Timer_getCurrentTick__E)

.const:ti_sysbios_rom_ROM_ti_sysbios_family_arm_cc26xx_Timer_getMaxTicks__E 
*          0    000005a8    00000004     
                  000005a8    00000004     app_ble_pem3.oem3 (.const:ti_sysbios_rom_ROM_ti_sysbios_family_arm_cc26xx_Timer_getMaxTicks__E)

.const:ti_sysbios_rom_ROM_ti_sysbios_family_arm_cc26xx_Timer_initDevice__I 
*          0    000005ac    00000004     
                  000005ac    00000004     app_ble_pem3.oem3 (.const:ti_sysbios_rom_ROM_ti_sysbios_family_arm_cc26xx_Timer_initDevice__I)

.const:ti_sysbios_rom_ROM_ti_sysbios_family_arm_cc26xx_Timer_setNextTick__E 
*          0    000005b0    00000004     
                  000005b0    00000004     app_ble_pem3.oem3 (.const:ti_sysbios_rom_ROM_ti_sysbios_family_arm_cc26xx_Timer_setNextTick__E)

.const:ti_sysbios_rom_ROM_ti_sysbios_family_arm_cc26xx_Timer_setThreshold__I 
*          0    000005b4    00000004     
                  000005b4    00000004     app_ble_pem3.oem3 (.const:ti_sysbios_rom_ROM_ti_sysbios_family_arm_cc26xx_Timer_setThreshold__I)

.const:ti_sysbios_rom_ROM_ti_sysbios_family_arm_cc26xx_Timer_start__E 
*          0    000005b8    00000004     
                  000005b8    00000004     app_ble_pem3.oem3 (.const:ti_sysbios_rom_ROM_ti_sysbios_family_arm_cc26xx_Timer_start__E)

.const:ti_sysbios_rom_ROM_ti_sysbios_family_arm_cc26xx_TimestampProvider_get32__E 
*          0    000005bc    00000004     
                  000005bc    00000004     app_ble_pem3.oem3 (.const:ti_sysbios_rom_ROM_ti_sysbios_family_arm_cc26xx_TimestampProvider_get32__E)

.const:ti_sysbios_rom_ROM_xdc_runtime_Startup_getState__I 
*          0    000005c0    00000004     
                  000005c0    00000004     app_ble_pem3.oem3 (.const:ti_sysbios_rom_ROM_xdc_runtime_Startup_getState__I)

.const:ti_sysbios_rom_ROM_xdc_runtime_System_SupportProxy_abort__E 
*          0    000005c4    00000004     
                  000005c4    00000004     app_ble_pem3.oem3 (.const:ti_sysbios_rom_ROM_xdc_runtime_System_SupportProxy_abort__E)

.const:ti_sysbios_rom_ROM_xdc_runtime_System_SupportProxy_exit__E 
*          0    000005c8    00000004     
                  000005c8    00000004     app_ble_pem3.oem3 (.const:ti_sysbios_rom_ROM_xdc_runtime_System_SupportProxy_exit__E)

.const:ti_sysbios_gates_GateMutex_Instance_State_sem__O 
*          0    000005cc    00000004     
                  000005cc    00000004     app_ble_pem3.oem3 (.const:ti_sysbios_gates_GateMutex_Instance_State_sem__O)

.const:ti_sysbios_knl_Clock_Module_State_clockQ__O 
*          0    000005d0    00000004     
                  000005d0    00000004     app_ble_pem3.oem3 (.const:ti_sysbios_knl_Clock_Module_State_clockQ__O)

.const:ti_sysbios_knl_Mailbox_Instance_State_dataQue__O 
*          0    000005d4    00000004     
                  000005d4    00000004     app_ble_pem3.oem3 (.const:ti_sysbios_knl_Mailbox_Instance_State_dataQue__O)

.const:ti_sysbios_knl_Mailbox_Instance_State_dataSem__O 
*          0    000005d8    00000004     
                  000005d8    00000004     app_ble_pem3.oem3 (.const:ti_sysbios_knl_Mailbox_Instance_State_dataSem__O)

.const:ti_sysbios_knl_Mailbox_Instance_State_freeQue__O 
*          0    000005dc    00000004     
                  000005dc    00000004     app_ble_pem3.oem3 (.const:ti_sysbios_knl_Mailbox_Instance_State_freeQue__O)

.const:ti_sysbios_knl_Mailbox_Instance_State_freeSem__O 
*          0    000005e0    00000004     
                  000005e0    00000004     app_ble_pem3.oem3 (.const:ti_sysbios_knl_Mailbox_Instance_State_freeSem__O)

.const:ti_sysbios_knl_Semaphore_Instance_State_pendQ__O 
*          0    000005e4    00000004     
                  000005e4    00000004     app_ble_pem3.oem3 (.const:ti_sysbios_knl_Semaphore_Instance_State_pendQ__O)

.const:ti_sysbios_knl_Task_Module_State_inactiveQ__O 
*          0    000005e8    00000004     
                  000005e8    00000004     app_ble_pem3.oem3 (.const:ti_sysbios_knl_Task_Module_State_inactiveQ__O)

.text.4    0    000005ec    000080dc     
                  000005ec    00000800     evrs_tx_main.obj (.text:ETX_taskFxn$26)
                  00000dec    000005cc     peripheral.obj (.text:gapRole_taskFxn$19)
                  000013b8    00000450     driverlib.lib : setup.obj (.text:TrimAfterColdResetWakeupFromShutDown$46)
                  00001808    0000033c     rom_sysbios.aem3 : rom_sysbios.obj (.text:xdc_runtime_System_doPrint__I)
                  00001b44    00000280     RFCC26XX_singleMode.obj (.text:fsmActiveState$5)
                  00001dc4    00000250     peripheral.obj (.text:GAPRole_SetParameter)
                  00002014    00000228     drivers_cc26xxware.aem3 : PowerCC26XX.oem3 (.text:Power_sleep)
                  0000223c    00000208     driverlib.lib : sys_ctrl.obj (.text:NOROM_SysCtrlSetRechargeBeforePowerDown)
                  00002444    000001f4     rtsv7M3_T_le_eabi.lib : ull_div_t2.obj (.text)
                  00002638    000001e8     evrs_tx_main.obj (.text:ETX_processStateChangeEvt$26)
                  00002820    000001d0     drivers_cc26xxware.aem3 : PowerCC26XX_calibrateRCOSC.oem3 (.text:calibrateRcoscHf1)
                  000029f0    000001c8     PINCC26XX.obj (.text:PIN_init)
                  00002bb8    000001c0     RFCC26XX_singleMode.obj (.text:fsmSetupState$5)
                  00002d78    000001a8     RFCC26XX_singleMode.obj (.text:RF_postCmd)
                  00002f20    00000198     UARTCC26XX.obj (.text:UARTCC26XX_open)
                  000030b8    00000184     drivers_cc26xxware.aem3 : PowerCC26XX_calibrateRCOSC.oem3 (.text:PowerCC26XX_doCalibrate)
                  0000323c    0000017c     RFCC26XX_singleMode.obj (.text:abortCmd$5)
                  000033b8    00000148     driverlib.lib : setup.obj (.text:NOROM_SetupTrimDevice)
                  00003500    0000012c     main.obj (.text:AssertHandler)
                  0000362c    00000120     peripheral.obj (.text:GAPRole_GetParameter)
                  0000374c    0000011c     drivers_cc26xxware.aem3 : PowerCC26XX.oem3 (.text:Power_init)
                  00003868    00000118     UARTCC26XX.obj (.text:UARTCC26XX_read)
                  00003980    0000010c     RFCC26XX_singleMode.obj (.text:hwiFxnCpe0Active$5)
                  00003a8c    0000010a     UARTCC26XX.obj (.text:UARTCC26XX_hwiIntFxn)
                  00003b96    00000106     icall.obj (.text:ICall_primWaitMatch$12)
                  00003c9c    000000fc     UARTCC26XX.obj (.text:UARTCC26XX_write)
                  00003d98    000000f8     RFCC26XX_singleMode.obj (.text:fsmPowerUpState$5)
                  00003e90    000000f8     RFCC26XX_singleMode.obj (.text:radioOpDoneCb$5)
                  00003f88    000000f8     app_ble_pem3.oem3 (.text:xdc_runtime_System_printfExtend__I)
                  00004080    000000ec     main.obj (.text:main)
                  0000416c    000000ec     RFCC26XX_singleMode.obj (.text:rf_init$5)
                  00004258    000000dc     PINCC26XX.obj (.text:PINCC26XX_setIoCfg$4)
                  00004334    000000d4     power_cc26xx_tirtos.aem3 : PowerCC26XX_tirtos.oem3 (.text:PowerCC26XX_standbyPolicy)
                  00004408    000000d4     drivers_cc26xxware.aem3 : PowerCC26XX.oem3 (.text:Power_releaseDependency)
                  000044dc    000000d0                             : PowerCC26XX.oem3 (.text:Power_setDependency)
                  000045ac    000000d0     RFCC26XX_singleMode.obj (.text:RF_open)
                  0000467c    000000cc     RFCC26XX_singleMode.obj (.text:fsmPowerDownState$5)
                  00004748    000000b0     devinfoservice.obj (.text:devInfo_ReadAttrCB$16)
                  000047f8    000000a8     UARTCC26XX.obj (.text:writeTxFifoFlush$10)
                  000048a0    000000a0     etx_board_led.obj (.text:Board_ledControl)
                  00004940    000000a0     TRNGCC26XX.obj (.text:TRNGCC26XX_getNumber)
                  000049e0    000000a0     auto_init.aem3 : auto_init.oem3 (.text)
                  00004a80    0000009e     rom_sysbios.aem3 : rom_sysbios.obj (.text:xdc_runtime_Text_putSite__E)
                  00004b1e    0000009c     rtsv7M3_T_le_eabi.lib : memcpy_t2.obj (.text)
                  00004bba    00000002     DisplayUart.obj (.text:DisplayUart_clear)
                  00004bbc    00000098     PINCC26XX.obj (.text:PIN_open)
                  00004c54    00000098     UARTCC26XX.obj (.text:UARTCC26XX_initIO$10)
                  00004cec    00000098     rom_sysbios.aem3 : rom_sysbios.obj (.text:ti_sysbios_knl_Clock_workFuncDynamic__E)
                  00004d84    00000094     icall.obj (.text:ICall_primSetTimer$12)
                  00004e18    00000094     UARTCC26XX.obj (.text:writeFinishedDoCallback$10)
                  00004eac    00000094     rom_sysbios.aem3 : rom_sysbios.obj (.text:xdc_runtime_Text_putMod__E)
                  00004f40    00000090     drivers_cc26xxware.aem3 : PowerCC26XX.oem3 (.text:switchXOSCHFclockFunc)
                  00004fd0    0000008c     UARTCC26XX.obj (.text:UARTCC26XX_writeCancel)
                  0000505c    00000088     driverlib.lib : osc.obj (.text:NOROM_OSCHF_GetStartupTime)
                  000050e4    00000084     icall.obj (.text:ICall_heapMalloc)
                  00005168    00000080     peripheral.obj (.text:gapRole_startConnUpdate$19)
                  000051e8    0000007c     DisplayUart.obj (.text:DisplayUart_open)
                  00005264    0000007c     RFCC26XX_singleMode.obj (.text:RF_pendCmd)
                  000052e0    0000007c     drivers_cc26xxware.aem3 : PowerCC26XX.oem3 (.text:disableLFClockQualifiers)
                  0000535c    0000007c     RFCC26XX_singleMode.obj (.text:swiFxnHw$5)
                  000053d8    0000007a     rtsv7M3_T_le_eabi.lib : memset_t2.obj (.text)
                  00005452    00000002     DisplayUart.obj (.text:DisplayUart_clearLines)
                  00005454    00000078     evrs_tx_main.obj (.text:ETX_enqueueMsg$26)
                  000054cc    00000074     etx_board_key.obj (.text:Board_keyCallback$23)
                  00005540    00000074     icall_cc2650.obj (.text:ICallPlatform_pwrUpdActivityCounter)
                  000055b4    00000074     icall.obj (.text:ICall_primSend$12)
                  00005628    00000074     drivers_cc26xxware.aem3 : PowerCC26XX_calibrateRCOSC.oem3 (.text:PowerCC26XX_auxISR)
                  0000569c    00000074     UARTCC26XX.obj (.text:UARTCC26XX_close)
                  00005710    00000074     drivers_cc26xxware.aem3 : PowerCC26XX_calibrateRCOSC.oem3 (.text:calibrateRcoscHf2)
                  00005784    00000074     rom_sysbios.aem3 : rom_sysbios.obj (.text:ti_sysbios_family_arm_cc26xx_Timer_start__E)
                  000057f8    0000006d                      : rom_sysbios.obj (.text:xdc_runtime_System_formatNum__I)
                  00005865    00000001     --HOLE-- [fill = 0]
                  00005866    00000002     RFCC26XX_singleMode.obj (.text:defaultErrCb$5)
                  00005868    0000006c     icall.obj (.text:ICall_createRemoteTasks)
                  000058d4    0000006c     drivers_cc26xxware.aem3 : PowerCC26XX.oem3 (.text:PowerCC26XX_calibrate)
                  00005940    00000068     evrs_gatt_profile.obj (.text:EVRSProfile_WriteAttrCB$25)
                  000059a8    00000068     driverlib.lib : sys_ctrl.obj (.text:NOROM_SysCtrl_DCDC_VoltageConditionalControl)
                  00005a10    00000068     UARTCC26XX.obj (.text:UARTCC26XX_readCancel)
                  00005a78    00000068     RFCC26XX_singleMode.obj (.text:decActiveClientCnt$5)
                  00005ae0    00000068     rtsv7M3_T_le_eabi.lib : copy_decompress_lzss.obj (.text:decompress:lzss)
                  00005b48    00000060     evrs_tx_main.obj (.text:ETX_freeAttRsp$26)
                  00005ba8    00000060     icall.obj (.text:ICall_primEnroll$12)
                  00005c08    00000060     drivers_cc26xxware.aem3 : PowerCC26XX_calibrateRCOSC.oem3 (.text:PowerCC26XX_RCOSC_clockFunc)
                  00005c68    00000060     UARTCC26XX.obj (.text:UARTCC26XX_control)
                  00005cc8    00000060     drivers_cc26xxware.aem3 : PowerCC26XX_calibrateRCOSC.oem3 (.text:updateSubSecInc)
                  00005d28    0000005e     DisplayUart.obj (.text:DisplayUart_put5)
                  00005d86    00000002     drivers_cc26xxware.aem3 : PowerCC26XX.oem3 (.text:emptyClockFunc)
                  00005d88    0000005c     icall.obj (.text:ICall_primThreadServes$12)
                  00005de4    0000005c     driverlib.lib : osc.obj (.text:NOROM_OSCHF_AttemptToSwitchToXosc)
                  00005e40    0000005c                   : sys_ctrl.obj (.text:NOROM_SysCtrlAdjustRechargeAfterPowerDown)
                  00005e9c    0000005c     RFCC26XX_singleMode.obj (.text:fsmXOSCState$5)
                  00005ef8    0000005c     app_ble_pem3.oem3 (.text:xdc_runtime_Startup_getState__I)
                  00005f54    0000005b     rom_sysbios.aem3 : rom_sysbios.obj (.text:xdc_runtime_Text_putLab__E)
                  00005faf    00000001     --HOLE-- [fill = 0]
                  00005fb0    00000058     drivers_cc26xxware.aem3 : PowerCC26XX_calibrateRCOSC.oem3 (.text:PowerCC26XX_initiateCalibration)
                  00006008    00000058     RFCC26XX_singleMode.obj (.text:RF_getCurrentTime)
                  00006060    00000054     icall.obj (.text:ICall_primFetchMsg$12)
                  000060b4    00000054     drivers_cc26xxware.aem3 : PowerCC26XX.oem3 (.text:configureXOSCHF)
                  00006108    00000054     RFCC26XX_singleMode.obj (.text:hwiFxnHw$5)
                  0000615c    00000054     RFCC26XX_singleMode.obj (.text:ratChanFree$5)
                  000061b0    00000054     rtsv7M3_T_le_eabi.lib : exit.obj (.text)
                  00006204    00000052     icall.obj (.text:ICall_primWait$12)
                  00006256    00000002     rtsv7M3_T_le_eabi.lib : i_div0.obj (.text)
                  00006258    00000050     etx_board_led.obj (.text:Board_ledFlashTimeoutCB$24)
                  000062a8    00000050     icall_api.obj (.text:GAP_UpdateAdvertisingData)
                  000062f8    00000050     icall.obj (.text:ICall_primRegisterApp$12)
                  00006348    00000050     PINCC26XX.obj (.text:PIN_remove)
                  00006398    00000050     RFCC26XX_singleMode.obj (.text:RF_getInfo)
                  000063e8    00000050     util.obj (.text:Util_convertBdAddr2Str)
                  00006438    00000050     UARTCC26XX.obj (.text:startTxFifoEmptyClk$10)
                  00006488    0000004c     icall.obj (.text:ICall_newTask$12)
                  000064d4    0000004c     icall.obj (.text:ICall_primGetEntityId$12)
                  00006520    0000004c     driverlib.lib : osc.obj (.text:NOROM_OSCClockSourceSet)
                  0000656c    0000004c     rtsv7M3_T_le_eabi.lib : cpy_tbl.obj (.text)
                  000065b8    0000004c     RFCC26XX_singleMode.obj (.text:syncCb$5)
                  00006604    00000048     peripheral.obj (.text:GAPRole_TerminateConnection)
                  0000664c    00000048     driverlib.lib : chipinfo.obj (.text:NOROM_ChipInfo_GetChipFamily)
                  00006694    00000048                   : ddi.obj (.text:NOROM_DDI16BitfieldWrite)
                  000066dc    00000048     util.obj (.text:Util_constructClock)
                  00006724    00000048     drivers_cc26xxware.aem3 : PowerCC26XX.oem3 (.text:notify)
                  0000676c    00000046                             : RingBuf.oem3 (.text:RingBuf_put)
                  000067b2    00000044     evrs_gatt_profile.obj (.text:EVRSProfile_ReadAttrCB$25)
                  000067f6    00000002     rom_sysbios.aem3 : rom_sysbios.obj (.text:ti_sysbios_BIOS_linkedWithIncorrectBootLibrary__E)
                  000067f8    00000044     PINCC26XX.obj (.text:PIN_swi$4)
                  0000683c    00000044     boot.aem3 : boot.oem3 (.text)
                  00006880    00000044     icall_api.obj (.text:gapSendParamAndPtrCmd$15)
                  000068c4    00000044     rom_sysbios.aem3 : rom_sysbios.obj (.text:xdc_runtime_Text_xprintf__I)
                  00006908    00000042     icall.obj (.text:ICall_primCreateTask$12)
                  0000694a    00000002     app_ble_pem3.oem3 (.text:ti_sysbios_BIOS_nullFunc__I)
                  0000694c    00000040     Display.obj (.text:Display_doOpen)
                  0000698c    00000040     peripheral.obj (.text:GAPRole_createTask)
                  000069cc    00000040     driverlib.lib : ddi.obj (.text:NOROM_DDI16BitfieldRead)
                  00006a0c    00000040     RFCC26XX_singleMode.obj (.text:RF_getRssi)
                  00006a4c    00000040     drivers_cc26xxware.aem3 : RingBuf.oem3 (.text:RingBuf_get)
                  00006a8c    00000040     rtsv7M3_T_le_eabi.lib : u_divt2.obj (.text)
                  00006acc    0000003e     icall_api.obj (.text:hciSendParamsCmd$15)
                  00006b0a    00000002     rom_sysbios.aem3 : rom_sysbios.obj (.text:ti_sysbios_knl_Clock_triggerFunc__I)
                  00006b0c    0000003c     evrs_tx_main.obj (.text:ETX_createTask)
                  00006b48    0000003c     icall_api.obj (.text:GAP_GetParamValue)
                  00006b84    0000003c     icall_api.obj (.text:GATTServApp_RegisterService)
                  00006bc0    0000003c     icall_cc2650.obj (.text:ICallPlatform_pwrConfigACAction)
                  00006bfc    0000003c     icall.obj (.text:ICall_primFetchServiceMsg$12)
                  00006c38    0000003c     driverlib.lib : osc.obj (.text:NOROM_OSC_HPOSCRelativeFrequencyOffsetGet)
                  00006c74    0000003c     RFCC26XX_singleMode.obj (.text:dispatchOpWhen$5)
                  00006cb0    0000003c     RFCC26XX_singleMode.obj (.text:postDirImmCmd$5)
                  00006cec    0000003c     icall_api.obj (.text:profileSetParameter$15)
                  00006d28    0000003c     UARTCC26XX.obj (.text:readData$10)
                  00006d64    0000003c     icall_api.obj (.text:sendWaitMatchCS$15)
                  00006da0    0000003c     icall_api.obj (.text:sendWaitMatchValueCS$15)
                  00006ddc    00000038     icall.obj (.text:ICall_primGetMaxMSecs$12)
                  00006e14    00000038     UARTCC26XX.obj (.text:UARTCC26XX_swiIntFxn)
                  00006e4c    00000038     util.obj (.text:Util_restartClock)
                  00006e84    00000038     icall_api.obj (.text:osal_snv_read)
                  00006ebc    00000038     icall_api.obj (.text:osal_snv_write)
                  00006ef4    00000038     rom_sysbios.aem3 : rom_sysbios.obj (.text:ti_sysbios_family_arm_cc26xx_Timer_getCurrentTick__E)
                  00006f2c    00000038     UARTCC26XX.obj (.text:writeData$10)
                  00006f64    00000036     icall_api.obj (.text:waitMatchCS$15)
                  00006f9a    00000002     app_ble_pem3.oem3 (.text:ti_sysbios_rom_cortexm_cc26xx_CC26xx_badRomRevision__E)
                  00006f9c    00000034     icall_api.obj (.text:GAPBondMgr_SetParameter)
                  00006fd0    00000034     icall_api.obj (.text:GAP_SetParamValue)
                  00007004    00000034     icall.obj (.text:ICall_primEntityId2ServiceId$12)
                  00007038    00000034     icall.obj (.text:ICall_primRegisterISR$12)
                  0000706c    00000034     icall.obj (.text:ICall_primRegisterISR_Ext$12)
                  000070a0    00000034     icall.obj (.text:ICall_searchServiceEntity)
                  000070d4    00000034     driverlib.lib : ddi.obj (.text:NOROM_DDI32RegWrite)
                  00007108    00000034                   : osc.obj (.text:NOROM_OSCHF_SwitchToRcOscTurnOffXosc)
                  0000713c    00000034     drivers_cc26xxware.aem3 : PowerCC26XX.oem3 (.text:PowerCC26XX_isStableXOSC_HF)
                  00007170    00000034     RFCC26XX_singleMode.obj (.text:Q_push$5)
                  000071a4    00000034     RFCC26XX_singleMode.obj (.text:RF_runCmd)
                  000071d8    00000034     icall_api.obj (.text:profileAddService$15)
                  0000720c    00000034     UARTCC26XX.obj (.text:readData2RingBuf$10)
                  00007240    00000034     icall_api.obj (.text:registerTask$15)
                  00007274    00000034     rom_sysbios.aem3 : rom_sysbios.obj (.text:ti_sysbios_family_arm_cc26xx_Timer_initDevice__I)
                  000072a8    00000032     icall_api.obj (.text:gapSendParamsCmd$15)
                  000072da    00000032     icall_api.obj (.text:gapSendPtrParamsCmd$15)
                  0000730c    00000032     icall_api.obj (.text:matchGapSetGetParamCS$15)
                  0000733e    00000032     icall_api.obj (.text:matchUtilNvCS$15)
                  00007370    00000032     rom_sysbios.aem3 : rom_sysbios.obj (.text:ti_sysbios_family_arm_cc26xx_Timer_setNextTick__E)
                  000073a2    00000030     icall_cc2650.obj (.text:ICallPlatform_pwrNotify$13)
                  000073d2    00000002     rom_sysbios.aem3 : rom_sysbios.obj (.text:xdc_runtime_SysCallback_defaultAbort)
                  000073d4    00000030     icall_cc2650.obj (.text:ICallPlatform_pwrRegisterNotify)
                  00007404    00000030     icall.obj (.text:ICall_dispatch$12)
                  00007434    00000030     icall.obj (.text:ICall_msecs2Ticks$12)
                  00007464    00000030     icall.obj (.text:ICall_searchTask$12)
                  00007494    00000030     driverlib.lib : setup_rom.obj (.text:NOROM_SetupSetAonRtcSubSecInc)
                  000074c4    00000030                   : trng.obj (.text:NOROM_TRNGConfigure)
                  000074f4    00000030     drivers_cc26xxware.aem3 : PowerCC26XX.oem3 (.text:Power_releaseConstraint)
                  00007524    00000030                             : PowerCC26XX.oem3 (.text:Power_setConstraint)
                  00007554    00000030     app_ble_pem3.oem3 (.text:ti_sysbios_BIOS_atExitFunc__I)
                  00007584    00000030     app_ble_pem3.oem3 (.text:ti_sysbios_BIOS_startFunc__I)
                  000075b4    00000030     rom_sysbios.aem3 : rom_sysbios.obj (.text:ti_sysbios_family_arm_cc26xx_Timer_setThreshold__I)
                  000075e4    0000002f                      : rom_sysbios.obj (.text:xdc_runtime_Text_printVisFxn__I)
                  00007613    00000001     --HOLE-- [fill = 0]
                  00007614    0000002e     icall_cc2650.obj (.text:ICallPlatform_pwrDispenseImpl$13)
                  00007642    0000002e     icall_cc2650.obj (.text:ICallPlatform_pwrRequireImpl$13)
                  00007670    0000002c     icall_api.obj (.text:HCI_EXT_ConnEventNoticeCmd)
                  0000769c    0000002c     icall.obj (.text:ICall_heapFree)
                  000076c8    0000002c     icall.obj (.text:ICall_msgEnqueue$12)
                  000076f4    0000002c     icall.obj (.text:ICall_primAllocMsg$12)
                  00007720    0000002c     icall_api.obj (.text:ICall_sendServiceMsg$15)
                  0000774c    0000002c     PINCC26XX.obj (.text:PIN_setConfig)
                  00007778    0000002c     PINCC26XX.obj (.text:PIN_setOutputValue)
                  000077a4    0000002c     RFCC26XX_singleMode.obj (.text:getCmd$5)
                  000077d0    0000002c     icall_api.obj (.text:hciSendCmd$15)
                  000077fc    0000002c     icall_api.obj (.text:matchProfileAddServiceCS$15)
                  00007828    0000002c     rom_sysbios.aem3 : rom_sysbios.obj (.text:ti_sysbios_knl_Clock_getTicksUntilInterrupt__E)
                  00007854    0000002a     icall_api.obj (.text:ICall_waitMatch$15)
                  0000787e    0000002a     icall_api.obj (.text:matchProfileCS$15)
                  000078a8    0000002a     rom_sysbios.aem3 : rom_sysbios.obj (.text:xdc_runtime_System_putchar__I)
                  000078d2    00000002                      : rom_sysbios.obj (.text:xdc_runtime_SysCallback_defaultExit)
                  000078d4    00000028     driverlib.lib : aon_batmon.obj (.text:NOROM_AONBatMonTemperatureGetDegC)
                  000078fc    00000028                   : rfc.obj (.text:NOROM_RFCDoorbellSendTo)
                  00007924    00000028     drivers_cc26xxware.aem3 : PowerCC26XX.oem3 (.text:PowerCC26XX_switchXOSC_HF)
                  0000794c    00000028                             : PowerCC26XX.oem3 (.text:Power_registerNotify)
                  00007974    00000028     driverlib.lib : adi.obj (.text:SafeHapiVoid)
                  0000799c    00000028     TRNGCC26XX.obj (.text:TRNGCC26XX_init)
                  000079c4    00000028     RFCC26XX_singleMode.obj (.text:clkPowerUpFxn$5)
                  000079ec    00000026     drivers_cc26xxware.aem3 : List.oem3 (.text:List_put)
                  00007a12    00000024     icall_api.obj (.text:ICall_getLocalMsgEntityId$15)
                  00007a36    00000002     rom_sysbios.aem3 : rom_sysbios.obj (.text:xdc_runtime_SysCallback_defaultPutch)
                  00007a38    00000024     PINCC26XX.obj (.text:PINCC26XX_setMux)
                  00007a5c    00000024     drivers_cc26xxware.aem3 : PowerCC26XX_calibrateRCOSC.oem3 (.text:getTdcSemaphore)
                  00007a80    00000024     RFCC26XX_singleMode.obj (.text:hwiFxnCpe0PowerFsm$5)
                  00007aa4    00000024     app_ble_pem3.oem3 (.text:ti_sysbios_BIOS_registerRTSLock__I)
                  00007ac8    00000024     app_ble_pem3.oem3 (.text:ti_sysbios_BIOS_removeRTSLock__I)
                  00007aec    00000024     rom_sysbios.aem3 : rom_sysbios.obj (.text:ti_sysbios_family_arm_cc26xx_Timer_getMaxTicks__E)
                  00007b10    00000022     Display.obj (.text:Display_doPut5)
                  00007b32    00000020     icall_api.obj (.text:ICall_allocMsg$15)
                  00007b52    00000020     icall_api.obj (.text:ICall_getEntityId$15)
                  00007b72    00000002     --HOLE-- [fill = 0]
                  00007b74    00000020     icall.obj (.text:ICall_primService$12)
                  00007b94    00000020     drivers_cc26xxware.aem3 : PowerCC26XX.oem3 (.text:Power_unregisterNotify)
                  00007bb4    00000020     app_ble_pem3.oem3 (.text:ti_sysbios_BIOS_rtsLock__I)
                  00007bd4    00000020     rom_sysbios.aem3 : rom_sysbios.obj (.text:ti_sysbios_family_arm_cc26xx_Timer_dynamicStub__E)
                  00007bf4    00000020                      : rom_sysbios.obj (.text:ti_sysbios_knl_Clock_stop__E)
                  00007c14    00000020                      : rom_sysbios.obj (.text:xdc_runtime_Registry_findById__E)
                  00007c34    0000001e     icall.obj (.text:ICall_primSendServiceMsg$12)
                  00007c52    0000001e     PINCC26XX.obj (.text:PIN_close)
                  00007c70    0000001e     drivers_cc26xxware.aem3 : PowerCC26XX.oem3 (.text:Power_getTransitionLatency)
                  00007c8e    0000001e     icall_api.obj (.text:matchHciCS$15)
                  00007cac    0000001c     evrs_gatt_profile.obj (.text:EVRSProfile_SetParameter)
                  00007cc8    0000001c     driverlib.lib : osc.obj (.text:NOROM_OSCClockSourceGet)
                  00007ce4    0000001c     PINCC26XX.obj (.text:PINCC26XX_setIoCfgMux$4)
                  00007d00    0000001c     PINCC26XX.obj (.text:PIN_hwi$4)
                  00007d1c    0000001c     RFCC26XX_singleMode.obj (.text:RF_runDirectCmd)
                  00007d38    0000001c     RFCC26XX_singleMode.obj (.text:RF_runImmediateCmd)
                  00007d54    0000001c     TRNGCC26XX.obj (.text:TRNGCC26XX_open)
                  00007d70    0000001c     icall_api.obj (.text:getStatusValueFromErrNo$15)
                  00007d8c    0000001c     TRNGCC26XX.obj (.text:openTRNG)
                  00007da8    0000001a     icall.obj (.text:ICall_enterCSImpl)
                  00007dc2    0000001a     icall.obj (.text:ICall_primSetTimerMSecs$12)
                  00007ddc    0000001a     drivers_cc26xxware.aem3 : List.oem3 (.text:List_remove)
                  00007df6    0000001a     rom_sysbios.aem3 : rom_sysbios_config.obj (.text:xdc_runtime_System_snprintf__E)
                  00007e10    00000018     DisplayUart.obj (.text:DisplayUart_close)
                  00007e28    00000018     icall_api.obj (.text:GATT_bm_free)
                  00007e40    00000018     icall_cc2650.obj (.text:ICallPlatform_pwrDispense)
                  00007e58    00000018     icall_cc2650.obj (.text:ICallPlatform_pwrRequire)
                  00007e70    00000018     util.obj (.text:ICall_free$0)
                  00007e88    00000018     icall_api.obj (.text:ICall_freeMsg$15)
                  00007ea0    00000018     evrs_tx_main.obj (.text:ICall_freeMsg$26)
                  00007eb8    00000018     icall.obj (.text:ICall_primMalloc$12)
                  00007ed0    00000018     driverlib.lib : aon_rtc.obj (.text:NOROM_AONRTCCurrentCompareValueGet)
                  00007ee8    00000018                   : chipinfo.obj (.text:NOROM_ChipInfo_GetPackageType)
                  00007f00    00000018                   : osc.obj (.text:NOROM_OSCHF_TurnOnXosc)
                  00007f18    00000018                   : rfc.obj (.text:NOROM_RFCCpeIntGetAndClear)
                  00007f30    00000018     drivers_cc26xxware.aem3 : PowerCC26XX.oem3 (.text:Power_idleFunc)
                  00007f48    00000018     RFCC26XX_singleMode.obj (.text:Q_pop$5)
                  00007f60    00000018     UARTCC26XX.obj (.text:UARTCC26XX_init)
                  00007f78    00000018     drivers_cc26xxware.aem3 : PowerCC26XX.oem3 (.text:configureRFCoreClocks)
                  00007f90    00000018     peripheral.obj (.text:gapRole_setEvent$19)
                  00007fa8    00000018     rtsv7M3_T_le_eabi.lib : args_main.obj (.text)
                  00007fc0    00000018                           : ll_mul_t2.obj (.text)
                  00007fd8    00000018     RFCC26XX_singleMode.obj (.text:swiFxnFsm$5)
                  00007ff0    00000018     app_ble_pem3.oem3 (.text:ti_sysbios_BIOS_rtsUnlock__I)
                  00008008    00000018     rom_sysbios.aem3 : rom_sysbios.obj (.text:ti_sysbios_knl_Swi_or__E)
                  00008020    00000018     app_ble_pem3.oem3 (.text:ti_sysbios_rom_cortexm_cc26xx_CC26xx_checkRevision__E)
                  00008038    00000016     icall.obj (.text:ICall_leaveCSImpl)
                  0000804e    00000016     icall.obj (.text:ICall_primStopTimer$12)
                  00008064    00000016     ble_user_config.obj (.text:driverTable_fnSpinlock)
                  0000807a    00000016     app_ble_pem3.oem3 (.text:ti_sysbios_BIOS_exitFunc__I)
                  00008090    00000014     etx_board_display.obj (.text:Board_Display_Print)
                  000080a4    00000014     etx_board_key.obj (.text:Board_keyChangeHandler$23)
                  000080b8    00000014     evrs_gatt_profile.obj (.text:EVRSProfile_GetParameter)
                  000080cc    00000014     driverlib.lib : aon_rtc.obj (.text:NOROM_AONRTCCurrent64BitValueGet)
                  000080e0    00000014     PINCC26XX.obj (.text:PINCC26XX_getInputValue$4)
                  000080f4    00000014     PINCC26XX.obj (.text:PINCC26XX_getOutputValue$4)
                  00008108    00000014     rtsv7M3_T_le_eabi.lib : _lock.obj (.text)
                  0000811c    00000014                           : strlen.obj (.text)
                  00008130    00000014     icall_api.obj (.text:setICallCmdEvtHdr$15)
                  00008144    00000014     app_ble_pem3.oem3 (.text:ti_sysbios_knl_Clock_doTick__I)
                  00008158    00000012     RFCC26XX_singleMode.obj (.text:RF_getCmdOp)
                  0000816a    00000012     drivers_cc26xxware.aem3 : RingBuf.oem3 (.text:RingBuf_construct)
                  0000817c    00000012     app_ble_pem3.oem3 (.text:xdc_runtime_Startup_exec__I)
                  0000818e    00000002     --HOLE-- [fill = 0]
                  00008190    00000010     icall_api.obj (.text:GAP_EndDiscoverable)
                  000081a0    00000010     icall_cc2650.obj (.text:ICallPlatform_pwrGetXOSCStartupTime)
                  000081b0    00000010     icall.obj (.text:ICall_primGetTickPeriod$12)
                  000081c0    00000010     icall.obj (.text:ICall_taskEntry$12)
                  000081d0    00000010     util.obj (.text:Util_isActive)
                  000081e0    00000010     rom_sysbios.aem3 : rom_sysbios.obj (.text:ti_sysbios_family_arm_m3_Hwi_post__E)
                  000081f0    00000010     UARTCC26XX.obj (.text:uartPostNotify$10)
                  00008200    00000010     rom_sysbios.aem3 : rom_sysbios.obj (.text:xdc_runtime_SysCallback_putch__E)
                  00008210    00000010                      : rom_sysbios.obj (.text:xdc_runtime_SysCallback_ready__E)
                  00008220    00000010                      : rom_sysbios.obj (.text:xdc_runtime_System_vsnprintf__E)
                  00008230    0000000e     icall_cc2650.obj (.text:ICallPlatform_pwrGetTransitionState)
                  0000823e    0000000e     icall_cc2650.obj (.text:ICallPlatform_pwrIsStableXOSCHF)
                  0000824c    0000000e     icall.obj (.text:ICall_primDisableMInt$12)
                  0000825a    0000000e     icall.obj (.text:ICall_primEnableMInt$12)
                  00008268    0000000e     icall.obj (.text:ICall_primFreeMsg$12)
                  00008276    0000000e     icall.obj (.text:ICall_primGetTicks$12)
                  00008284    0000000e     driverlib.lib : vims.obj (.text:NOROM_VIMSModeGet)
                  00008292    0000000e     rtsv7M3_T_le_eabi.lib : copy_decompress_none.obj (.text:decompress:none)
                  000082a0    0000000e     icall_api.obj (.text:matchGSARegisterServiceCS$15)
                  000082ae    0000000e     icall_api.obj (.text:matchGapLinkEstCS$15)
                  000082bc    0000000e     icall_api.obj (.text:matchGattSendRspCS$15)
                  000082ca    0000000e     icall_api.obj (.text:matchLinkDBGetInfoCS$15)
                  000082d8    0000000e     icall_api.obj (.text:matchLinkDBNumActiveCS$15)
                  000082e6    0000000e     icall_api.obj (.text:matchLinkDBNumConnsCS$15)
                  000082f4    0000000e     icall_api.obj (.text:setDispatchCmdEvtHdr$15)
                  00008302    0000000e     rom_sysbios.aem3 : rom_sysbios.obj (.text:ti_sysbios_family_arm_cc26xx_TimestampProvider_get32__E)
                  00008310    0000000c     RFCC26XX_singleMode.obj (.text:FsmNextState$5)
                  0000831c    0000000c     icall.obj (.text:ICall_clockFunc$12)
                  00008328    0000000c     icall.obj (.text:ICall_primDisableInt$12)
                  00008334    0000000c     icall.obj (.text:ICall_primEnableInt$12)
                  00008340    0000000c     icall.obj (.text:ICall_primFree$12)
                  0000834c    0000000c     icall.obj (.text:ICall_primSignal$12)
                  00008358    0000000c     driverlib.lib : cpu.obj (.text:NOROM_CPUcpsid)
                  00008364    0000000c                   : cpu.obj (.text:NOROM_CPUcpsie)
                  00008370    0000000c     drivers_cc26xxware.aem3 : PowerCC26XX.oem3 (.text:Power_getConstraintMask)
                  0000837c    0000000c                             : PowerCC26XX.oem3 (.text:Power_getDependencyCount)
                  00008388    0000000c                             : PowerCC26XX.oem3 (.text:Power_getTransitionState)
                  00008394    0000000c     rtsv7M3_T_le_eabi.lib : copy_zero_init.obj (.text:decompress:ZI)
                  000083a0    0000000c     icall_api.obj (.text:matchProfileSetParamCS$15)
                  000083ac    0000000c     rom_sysbios.aem3 : rom_sysbios.obj (.text:ti_sysbios_BIOS_getThreadType__E)
                  000083b8    0000000c                      : rom_sysbios_config.obj (.text:ti_sysbios_hal_Hwi_Params__init__S)
                  000083c4    0000000c                      : rom_sysbios.obj (.text:ti_sysbios_knl_Swi_getTrigger__E)
                  000083d0    0000000c     app_ble_pem3.oem3 (.text:xdc_runtime_Startup_reset__I)
                  000083dc    0000000c     rom_sysbios.aem3 : rom_sysbios.obj (.text:xdc_runtime_Startup_rtsDone__E)
                  000083e8    0000000a     icall_cc2650.obj (.text:ICallPlatform_pwrSwitchXOSCHF)
                  000083f2    0000000a     icall.obj (.text:ICall_primE2S$12)
                  000083fc    0000000a     drivers_cc26xxware.aem3 : List.oem3 (.text:List_empty)
                  00008406    00000008     evrs_tx_main.obj (.text:ETX_charValueChangeCB$26)
                  0000840e    00000008     evrs_tx_main.obj (.text:ETX_keyChangeHandler)
                  00008416    00000008     evrs_tx_main.obj (.text:ETX_stateChangeCB$26)
                  0000841e    00000008     RFCC26XX_singleMode.obj (.text:RF_flushCmd)
                  00008426    00000008     icall_api.obj (.text:matchHciExtConnEventNoticeCS$15)
                  0000842e    00000008     icall_api.obj (.text:matchHciLeReadMaxDataLenCS$15)
                  00008436    00000008     UARTCC26XX.obj (.text:readSemCallback$10)
                  0000843e    00000008     UARTCC26XX.obj (.text:writeSemCallback$10)
                  00008446    00000008     app_ble_pem3.oem3 (.text:xdc_runtime_Text_visitRope__I)
                  0000844e    00000006     DisplayUart.obj (.text:DisplayUart_control)
                  00008454    00000006     DisplayUart.obj (.text:DisplayUart_getType)
                  0000845a    00000006     PINCC26XX.obj (.text:PIN_registerIntCb)
                  00008460    00000006     UARTCC26XX.obj (.text:UARTCC26XX_readPolling)
                  00008466    00000006     UARTCC26XX.obj (.text:UARTCC26XX_writePolling)
                  0000846c    00000006     RFCC26XX_singleMode.obj (.text:clkInactivityFxn$5)
                  00008472    00000006     icall_api.obj (.text:matchBondMgrSetParamCS$15)
                  00008478    00000006     icall_api.obj (.text:matchGGSSetParamCS$15)
                  0000847e    00000006     icall_api.obj (.text:matchGapConnParamUpdateReplyCS$15)
                  00008484    00000006     icall_api.obj (.text:matchGapDeviceInitCS$15)
                  0000848a    00000006     icall_api.obj (.text:matchGapEndDiscoverableCS$15)
                  00008490    00000006     icall_api.obj (.text:matchGapGetParamCS$15)
                  00008496    00000006     icall_api.obj (.text:matchGapMakeDiscoverableCS$15)
                  0000849c    00000006     icall_api.obj (.text:matchGapSetParamCS$15)
                  000084a2    00000006     icall_api.obj (.text:matchGapTerminateAuthCS$15)
                  000084a8    00000006     icall_api.obj (.text:matchGapTerminateLinkReqCS$15)
                  000084ae    00000006     icall_api.obj (.text:matchGapUpdateAdvDataCS$15)
                  000084b4    00000006     icall_api.obj (.text:matchGapUpdateLinkParamReqCS$15)
                  000084ba    00000006     icall_api.obj (.text:matchUtilGetTRNGCS$15)
                  000084c0    00000006     icall_api.obj (.text:matchUtilNvReadCS$15)
                  000084c6    00000006     icall_api.obj (.text:matchUtilNvWriteCS$15)
                  000084cc    00000006     rom_sysbios.aem3 : rom_sysbios.obj (.text:ti_sysbios_family_arm_m3_Hwi_setFunc__E)
                  000084d2    00000004     tirtosport.aem3 : HwiP_tirtos.oem3 (.text:HwiP_disable)
                  000084d6    00000004     drivers_cc26xxware.aem3 : List.oem3 (.text:List_head)
                  000084da    00000004                             : List.oem3 (.text:List_next)
                  000084de    00000004     RFCC26XX_singleMode.obj (.text:Q_peek$5)
                  000084e2    00000004     util.obj (.text:Util_startClock)
                  000084e6    00000004     util.obj (.text:Util_stopClock)
                  000084ea    00000004     drivers_cc26xxware.aem3 : PowerCC26XX.oem3 (.text:nopResourceHandler)
                  000084ee    00000004     rom_sysbios.aem3 : rom_sysbios.obj (.text:ti_sysbios_family_arm_cc26xx_Timer_getCount64__E)
                  000084f2    00000004                      : rom_sysbios.obj (.text:ti_sysbios_knl_Clock_isActive__E)
                  000084f6    00000004                      : rom_sysbios.obj (.text:xdc_runtime_SysCallback_defaultReady)
                  000084fa    00000004                      : rom_sysbios.obj (.text:xdc_runtime_System_snprintf_va__F)
                  000084fe    00000002     --HOLE-- [fill = 0]
                  00008500    00000008     (.tramp.xdc_runtime_Core_assignParams__I.1)
                  00008508    00000008     (.tramp.ti_sysbios_hal_Hwi_enableInterrupt__E.1)
                  00008510    00000008     (.tramp.ti_sysbios_hal_Hwi_disableInterrupt__E.1)
                  00008518    00000008     (.tramp.ti_sysbios_knl_Task_enable__E.1)
                  00008520    00000008     (.tramp.ti_sysbios_family_arm_m3_Hwi_enableFxn__E.1)
                  00008528    00000008     (.tramp.xdc_runtime_Startup_startMods__I.1)
                  00008530    00000008     (.tramp.ti_sysbios_knl_Clock_logTick__E.1)
                  00008538    00000008     (.tramp.ti_sysbios_BIOS_RtsGateProxy_leave__E.1)
                  00008540    00000008     (.tramp.ti_sysbios_BIOS_RtsGateProxy_enter__E.1)
                  00008548    00000008     (.tramp.ti_sysbios_knl_Task_startup__E.1)
                  00008550    00000008     (.tramp.ti_sysbios_knl_Swi_startup__E.1)
                  00008558    00000008     (.tramp.ti_sysbios_hal_Hwi_startup__E.1)
                  00008560    00000008     (.tramp.ti_sysbios_family_arm_cc26xx_Timer_startup__E.1)
                  00008568    00000008     (.tramp.xdc_runtime_System_atexit__E.1)
                  00008570    00000008     (.tramp.ti_sysbios_BIOS_setThreadType__E.1)
                  00008578    00000008     (.tramp.ti_sysbios_hal_Hwi_create.1)
                  00008580    00000008     (.tramp.ti_sysbios_knl_Task_construct.1)
                  00008588    00000008     (.tramp.xdc_runtime_System_exit__E.1)
                  00008590    00000008     (.tramp.ti_sysbios_knl_Semaphore_create.1)
                  00008598    00000008     (.tramp.ti_sysbios_knl_Task_create.1)
                  000085a0    00000008     (.tramp.ti_sysbios_knl_Task_Params__init__S.1)
                  000085a8    00000008     (.tramp.ti_sysbios_knl_Clock_destruct.1)
                  000085b0    00000008     (.tramp.ti_sysbios_knl_Semaphore_destruct.1)
                  000085b8    00000008     (.tramp.ti_sysbios_knl_Swi_destruct.1)
                  000085c0    00000008     (.tramp.ti_sysbios_family_arm_m3_Hwi_destruct.1)
                  000085c8    00000008     (.tramp.ti_sysbios_knl_Queue_put__E.1)
                  000085d0    00000008     (.tramp.ti_sysbios_knl_Clock_create.1)
                  000085d8    00000008     (.tramp.ti_sysbios_knl_Clock_scheduleNextTick__E.1)
                  000085e0    00000008     (.tramp.ti_sysbios_knl_Clock_walkQueueDynamic__E.1)
                  000085e8    00000008     (.tramp.ti_sysbios_knl_Clock_TimerProxy_getCurrentTick__E.1)
                  000085f0    00000008     (.tramp.ti_sysbios_BIOS_start__E.1)
                  000085f8    00000008     (.tramp.ti_sysbios_family_arm_m3_Hwi_enableInterrupt__E.1)
                  00008600    00000008     (.tramp.ti_sysbios_knl_Semaphore_post__E.1)
                  00008608    00000008     (.tramp.ti_sysbios_knl_Clock_getTicks__E.1)
                  00008610    00000008     (.tramp.ti_sysbios_knl_Task_self__E.1)
                  00008618    00000008     (.tramp.ti_sysbios_knl_Swi_post__E.1)
[...]
1001c2c5  ti_sysbios_knl_Mailbox_delete                                             
1001c2c9  ti_sysbios_knl_Mailbox_destruct                                           
1001c2cd  ti_sysbios_knl_Queue_delete                                               
1001c2d1  ti_sysbios_knl_Queue_destruct                                             
1001c2d5  ti_sysbios_knl_Queue_head__E                                              
1001c2d9  ti_sysbios_knl_Queue_next__E                                              
1001c2dd  ti_sysbios_knl_Semaphore_delete                                           
1001c2e1  ti_sysbios_knl_Semaphore_destruct                                         
1001c2e5  ti_sysbios_knl_Swi_delete                                                 
1001c2e9  ti_sysbios_knl_Swi_destruct                                               
1001c2ed  ti_sysbios_knl_Swi_postInit__I                                            
1001c2f1  ti_sysbios_knl_Task_SupportProxy_Module__startupDone__S                   
1001c2f5  ti_sysbios_knl_Task_SupportProxy_getStackAlignment__E                     
1001c2f9  ti_sysbios_knl_Task_SupportProxy_start__E                                 
1001c2fd  ti_sysbios_knl_Task_SupportProxy_swap__E                                  
1001c301  ti_sysbios_knl_Task_delete                                                
1001c305  ti_sysbios_knl_Task_destruct                                              
1001c309  ti_sysbios_knl_Task_startup__E                                            
1001c30d  xdc_runtime_Startup_startMods__I                                          
1001c405  xdc_runtime_Core_createObject__I                                          
1001c487  xdc_runtime_Error_policySpin__E                                           
1001c489  xdc_runtime_Memory_alloc__E                                               
1001c4f9  xdc_runtime_Core_deleteObject__I                                          
1001c559  xdc_runtime_Startup_exec__E                                               
1001c5a9  xdc_runtime_Assert_raise__I                                               
1001c5f1  xdc_runtime_Core_assignParams__I                                          
1001c639  xdc_runtime_Core_constructObject__I                                       
1001c681  xdc_runtime_System_atexit__E                                              
1001c6b9  xdc_runtime_System_processAtExit__E                                       
1001c6ed  xdc_runtime_Core_assignLabel__I                                           
1001c71d  xdc_runtime_Text_cordText__E                                              
1001c749  xdc_runtime_System_abort__E                                               
1001c769  xdc_runtime_Error_raiseX__E                                               
1001c785  xdc_runtime_Memory_valloc__E                                              
1001c7a1  xdc_runtime_Core_destructObject__I                                        
1001c7b9  xdc_runtime_Error_check__E                                                
1001c7d1  xdc_runtime_System_exit__E                                                
1001c7e9  xdc_runtime_Text_ropeText__E                                              
1001c801  xdc_runtime_Memory_free__E                                                
1001c811  xdc_runtime_SysCallback_abort__E                                          
1001c821  xdc_runtime_SysCallback_exit__E                                           
1001c831  xdc_runtime_Timestamp_SupportProxy_get32__E                               
1001c831  xdc_runtime_Timestamp_get32__E                                            
1001c841  xdc_runtime_Error_init__E                                                 
1001c84d  xdc_runtime_Memory_calloc__E                                              
1001c859  xdc_runtime_Memory_getMaxDefaultTypeAlign__E                              
1001c879  xdc_runtime_Gate_leaveSystem__E                                           
1001c87f  xdc_runtime_System_Module_startup__E                                      
1001c885  xdc_runtime_Gate_enterSystem__E                                           
1001c889  xdc_runtime_Memory_HeapProxy_alloc__E                                     
1001c88d  xdc_runtime_Memory_HeapProxy_free__E                                      
1001c891  xdc_runtime_System_Module_GateProxy_enter__E                              
1001c895  xdc_runtime_System_Module_GateProxy_leave__E                              
1001c899  xdc_runtime_System_abortSpin__E                                           
1001c89b  xdc_runtime_System_exitSpin__E                                            
1001c89d  ti_sysbios_family_arm_m3_Hwi_dispatch__I                                  
1001c96d  ti_sysbios_family_arm_m3_TaskSupport_buildTaskStack                       
1001c9b9  ti_sysbios_family_arm_m3_Hwi_initStacks__E                                
1001ca01  ti_sysbios_family_arm_m3_Hwi_excHandlerAsm__I                             
1001ca21  ti_sysbios_family_xxx_Hwi_switchAndRunFunc                                
1001ca3f  ti_sysbios_family_arm_m3_Hwi_pendSV__I                                    
1001ca57  ti_sysbios_family_arm_m3_Hwi_return                                       
1001ca59  ti_sysbios_family_arm_m3_TaskSupport_glue                                 
1001ca69  ti_sysbios_family_arm_m3_TaskSupport_swap__E                              
1001ca71  ti_sysbios_knl_Task_swapReturn                                            
1001ca9b  ti_sysbios_rom_cortexm_cc26xx_CC26xx_getRevision__E                       
20000000  ti_sysbios_family_arm_m3_Hwi_ramVectors                                   
20000100  ti_sysbios_knl_Task_Module__state__V                                      
20000144  ti_sysbios_family_arm_m3_Hwi_Module__state__V                             
20000178  ti_sysbios_knl_Clock_Module__state__V                                     
200001a4  ti_sysbios_BIOS_Module__state__V                                          
200001c8  ti_sysbios_knl_Swi_Module__state__V                                       
200001e4  ti_sysbios_family_arm_cc26xx_Timer_Module__state__V                       
200001ec  ti_sysbios_family_arm_cc26xx_TimestampProvider_Module__state__V           
200001f0  xdc_runtime_Startup_Module__state__V                                      
200001f8  xdc_runtime_System_Module__state__V                                       
20000200  xdc_runtime_Memory_Module__state__V                                       
20000258  sbpTask                                                                   
200002a8  sbpTaskStack                                                              
200006a8  linkDBNumConns                                                            
200007bc  gapRoleTask                                                               
2000080c  gapRoleTaskStack                                                          
20000f3c  PowerCC26XX_module                                                        
2000104c  ICall_dispatcher                                                          
20001054  ICall_enterCriticalSection                                                
20001058  ICall_leaveCriticalSection                                                
20001070  HEAPMGR_SIZE                                                              
200010e8  ledPinTable                                                               
2000114c  appKeyChangeHandler                                                       
20001150  hKeyPins                                                                  
20001154  keyPins                                                                   
20001184  keyPinsCfg                                                                
200011a8  rfRegTbl                                                                  
20001200  ti_sysbios_knl_Task_Object__table__V                                      
20001250  ti_sysbios_family_arm_cc26xx_Timer_Object__table__V                       
20001298  ti_sysbios_gates_GateMutex_Object__table__V                               
200012d0  ti_sysbios_knl_Swi_Module_State_0_readyQ__A                               
20001300  ti_sysbios_knl_Swi_Object__table__V                                       
20001330  ti_sysbios_knl_Task_Module_State_0_readyQ__A                              
20001360  user0Cfg                                                                  
20001390  ti_sysbios_knl_Clock_Object__table__V                                     
200013b0  ti_sysbios_family_arm_m3_Hwi_Object__table__V                             
200013c8  ti_sysbios_heaps_HeapMem_Object__table__V                                 
200013e0  __TI_cleanup_ptr                                                          
200013e4  __TI_dtors_ptr                                                            
200013e8  __TI_enable_exit_profile_output                                           
200013ec  lastAppOpcodeSent                                                         
200013f0  pfnBMAlloc                                                                
200013f4  pfnBMFree                                                                 
20001418  _lock                                                                     
2000141c  _unlock                                                                   
20001428  ti_sysbios_family_arm_m3_Hwi_Module__root__V                              
20001430  ti_sysbios_gates_GateHwi_Module__root__V                                  
20001438  ti_sysbios_gates_GateMutex_Module__root__V                                
20001440  ti_sysbios_hal_Hwi_Module__root__V                                        
20001448  ti_sysbios_heaps_HeapMem_Module__root__V                                  
20001450  ti_sysbios_knl_Clock_Module__root__V                                      
20001458  ti_sysbios_knl_Mailbox_Module__root__V                                    
20001460  ti_sysbios_knl_Queue_Module__root__V                                      
20001468  ti_sysbios_knl_Semaphore_Module__root__V                                  
20001470  ti_sysbios_knl_Swi_Module__root__V                                        
20001478  ti_sysbios_knl_Task_Module__root__V                                       
20001480  xdc_runtime_Registry_Module__state__V                                     
20001488  appAssertCback                                                            
2000148c  dispHandle                                                                
20001490  main_func_sp                                                              
20001494  ti_sysbios_family_arm_m3_Hwi_Module_State_0_excContext__A                 
20001498  ti_sysbios_family_arm_m3_Hwi_Module_State_0_excStack__A                   
2000149c  ti_sysbios_knl_Task_Module_State_0_idleTask__A                            
200014a0  ti_sysbios_family_arm_m3_Hwi_Module_State_0_excActive__A                  
200014a8  ti_sysbios_heaps_HeapMem_Instance_State_0_buf__A                          
20001b28  ti_sysbios_knl_Task_Instance_State_0_stack__A                             
20001d28  uartCC26XXObjects                                                         
20001e54  PIN_NumPins                                                               
20001ee8  PIN_HandleTable                                                           
20001f64  ti_sysbios_family_arm_m3_Hwi_dispatchTable                                
200020ac  displayUartObject                                                         
20002100  trngCC26XXObjects                                                         
20002106  driverlib_release_0_47020                                                 
20002107  heapStart                                                                 
20003f20  __stack                                                                   
20003f20  heapEnd                                                                   
20004320  __STACK_END                                                               
20004320  __STACK_TOP                                                               
20004f2c  A4_rw                                                                     
20004f2c  COMMON_RAM_BASE_ADDR                                                      
20004f40  P2_rw                                                                     
20004f40  P2_s0                                                                     
20004f40  eccRom_windowSize                                                         
20004f44  eccRom_workzone                                                           
20004f48  eccRom_param_p                                                            
20004f4c  eccRom_param_r                                                            
20004f50  eccRom_param_a                                                            
20004f54  inScalar                                                                  
20004f58  inPointX                                                                  
20004f5c  inPointY                                                                  
20004f60  outPointX                                                                 
20004f64  outPointY                                                                 
20004f68  SCAL                                                                      
20004f6c  EXPX                                                                      
20004f70  EXPY                                                                      
20004f74  EXPZ                                                                      
20004f78  EXPW                                                                      
20004f7c  ACCX                                                                      
20004f80  ACCY                                                                      
20004f84  ACCZ                                                                      
20004f88  TMP1                                                                      
20004f8c  TMP2                                                                      
20004f90  TMP3                                                                      
20004f94  TMP4                                                                      
20004f98  TMP5                                                                      
20004f9c  TMP6                                                                      
20004fa0  eccRom_param_Gx                                                           
20004fa4  eccRom_param_Gy                                                           
20004fa8  eccRom_param_b                                                            
20004fac  P2_zi                                                                     
20004fac  ratChanInfo                                                               
20004fcc  fwInfoCmd                                                                 
20004fd8  MSBMOD                                                                    
20004fdc  aux64                                                                     
20004fe4  MOD                                                                       
20004fe8  LEN                                                                       
20004ffc  pSspAesEncrypt_Sw                                                         
e000e000  ti_sysbios_family_arm_m3_Hwi_nvic                                         
ffffffff  __TI_pprof_out_hndl                                                       
ffffffff  __TI_prof_data_size                                                       
ffffffff  __TI_prof_data_start                                                      
ffffffff  __binit__                                                                 
ffffffff  __c_args__                                                                
ffffffff  binit                                                                     
UNDEFED   HwiP_restore                                                              
UNDEFED   SHT$$INIT_ARRAY$$Base                                                     
UNDEFED   SHT$$INIT_ARRAY$$Limit                                                    
UNDEFED   ti_sysbios_BIOS_RtsGateProxy_Handle__label__S__mangled__                  
UNDEFED   ti_sysbios_BIOS_RtsGateProxy_Object__delete__S__mangled__                 
UNDEFED   ti_sysbios_BIOS_RtsGateProxy_Params__init__S__mangled__                   
UNDEFED   ti_sysbios_BIOS_RtsGateProxy_query__E__mangled__                          
UNDEFED   ti_sysbios_hal_Hwi_HwiProxy_Module__startupDone__S__mangled__             
UNDEFED   ti_sysbios_hal_Hwi_HwiProxy_Object__delete__S__mangled__                  
UNDEFED   ti_sysbios_hal_Hwi_HwiProxy_Params__init__S__mangled__                    
UNDEFED   ti_sysbios_hal_Hwi_HwiProxy_disableInterrupt__E__mangled__                
UNDEFED   ti_sysbios_hal_Hwi_HwiProxy_enableInterrupt__E__mangled__                 
UNDEFED   ti_sysbios_hal_Hwi_HwiProxy_getStackInfo__E__mangled__                    
UNDEFED   ti_sysbios_hal_Hwi_HwiProxy_startup__E__mangled__                         
UNDEFED   ti_sysbios_hal_Hwi_HwiProxy_switchFromBootStack__E__mangled__             
UNDEFED   ti_sysbios_hal_Hwi_disableInterrupt__E                                    
UNDEFED   ti_sysbios_hal_Hwi_enableInterrupt__E                                     
UNDEFED   ti_sysbios_hal_Hwi_getStackInfo__E                                        
UNDEFED   ti_sysbios_hal_Hwi_startup__E                                             
UNDEFED   ti_sysbios_hal_Hwi_switchFromBootStack__E                                 
UNDEFED   ti_sysbios_heaps_HeapMem_Module_GateProxy_Handle__label__S__mangled__     
UNDEFED   ti_sysbios_heaps_HeapMem_Module_GateProxy_Object__delete__S__mangled__    
UNDEFED   ti_sysbios_heaps_HeapMem_Module_GateProxy_Params__init__S__mangled__      
UNDEFED   ti_sysbios_heaps_HeapMem_Module_GateProxy_query__E__mangled__             
UNDEFED   ti_sysbios_knl_Clock_TimerProxy_Module__startupDone__S__mangled__         
UNDEFED   ti_sysbios_knl_Clock_TimerProxy_startup__E__mangled__                     
UNDEFED   ti_sysbios_knl_Task_SupportProxy_Module__startupDone__S__mangled__        
UNDEFED   ti_sysbios_knl_Task_SupportProxy_getStackAlignment__E__mangled__          
UNDEFED   ti_sysbios_knl_Task_SupportProxy_start__E__mangled__                      
UNDEFED   ti_sysbios_knl_Task_SupportProxy_swap__E__mangled__                       
UNDEFED   xdc_runtime_Main_Module_GateProxy_Handle__label__S                        
UNDEFED   xdc_runtime_Main_Module_GateProxy_Object__delete__S                       
UNDEFED   xdc_runtime_Main_Module_GateProxy_query__E                                
UNDEFED   xdc_runtime_Memory_HeapProxy_Handle__label__S__mangled__                  
UNDEFED   xdc_runtime_Memory_HeapProxy_Object__delete__S__mangled__                 
UNDEFED   xdc_runtime_System_Module_GateProxy_Handle__label__S__mangled__           
UNDEFED   xdc_runtime_System_Module_GateProxy_Object__delete__S__mangled__          
UNDEFED   xdc_runtime_System_Module_GateProxy_query__E__mangled__                   
UNDEFED   xdc_runtime_System_SupportProxy_abort__E                                  
UNDEFED   xdc_runtime_System_SupportProxy_exit__E                                   
UNDEFED   xdc_runtime_Timestamp_SupportProxy_get64__E__mangled__                    
UNDEFED   xdc_runtime_Timestamp_SupportProxy_getFreq__E__mangled__                  
UNDEFED   xdc_runtime_Timestamp_get32__E                                            
UNDEFED   xdc_runtime_Timestamp_get64__E                                            
UNDEFED   xdc_runtime_Timestamp_getFreq__E                                          

[1054 symbols]
